******************************************************************************
                  MSP430 Linker PC v3.2.1                      
******************************************************************************
>> Linked Thu Jul 14 13:41:39 2011

OUTPUT FILE NAME:   <obj/boldr016u768_rev1/rocket_partial.out>
ENTRY POINT SYMBOL: "_c_int00"  address: 0000b208


MEMORY CONFIGURATION

         name            origin    length      used     unused   attr    fill
----------------------  --------  ---------  --------  --------  ----  --------
  PERIPHERALS           00000000   00001000  00000000  00001000  RWIX
  BSL                   00001000   00000800  00000000  00000800  RWIX
  INFO                  00001800   00000200  00000004  000001fc  RWIX
  RAM_PRESERVED         00001c00   00000200  00000108  000000f8  RW  
  RAM                   00001e00   00000dc0  0000046a  00000956  RW  
  RAMVECTORS            00002bc0   00000040  00000026  0000001a  RW  
  BOOT_FLASH            00008000   00007800  00003640  000041c0  RWIX
  LOADER_FLASH          0000f800   000007c0  00000000  000007c0  RWIX
  LOADER_VECTORS        0000ffc0   0000003e  00000000  0000003e  R   
  LOADER_RESET          0000fffe   00000002  00000000  00000002  RWIX


SECTION ALLOCATION MAP

 output                                  attributes/
section   page    origin      length       input sections
--------  ----  ----------  ----------   ----------------
.info_sec 
*          0    00001800    00000004     UNINITIALIZED
                  00001800    00000004     metrics.o (.loader_msg)

.preserved 
*          0    00001c00    00000108     UNINITIALIZED
                  00001c00    00000106     eventlog.o (.preserved)
                  00001d06    00000002     rocket_misc.o (.preserved)

.bss       0    00001e00    000003ea     UNINITIALIZED
                  00001e00    0000010c     eventlog.o (.bss)
                  00001f0c    000000c2     timer_mux.o (.bss)
                  00001fce    00000088     rocket_api.o (.bss)
                  00002056    00000050     rocket_updater.o (.bss)
                  000020a6    00000046     msgque.o (.bss)
                  000020ec    00000046     rocket_i2c.o (.bss)
                  00002132    00000042     rocket_pmic_intctrl.o (.bss)
                  00002174    00000026     rocket_intvector.o (.bss)
                  0000219a    00000022     rocket_gpio.o (.bss)
                  000021bc    00000012     rocket_adc_hw.o (.bss)
                  000021ce    0000000a     hostctrl_common.o (.bss)
                  000021d8    00000004     rocket_timer.o (.bss)
                  000021dc    00000004     rts430.lib : _lock.obj (.bss)
                  000021e0    00000004                : boot.obj (.bss)
                  000021e4    00000002     hostctrl_tavormg.o (.bss)
                  000021e6    00000002     rocket_misc.o (.bss)
                  000021e8    00000002     rocket_slowclock.o (.bss)

.stack     0    00002b40    00000080     UNINITIALIZED
                  00002b40    00000002     rts430.lib : boot.obj (.stack)
                  00002b42    0000007e     --HOLE--

.ramvectors 
*          0    00002bda    00000026     UNINITIALIZED
                  00002bda    00000026     rocket_intvector.o (.ramvectors)

.text_boot 
*          0    00008000    000033c8     
                  00008000    00000010     metrics.o (.boot_info)
                  00008010    00000098     init.o (.text:main)
                  000080a8    00000016     init.o (.text:_system_pre_init)
                  000080be    0000000c     init.o (.text:SwitchToXtal)
                  000080ca    000000f0     rocket_gpio.o (.text:GpioInit)
                  000081ba    000000c4     rocket_gpio.o (.text:PadConfig)
                  0000827e    000000ba     rocket_gpio.o (.text:ConfigureI2cPortMapping)
                  00008338    00000088     rocket_gpio.o (.text:PadSupercapMode)
                  000083c0    0000002e     rocket_gpio.o (.text:PadRead)
                  000083ee    00000026     rocket_gpio.o (.text:PadRegisterIntHandler)
                  00008414    00000024     rocket_gpio.o (.text:Port1IntHandler)
                  00008438    00000024     rocket_gpio.o (.text:Port2IntHandler)
                  0000845c    00000018     rocket_gpio.o (.text:getPadBase)
                  00008474    00000002     rocket_gpio.o (.text:GpioInterruptFailure)
                  00008476    000000b2     rocket_misc.o (.text:UserNMIFaultIsr)
                  00008528    000000a8     rocket_misc.o (.text:WdtInit)
                  000085d0    0000009c     rocket_misc.o (.text:UpdateResetStat)
                  0000866c    0000003a     rocket_misc.o (.text:ConfigureRstNmi)
                  000086a6    0000002c     rocket_misc.o (.text:RimInitiateReset)
                  000086d2    00000024     rocket_misc.o (.text:WdtHit)
                  000086f6    00000020     rocket_misc.o (.text:WdtIsr)
                  00008716    0000001e     rocket_misc.o (.text:SysNMIFaultIsr)
                  00008734    00000016     rocket_misc.o (.text:WdtStartTimer)
                  0000874a    0000002e     rocket_timer.o (.text:SetHWTimer)
                  00008778    0000002a     rocket_timer.o (.text:GetHWTimerCountDword)
                  000087a2    00000024     rocket_timer.o (.text:TimerHWInit)
                  000087c6    0000001c     rocket_timer.o (.text:TimerA1Handler)
                  000087e2    00000014     rocket_timer.o (.text:StopHWTimer)
                  000087f6    00000014     rocket_timer.o (.text:TimerA0Handler)
                  0000880a    0000000c     rocket_timer.o (.text:GetHWTimerCountWord)
                  00008816    0000000c     rocket_timer.o (.text:TimerHWHalt)
                  00008822    0000000a     rocket_timer.o (.text:RegisterHWTimerExpiry)
                  0000882c    00000156     rocket_api.o (.text:RocketRegRead)
                  00008982    000000d6     rocket_api.o (.text:RocketRegWrite)
                  00008a58    00000060     rocket_api.o (.text:ApiInit)
                  00008ab8    00000030     rocket_api.o (.text:ApiAutoIncrementOverried)
                  00008ae8    0000002a     rocket_api.o (.text:ApiRegRead)
                  00008b12    00000028     rocket_api.o (.text:ApiRegisterHandlers)
                  00008b3a    00000024     rocket_api.o (.text:ApiInterruptHost)
                  00008b5e    00000024     rocket_api.o (.text:ApiRegWrite)
                  00008b82    00000024     rocket_api.o (.text:RocketPmicStopReceived)
                  00008ba6    00000024     rocket_api.o (.text:RocketRegStopReceived)
                  00008bca    0000001e     rocket_api.o (.text:ApiStartReceived)
                  00008be8    0000001e     rocket_api.o (.text:ApiStopReceived)
                  00008c06    0000001a     rocket_api.o (.text:UpdateInterruptHost)
                  00008c20    00000018     rocket_api.o (.text:RocketPmicWrite)
                  00008c38    00000016     rocket_api.o (.text:ApiClearInterruptHost)
                  00008c4e    00000016     rocket_api.o (.text:RocketPmicRead)
                  00008c64    0000012c     timer_mux.o (.text:unSetTimer)
                  00008d90    000000ea     timer_mux.o (.text:SetTimer)
                  00008e7a    00000096     timer_mux.o (.text:expireMuxTimers)
                  00008f10    00000080     timer_mux.o (.text:StopTimer)
                  00008f90    0000002c     timer_mux.o (.text:TimerInit)
                  00008fbc    0000001a     timer_mux.o (.text:RegisterTimerExpiry)
                  00008fd6    00000018     timer_mux.o (.text:setEarliest)
                  00008fee    00000002     timer_mux.o (.text:TimerCallbackFailure)
                  00008ff0    00000474     rocket_i2c.o (.text:i2cIsrHandler)
                  00009464    0000009c     rocket_i2c.o (.text:I2cWrite)
                  00009500    00000096     rocket_i2c.o (.text:usciInitI2c)
                  00009596    00000088     rocket_i2c.o (.text:UsciForceClockStretch)
                  0000961e    0000007c     rocket_i2c.o (.text:i2cDoStart)
                  0000969a    00000032     rocket_i2c.o (.text:I2cInit)
                  000096cc    0000002e     rocket_i2c.o (.text:I2cInitInternalBus)
                  000096fa    00000012     rocket_i2c.o (.text:I2cUninit)
                  0000970c    00000010     rocket_i2c.o (.text:InternalUsciReset)
                  0000971c    0000000e     rocket_i2c.o (.text:usciB0RxTxIsr)
                  0000972a    0000000e     rocket_i2c.o (.text:usciB1RxTxIsr)
                  00009738    0000000e     rocket_i2c.o (.text:usciB2RxTxIsr)
                  00009746    00000008     rocket_i2c.o (.text:i2cMasterSpeedBoost)
                  0000974e    00000006     rocket_i2c.o (.const:i2cBusMapping)
                  00009754    00000068     rocket_slowclock.o (.text:SetVCoreLevel)
                  000097bc    0000005a     rocket_slowclock.o (.text:ConfigureFll)
                  00009816    00000042     rocket_slowclock.o (.text:PreEnterDeepSleep)
                  00009858    00000030     rocket_slowclock.o (.text:ConfigureXt1External)
                  00009888    00000026     rocket_slowclock.o (.text:SCSleep)
                  000098ae    0000000a     rocket_slowclock.o (.text:VCoreLevel)
                  000098b8    00000076     eventlog.o (.text:EventLogAdd)
                  0000992e    0000004e     eventlog.o (.text:EventLogInit)
                  0000997c    0000002a     eventlog.o (.text:EventLogCapture)
                  000099a6    00000028     eventlog.o (.text:EventLogAddN)
                  000099ce    00000026     eventlog.o (.text:SavedEventLogRead)
                  000099f4    00000022     eventlog.o (.text:SavedEventLogRewind)
                  00009a16    0000000e     eventlog.o (.text:SavedEventLogExists)
                  00009a24    00000080     msgque.o (.text:QueueCallInt)
                  00009aa4    00000052     msgque.o (.text:ExecuteCall)
                  00009af6    0000000e     msgque.o (.text:CallQueueInit)
                  00009b04    00000006     msgque.o (.text:GetQueueCount)
                  00009b0a    00000064     rocket_spi.o (.text:SpiInit)
                  00009b6e    0000005a     rocket_spi.o (.text:PmicRead)
                  00009bc8    0000004a     rocket_spi.o (.text:PmicWrite)
                  00009c12    00000008     rocket_spi.o (.text:UsciA0RxTxIsr)
                  00009c1a    00000008     rocket_spi.o (.text:UsciA1RxTxIsr)
                  00009c22    00000008     rocket_spi.o (.text:UsciA2RxTxIsr)
                  00009c2a    00000002     rocket_spi.o (.const:spiBusMapping)
                  00009c2c    0000005a     rocket_intvector.o (.text:RegisterIntHandler)
                  00009c86    0000001e     rocket_intvector.o (.text:unregisteredHandler)
                  00009ca4    0000001a     rocket_intvector.o (.text:InterruptControllerInit)
                  00009cbe    00000012     rocket_intvector.o (.text:RegisterIntHandlerReal)
                  00009cd0    0000007e     rocket_adc_hw.o (.text:AdcConvertHw)
                  00009d4e    0000007a     rocket_adc_hw.o (.text:AdcInitHw)
                  00009dc8    00000060     rocket_adc_hw.o (.text:AdcRawCb)
                  00009e28    00000036     rocket_adc_hw.o (.text:AdcCompleteIsrHw)
                  00009e5e    00000030     rocket_adc_hw.o (.text:AdcRawRegRead)
                  00009e8e    0000002a     rocket_adc_hw.o (.text:AdcRawConvert)
                  00009eb8    0000001a     rocket_adc_hw.o (.text:AdcRawConvertVsys)
                  00009ed2    00000016     rocket_adc_hw.o (.text:AdcRawRegWrite)
                  00009ee8    00000014     rocket_adc_hw.o (.text:AdcRawStopReceived)
                  00009efc    0000000c     rocket_adc_hw.o (.text:AdcHalt)
                  00009f08    000002ae     rocket_updater.o (.text:ProcessUpdateCommand)
                  0000a1b6    00000062     rocket_updater.o (.text:UpdaterRegWrite)
                  0000a218    00000056     rocket_updater.o (.text:CodeUpdateStateInit)
                  0000a26e    00000054     rocket_updater.o (.text:IsImageValid)
                  0000a2c2    0000002a     rocket_updater.o (.text:UpdaterStopReceived)
                  0000a2ec    0000001c     rocket_updater.o (.text:UpdaterRegRead)
                  0000a308    00000014     rocket_updater.o (.text:UpdaterStartReceived)
                  0000a31c    0000014a     hostctrl_common.o (.text:SupplySequenceRunInternal)
                  0000a466    000000e2     hostctrl_common.o (.text:HostCtrlPmicRegisterReset)
                  0000a548    000000a6     hostctrl_common.o (.text:HostCtrlInitiateReset)
                  0000a5ee    00000086     hostctrl_common.o (.text:HostCtrlGpioReset)
                  0000a674    00000042     hostctrl_common.o (.text:HostCtrlDisableSupplies)
                  0000a6b6    00000036     hostctrl_common.o (.const:SSEQ)
                  0000a6ec    00000030     hostctrl_common.o (.text:HostCtrlInit)
                  0000a71c    00000015     hostctrl_common.o (.const:SLR_DFLT)
                  0000a731    00000001     --HOLE-- [fill = 0]
                  0000a732    00000012     hostctrl_common.o (.text:HostCtrlPowerLost)
                  0000a744    00000008     hostctrl_common.o (.text:SupplySequenceRun)
                  0000a74c    00000006     hostctrl_common.o (.text:HostCtrlGetResetFlags)
                  0000a752    00000006     hostctrl_common.o (.text:HostCtrlGetResetReason)
                  0000a758    00000001     hostctrl_common.o (.const)
                  0000a759    00000001     --HOLE-- [fill = 0]
                  0000a75a    00000262     hostctrl_tavormg.o (.text:HostCtrlTimerExpiry)
                  0000a9bc    000000a8     hostctrl_tavormg.o (.text:PmicFaultHandler)
                  0000aa64    00000044     hostctrl_tavormg.o (.text:SysEnIsr)
                  0000aaa8    0000003e     hostctrl_tavormg.o (.text:HostCtrlGpioResetProc)
                  0000aae6    00000022     hostctrl_tavormg.o (.text:ExternalPwrApplied)
                  0000ab08    00000022     hostctrl_tavormg.o (.text:HostCtrlInitProc)
                  0000ab2a    00000016     hostctrl_tavormg.o (.text:HostCtrlPrepResetProc)
                  0000ab40    0000000c     hostctrl_tavormg.o (.text:HostCtrlTimerHandler)
                  0000ab4c    00000006     hostctrl_tavormg.o (.text:HostCtrlUpdateState)
                  0000ab52    000000b8     msp430_flash.o (.text:FlashWriteBuffer)
                  0000ac0a    00000062     msp430_flash.o (.text:FlashWrite)
                  0000ac6c    00000036     msp430_flash.o (.text:FlashEraseSegment)
                  0000aca2    00000126     rocket_pmic_intctrl.o (.text:PmicInterruptHandlerReal)
                  0000adc8    000000b0     rocket_pmic_intctrl.o (.text:PmicIntCtrlInit)
                  0000ae78    0000009c     rocket_pmic_intctrl.o (.const:PmicInterruptMaskMap)
                  0000af14    00000070     rocket_pmic_intctrl.o (.text:IntIsEnabled)
                  0000af84    0000006a     rocket_pmic_intctrl.o (.text:PmicIntctrlRegRead)
                  0000afee    00000030     rocket_pmic_intctrl.o (.text:PmicRegisterIntHandler)
                  0000b01e    0000002e     rocket_pmic_intctrl.o (.text:PmicInterruptEnable)
                  0000b04c    00000028     rocket_pmic_intctrl.o (.text:PmicIntCtrlHostUninit)
                  0000b074    00000028     rocket_pmic_intctrl.o (.text:PmicInterruptDisable)
                  0000b09c    0000001a     rocket_pmic_intctrl.o (.text:PmicUpdateIntMaskRegisters)
                  0000b0b6    00000018     rocket_pmic_intctrl.o (.text:PmicIntctrlRegWrite)
                  0000b0ce    00000018     rocket_pmic_intctrl.o (.text:PmicUpdateIntMaskRegisterReal)
                  0000b0e6    00000016     rocket_crc.o (.text:GenerateCrc16)
                  0000b0fc    0000006e     rts430.lib : lsr32.obj (.text)
                  0000b16a    00000046                : autoinit.obj (.text:_auto_init)
                  0000b1b0    0000002c                : asr16.obj (.text)
                  0000b1dc    0000002c                : lsl16.obj (.text)
                  0000b208    00000026                : boot.obj (.text:_c_int00_noexit)
                  0000b22e    00000014                : memset.obj (.text:memset)
                  0000b242    00000014                : mult16.obj (.text)
                  0000b256    00000012                : memcpy.obj (.text:memcpy)
                  0000b268    00000010                : epilog.obj (.text)
                  0000b278    00000004                : exit.obj (.text:abort)
                  0000b27c    00000002                : boot.obj (.reset)
                  0000b27e    00000002                : _lock.obj (.text:_nop)
                  0000b280    000000b4     msp430_inout.o (.text)
                  0000b334    00000034     pmic_max8649.o (.text:Max8649Init)
                  0000b368    00000022     pmic_max8649.o (.text:Max8649Write)
                  0000b38a    0000003e     metrics.o (.const)

.cinit     0    0000b3c8    00000078     
                  0000b3c8    0000001e     rocket_updater.o (.cinit)
                  0000b3e6    00000012     hostctrl_common.o (.cinit)
                  0000b3f8    0000000c     rocket_adc_hw.o (.cinit)
                  0000b404    0000000c     rocket_timer.o (.cinit)
                  0000b410    0000000b     rocket_misc.o (.cinit)
                  0000b41b    00000001     --HOLE-- [fill = 0]
                  0000b41c    00000006     rocket_gpio.o (.cinit)
                  0000b422    00000006     rocket_i2c.o (.cinit)
                  0000b428    00000006     rocket_slowclock.o (.cinit)
                  0000b42e    00000006     timer_mux.o (.cinit)
                  0000b434    00000005     rocket_pmic_intctrl.o (.cinit)
                  0000b439    00000003     --HOLE-- [fill = 0]
                  0000b43c    00000004     (.pad.cinit) [fill = 0]

.text_app 
*          0    0000f600    00000200     
                  0000f600    00000010     metrics.o (.app_info)
                  0000f610    00000004     app_stubs.o (.text:IsKeyVolumeResetEnabled)
                  0000f614    00000004     app_stubs.o (.text:UtcIsDisabled)
                  0000f618    00000002     app_stubs.o (.text:AdcInit)
                  0000f61a    00000002     app_stubs.o (.text:AdcUninit)
                  0000f61c    00000002     app_stubs.o (.text:AppEntrypoint)
                  0000f61e    00000002     app_stubs.o (.text:AppExitpoint)
                  0000f620    00000002     app_stubs.o (.text:KeyVolumeResetEnable)
                  0000f622    00000002     app_stubs.o (.text:UtcBackup)
                  0000f624    00000002     app_stubs.o (.text:UtcDisable)
                  0000f626    00000002     app_stubs.o (.text:UtcGetTime)
                  0000f628    00000002     app_stubs.o (.text:UtcInit)
                  0000f62a    00000002     app_stubs.o (.text:UtcSetTime)
                  0000f62c    000001d4     --HOLE-- [fill = 0]

.loader_sec 
*          0    0000f800    00000000     UNINITIALIZED


GLOBAL SYMBOLS: SORTED ALPHABETICALLY BY Name 

address    name
--------   ----
00001e00   .bss
00009e28   AdcCompleteIsrHw
00009cd0   AdcConvertHw
00009efc   AdcHalt
0000f618   AdcInit
00009d4e   AdcInitHw
00009eb8   AdcRawConvertVsys
00009e5e   AdcRawRegRead
00009ed2   AdcRawRegWrite
00009ee8   AdcRawStopReceived
0000f61a   AdcUninit
000021e8   AllowDeepSleep
00008ab8   ApiAutoIncrementOverried
00008c38   ApiClearInterruptHost
00008a58   ApiInit
00008b3a   ApiInterruptHost
00008ae8   ApiRegRead
00008b5e   ApiRegWrite
00008b12   ApiRegisterHandlers
00008bca   ApiStartReceived
00008be8   ApiStopReceived
000020a4   AppCallsAllowed
0000f61c   AppEntrypoint
0000f61e   AppExitpoint
0000f600   AppImageInfo
00008000   BootImageInfo
00001800   BootloaderMsg
0000b278   C$$EXIT
00009af6   CallQueueInit
00002058   Cmd
00002056   CmdIndex
0000a218   CodeUpdateStateInit
000097bc   ConfigureFll
0000827e   ConfigureI2cPortMapping
0000866c   ConfigureRstNmi
00009858   ConfigureXt1External
000021bc   ConvCompleteCallback
00001c00   CurrentEventLog
000098b8   EventLogAdd
000099a6   EventLogAddN
0000997c   EventLogCapture
0000992e   EventLogInit
00009aa4   ExecuteCall
0000ac6c   FlashEraseSegment
0000ac0a   FlashWrite
0000ab52   FlashWriteBuffer
0000b0e6   GenerateCrc16
00008778   GetHWTimerCountDword
0000880a   GetHWTimerCountWord
00009b04   GetQueueCount
000080ca   GpioInit
0000a674   HostCtrlDisableSupplies
0000a74c   HostCtrlGetResetFlags
0000a752   HostCtrlGetResetReason
0000a5ee   HostCtrlGpioReset
0000aaa8   HostCtrlGpioResetProc
0000a6ec   HostCtrlInit
0000ab08   HostCtrlInitProc
0000a548   HostCtrlInitiateReset
0000a466   HostCtrlPmicRegisterReset
0000a732   HostCtrlPowerLost
0000ab2a   HostCtrlPrepResetProc
0000a75a   HostCtrlTimerExpiry
0000ab40   HostCtrlTimerHandler
0000ab4c   HostCtrlUpdateState
0000969a   I2cInit
000096cc   I2cInitInternalBus
000096fa   I2cUninit
00009464   I2cWrite
0000b1b0   I_ASR
0000b1d8   I_ASR_1
0000b1c6   I_ASR_10
0000b1c4   I_ASR_11
0000b1c2   I_ASR_12
0000b1c0   I_ASR_13
0000b1be   I_ASR_14
0000b1bc   I_ASR_15
0000b1d6   I_ASR_2
0000b1d4   I_ASR_3
0000b1d2   I_ASR_4
0000b1d0   I_ASR_5
0000b1ce   I_ASR_6
0000b1cc   I_ASR_7
0000b1ca   I_ASR_8
0000b1c8   I_ASR_9
0000b1dc   I_LSL
0000b204   I_LSL_1
0000b1f2   I_LSL_10
0000b1f0   I_LSL_11
0000b1ee   I_LSL_12
0000b1ec   I_LSL_13
0000b1ea   I_LSL_14
0000b1e8   I_LSL_15
0000b202   I_LSL_2
0000b200   I_LSL_3
0000b1fe   I_LSL_4
0000b1fc   I_LSL_5
0000b1fa   I_LSL_6
0000b1f8   I_LSL_7
0000b1f6   I_LSL_8
0000b1f4   I_LSL_9
00002172   IntctrlUpdateStat
0000970c   InternalUsciReset
00009ca4   InterruptControllerInit
00002bda   InterruptHandler
00002174   InterruptHandlerActual
0000a26e   IsImageValid
0000f610   IsKeyVolumeResetEnabled
0000b280   IsrVect0
0000b286   IsrVect1
0000b2c8   IsrVect10
0000b2d0   IsrVect11
0000b2d8   IsrVect12
0000b2e0   IsrVect13
0000b2e8   IsrVect14
0000b2f0   IsrVect15
0000b2f8   IsrVect16
0000b300   IsrVect17
0000b308   IsrVect18
0000b28c   IsrVect2
0000b298   IsrVect3
0000b292   IsrVect4
0000b2a0   IsrVect5
0000b2a8   IsrVect6
0000b2b0   IsrVect7
0000b2b8   IsrVect8
0000b2c0   IsrVect9
0000f620   KeyVolumeResetEnable
0000b0fc   L_LSR
0000b162   L_LSR_1
0000b12c   L_LSR_10
0000b126   L_LSR_11
0000b120   L_LSR_12
0000b11a   L_LSR_13
0000b114   L_LSR_14
0000b10e   L_LSR_15
0000b15c   L_LSR_2
0000b156   L_LSR_3
0000b150   L_LSR_4
0000b14a   L_LSR_5
0000b144   L_LSR_6
0000b13e   L_LSR_7
0000b138   L_LSR_8
0000b132   L_LSR_9
0000b334   Max8649Init
0000b368   Max8649Write
000021c0   MuxEnabled
000081ba   PadConfig
000083c0   PadRead
000083ee   PadRegisterIntHandler
00008338   PadSupercapMode
0000b04c   PmicIntCtrlHostUninit
0000adc8   PmicIntCtrlInit
0000af84   PmicIntctrlRegRead
0000b0b6   PmicIntctrlRegWrite
0000b074   PmicInterruptDisable
0000b01e   PmicInterruptEnable
00009b6e   PmicRead
0000afee   PmicRegisterIntHandler
0000b09c   PmicUpdateIntMaskRegisters
00009bc8   PmicWrite
00008414   Port1IntHandler
00008438   Port2IntHandler
00009816   PreEnterDeepSleep
00009a24   QueueCallInt
00008822   RegisterHWTimerExpiry
00009c2c   RegisterIntHandler
00009cbe   RegisterIntHandlerReal
00008fbc   RegisterTimerExpiry
00001d06   ResetCookie
000021e7   ResetExtra
000021e6   ResetStat
000086a6   RimInitiateReset
0000b38a   RocketMetrics
00008c4e   RocketPmicRead
00008b82   RocketPmicStopReceived
00008c20   RocketPmicWrite
0000882c   RocketRegRead
00008ba6   RocketRegStopReceived
00008982   RocketRegWrite
00009888   SCSleep
000021be   SampleResult
00001e00   SavedEventLog
00001f06   SavedEventLogByteIndex
00009a16   SavedEventLogExists
000099ce   SavedEventLogRead
00001f0a   SavedEventLogReadCount
000099f4   SavedEventLogRewind
00001f08   SavedEventLogSize
0000874a   SetHWTimer
00008d90   SetTimer
00009754   SetVCoreLevel
00009b0a   SpiInit
000087e2   StopHWTimer
00008f10   StopTimer
0000a744   SupplySequenceRun
000080be   SwitchToXtal
0000aa64   SysEnIsr
00002044   SysFlags0
00008716   SysNMIFaultIsr
000087f6   TimerA0Handler
000087c6   TimerA1Handler
00008816   TimerHWHalt
000087a2   TimerHWInit
00008f90   TimerInit
0000209c   UpdateBytesWritten
000020a2   UpdateCmdPending
0000209e   UpdatePermission
000085d0   UpdateResetStat
000020a0   UpdateResponse
0000209a   UpdateSize
0000a2ec   UpdaterRegRead
0000a1b6   UpdaterRegWrite
0000a308   UpdaterStartReceived
0000a2c2   UpdaterStopReceived
00009c12   UsciA0RxTxIsr
00009c1a   UsciA1RxTxIsr
00009c22   UsciA2RxTxIsr
00009596   UsciForceClockStretch
00008476   UserNMIFaultIsr
0000f622   UtcBackup
0000f624   UtcDisable
0000f626   UtcGetTime
0000f628   UtcInit
0000f614   UtcIsDisabled
0000f62a   UtcSetTime
000098ae   VCoreLevel
0000b2a0   Vect5Base
000086d2   WdtHit
00008528   WdtInit
000086f6   WdtIsr
00008734   WdtStartTimer
00002bc0   __STACK_END
00000080   __STACK_SIZE
00000001   __TI_args_main
00000001   __TI_auto_init
00000001   __TI_exit
ffffffff   __binit__
00001e00   __bss__
ffffffff   __c_args__
0000b3c8   __cinit__
000021ea   __end__
0000b242   __mpyi
ffffffff   __pinit__
0000b16a   _auto_init
0000b208   _c_int00
0000b208   _c_int00_noexit
000021e0   _cleanup_ptr
000021e2   _dtors_ptr
0000f800   _end_of_app_image
0000b440   _end_of_boot_image
0000f800   _end_of_boot_sec
000021dc   _lock
0000b27e   _nop
0000b27c   _reset_vector
00002b40   _stack
0000f600   _start_of_app_image
00008000   _start_of_boot_image
00008000   _start_of_boot_sec
000080a8   _system_pre_init
000021de   _unlock
0000b278   abort
ffffffff   binit
0000b3c8   cinit
000021ea   end
0000b274   func_epilog_1
0000b272   func_epilog_2
0000b270   func_epilog_3
0000b26e   func_epilog_4
0000b26c   func_epilog_5
0000b26a   func_epilog_6
0000b268   func_epilog_7
0000845c   getPadBase
0000974e   i2cBusMapping
00008010   main
0000b256   memcpy
0000b22e   memset
ffffffff   pinit
00001fce   rReg
00009c2a   spiBusMapping


GLOBAL SYMBOLS: SORTED BY Symbol Address 

address    name
--------   ----
00000001   __TI_args_main
00000001   __TI_auto_init
00000001   __TI_exit
00000080   __STACK_SIZE
00001800   BootloaderMsg
00001c00   CurrentEventLog
00001d06   ResetCookie
00001e00   .bss
00001e00   SavedEventLog
00001e00   __bss__
00001f06   SavedEventLogByteIndex
00001f08   SavedEventLogSize
00001f0a   SavedEventLogReadCount
00001fce   rReg
00002044   SysFlags0
00002056   CmdIndex
00002058   Cmd
0000209a   UpdateSize
0000209c   UpdateBytesWritten
0000209e   UpdatePermission
000020a0   UpdateResponse
000020a2   UpdateCmdPending
000020a4   AppCallsAllowed
00002172   IntctrlUpdateStat
00002174   InterruptHandlerActual
000021bc   ConvCompleteCallback
000021be   SampleResult
000021c0   MuxEnabled
000021dc   _lock
000021de   _unlock
000021e0   _cleanup_ptr
000021e2   _dtors_ptr
000021e6   ResetStat
000021e7   ResetExtra
000021e8   AllowDeepSleep
000021ea   __end__
000021ea   end
00002b40   _stack
00002bc0   __STACK_END
00002bda   InterruptHandler
00008000   BootImageInfo
00008000   _start_of_boot_image
00008000   _start_of_boot_sec
00008010   main
000080a8   _system_pre_init
000080be   SwitchToXtal
000080ca   GpioInit
000081ba   PadConfig
0000827e   ConfigureI2cPortMapping
00008338   PadSupercapMode
000083c0   PadRead
000083ee   PadRegisterIntHandler
00008414   Port1IntHandler
00008438   Port2IntHandler
0000845c   getPadBase
00008476   UserNMIFaultIsr
00008528   WdtInit
000085d0   UpdateResetStat
0000866c   ConfigureRstNmi
000086a6   RimInitiateReset
000086d2   WdtHit
000086f6   WdtIsr
00008716   SysNMIFaultIsr
00008734   WdtStartTimer
0000874a   SetHWTimer
00008778   GetHWTimerCountDword
000087a2   TimerHWInit
000087c6   TimerA1Handler
000087e2   StopHWTimer
000087f6   TimerA0Handler
0000880a   GetHWTimerCountWord
00008816   TimerHWHalt
00008822   RegisterHWTimerExpiry
0000882c   RocketRegRead
00008982   RocketRegWrite
00008a58   ApiInit
00008ab8   ApiAutoIncrementOverried
00008ae8   ApiRegRead
00008b12   ApiRegisterHandlers
00008b3a   ApiInterruptHost
00008b5e   ApiRegWrite
00008b82   RocketPmicStopReceived
00008ba6   RocketRegStopReceived
00008bca   ApiStartReceived
00008be8   ApiStopReceived
00008c20   RocketPmicWrite
00008c38   ApiClearInterruptHost
00008c4e   RocketPmicRead
00008d90   SetTimer
00008f10   StopTimer
00008f90   TimerInit
00008fbc   RegisterTimerExpiry
00009464   I2cWrite
00009596   UsciForceClockStretch
0000969a   I2cInit
000096cc   I2cInitInternalBus
000096fa   I2cUninit
0000970c   InternalUsciReset
0000974e   i2cBusMapping
00009754   SetVCoreLevel
000097bc   ConfigureFll
00009816   PreEnterDeepSleep
00009858   ConfigureXt1External
00009888   SCSleep
000098ae   VCoreLevel
000098b8   EventLogAdd
0000992e   EventLogInit
0000997c   EventLogCapture
000099a6   EventLogAddN
000099ce   SavedEventLogRead
000099f4   SavedEventLogRewind
00009a16   SavedEventLogExists
00009a24   QueueCallInt
00009aa4   ExecuteCall
00009af6   CallQueueInit
00009b04   GetQueueCount
00009b0a   SpiInit
00009b6e   PmicRead
00009bc8   PmicWrite
00009c12   UsciA0RxTxIsr
00009c1a   UsciA1RxTxIsr
00009c22   UsciA2RxTxIsr
00009c2a   spiBusMapping
00009c2c   RegisterIntHandler
00009ca4   InterruptControllerInit
00009cbe   RegisterIntHandlerReal
00009cd0   AdcConvertHw
00009d4e   AdcInitHw
00009e28   AdcCompleteIsrHw
00009e5e   AdcRawRegRead
00009eb8   AdcRawConvertVsys
00009ed2   AdcRawRegWrite
00009ee8   AdcRawStopReceived
00009efc   AdcHalt
0000a1b6   UpdaterRegWrite
0000a218   CodeUpdateStateInit
0000a26e   IsImageValid
0000a2c2   UpdaterStopReceived
0000a2ec   UpdaterRegRead
0000a308   UpdaterStartReceived
0000a466   HostCtrlPmicRegisterReset
0000a548   HostCtrlInitiateReset
0000a5ee   HostCtrlGpioReset
0000a674   HostCtrlDisableSupplies
0000a6ec   HostCtrlInit
0000a732   HostCtrlPowerLost
0000a744   SupplySequenceRun
0000a74c   HostCtrlGetResetFlags
0000a752   HostCtrlGetResetReason
0000a75a   HostCtrlTimerExpiry
0000aa64   SysEnIsr
0000aaa8   HostCtrlGpioResetProc
0000ab08   HostCtrlInitProc
0000ab2a   HostCtrlPrepResetProc
0000ab40   HostCtrlTimerHandler
0000ab4c   HostCtrlUpdateState
0000ab52   FlashWriteBuffer
0000ac0a   FlashWrite
0000ac6c   FlashEraseSegment
0000adc8   PmicIntCtrlInit
0000af84   PmicIntctrlRegRead
0000afee   PmicRegisterIntHandler
0000b01e   PmicInterruptEnable
0000b04c   PmicIntCtrlHostUninit
0000b074   PmicInterruptDisable
0000b09c   PmicUpdateIntMaskRegisters
0000b0b6   PmicIntctrlRegWrite
0000b0e6   GenerateCrc16
0000b0fc   L_LSR
0000b10e   L_LSR_15
0000b114   L_LSR_14
0000b11a   L_LSR_13
0000b120   L_LSR_12
0000b126   L_LSR_11
0000b12c   L_LSR_10
0000b132   L_LSR_9
0000b138   L_LSR_8
0000b13e   L_LSR_7
0000b144   L_LSR_6
0000b14a   L_LSR_5
0000b150   L_LSR_4
0000b156   L_LSR_3
0000b15c   L_LSR_2
0000b162   L_LSR_1
0000b16a   _auto_init
0000b1b0   I_ASR
0000b1bc   I_ASR_15
0000b1be   I_ASR_14
0000b1c0   I_ASR_13
0000b1c2   I_ASR_12
0000b1c4   I_ASR_11
0000b1c6   I_ASR_10
0000b1c8   I_ASR_9
0000b1ca   I_ASR_8
0000b1cc   I_ASR_7
0000b1ce   I_ASR_6
0000b1d0   I_ASR_5
0000b1d2   I_ASR_4
0000b1d4   I_ASR_3
0000b1d6   I_ASR_2
0000b1d8   I_ASR_1
0000b1dc   I_LSL
0000b1e8   I_LSL_15
0000b1ea   I_LSL_14
0000b1ec   I_LSL_13
0000b1ee   I_LSL_12
0000b1f0   I_LSL_11
0000b1f2   I_LSL_10
0000b1f4   I_LSL_9
0000b1f6   I_LSL_8
0000b1f8   I_LSL_7
0000b1fa   I_LSL_6
0000b1fc   I_LSL_5
0000b1fe   I_LSL_4
0000b200   I_LSL_3
0000b202   I_LSL_2
0000b204   I_LSL_1
0000b208   _c_int00
0000b208   _c_int00_noexit
0000b22e   memset
0000b242   __mpyi
0000b256   memcpy
0000b268   func_epilog_7
0000b26a   func_epilog_6
0000b26c   func_epilog_5
0000b26e   func_epilog_4
0000b270   func_epilog_3
0000b272   func_epilog_2
0000b274   func_epilog_1
0000b278   C$$EXIT
0000b278   abort
0000b27c   _reset_vector
0000b27e   _nop
0000b280   IsrVect0
0000b286   IsrVect1
0000b28c   IsrVect2
0000b292   IsrVect4
0000b298   IsrVect3
0000b2a0   IsrVect5
0000b2a0   Vect5Base
0000b2a8   IsrVect6
0000b2b0   IsrVect7
0000b2b8   IsrVect8
0000b2c0   IsrVect9
0000b2c8   IsrVect10
0000b2d0   IsrVect11
0000b2d8   IsrVect12
0000b2e0   IsrVect13
0000b2e8   IsrVect14
0000b2f0   IsrVect15
0000b2f8   IsrVect16
0000b300   IsrVect17
0000b308   IsrVect18
0000b334   Max8649Init
0000b368   Max8649Write
0000b38a   RocketMetrics
0000b3c8   __cinit__
0000b3c8   cinit
0000b440   _end_of_boot_image
0000f600   AppImageInfo
0000f600   _start_of_app_image
0000f610   IsKeyVolumeResetEnabled
0000f614   UtcIsDisabled
0000f618   AdcInit
0000f61a   AdcUninit
0000f61c   AppEntrypoint
0000f61e   AppExitpoint
0000f620   KeyVolumeResetEnable
0000f622   UtcBackup
0000f624   UtcDisable
0000f626   UtcGetTime
0000f628   UtcInit
0000f62a   UtcSetTime
0000f800   _end_of_app_image
0000f800   _end_of_boot_sec
ffffffff   __binit__
ffffffff   __c_args__
ffffffff   __pinit__
ffffffff   binit
ffffffff   pinit

[280 symbols]
