******************************************************************************
                  MSP430 Linker PC v3.2.1                      
******************************************************************************
>> Linked Thu Jul 14 13:41:44 2011

OUTPUT FILE NAME:   <obj/boldr016u768_rev1/loader_boldr016u768_rev1/rocket_boldr016u768_rev1_loader.out>
ENTRY POINT SYMBOL: "_c_int00"  address: 0000fb62


MEMORY CONFIGURATION

         name            origin    length      used     unused   attr    fill
----------------------  --------  ---------  --------  --------  ----  --------
  PERIPHERALS           00000000   00001000  00000000  00001000  RWIX
  BSL                   00001000   00000800  00000000  00000800  RWIX
  INFO                  00001800   00000200  00000004  000001fc  RWIX
  RAM_PRESERVED         00001c00   00000200  00000000  00000200  RW  
  RAM                   00001e00   00000dc0  00000088  00000d38  RW  
  RAMVECTORS            00002bc0   00000040  00000000  00000040  RW  
  BOOT_FLASH            00008000   00007800  00007800  00000000  RWIX
  LOADER_FLASH          0000f800   000007c0  000003c2  000003fe  RWIX
  LOADER_VECTORS        0000ffc0   0000003e  00000000  0000003e  R   
  LOADER_RESET          0000fffe   00000002  00000002  00000000  RWIX


SECTION ALLOCATION MAP

 output                                  attributes/
section   page    origin      length       input sections
--------  ----  ----------  ----------   ----------------
.cinit     0    0000f800    00000000     UNINITIALIZED

.info_sec 
*          0    00001800    00000004     
                  00001800    00000004     metrics.o (.loader_msg)

.bss       0    00001e00    00000008     UNINITIALIZED
                  00001e00    00000004     rts430.lib : _lock.obj (.bss)
                  00001e04    00000004                : boot.obj (.bss)

.stack     0    00002b40    00000080     UNINITIALIZED
                  00002b40    00000002     rts430.lib : boot.obj (.stack)
                  00002b42    0000007e     --HOLE--

.boot_sec 
*          0    00008000    00007800     
                  00008000    00007800     bootloader.o (.boot_sec)

.text      0    0000f800    000003c2     
                  0000f800    0000003e     metrics.o (.loader_metrics)
                  0000f83e    00000106     bootloader.o (.text:main)
                  0000f944    000000b8     msp430_flash.o (.text:FlashWriteBuffer)
                  0000f9fc    00000062     msp430_flash.o (.text:FlashWrite)
                  0000fa5e    0000005e     bootloader.o (.text:isImageValid)
                  0000fabc    0000004c     rts430.lib : lsr16.obj (.text)
                  0000fb08    00000036     msp430_flash.o (.text:FlashEraseSegment)
                  0000fb3e    00000024     bootloader.o (.text:WriteBootloaderMsg)
                  0000fb62    0000001e     rts430.lib : boot.obj (.text:_c_int00_noinit_noexit)
                  0000fb80    00000016     rocket_crc.o (.text:GenerateCrc16)
                  0000fb96    00000012     rts430.lib : memcpy.obj (.text:memcpy)
                  0000fba8    00000010                : epilog.obj (.text)
                  0000fbb8    00000004     bootloader.o (.text:_system_pre_init)
                  0000fbbc    00000004     rts430.lib : exit.obj (.text:abort)
                  0000fbc0    00000002                : _lock.obj (.text:_nop)

.reset     0    0000fffe    00000002     
                  0000fffe    00000002     rts430.lib : boot.obj (.reset)


GLOBAL SYMBOLS: SORTED ALPHABETICALLY BY Name 

address    name
--------   ----
00001e00   .bss
0000f800   .text
00001800   BootloaderMsg
0000fbbc   C$$EXIT
0000fb08   FlashEraseSegment
0000f9fc   FlashWrite
0000f944   FlashWriteBuffer
0000fb80   GenerateCrc16
0000fabc   I_LSR
0000fb02   I_LSR_1
0000fade   I_LSR_10
0000fada   I_LSR_11
0000fad6   I_LSR_12
0000fad2   I_LSR_13
0000face   I_LSR_14
0000faca   I_LSR_15
0000fafe   I_LSR_2
0000fafa   I_LSR_3
0000faf6   I_LSR_4
0000faf2   I_LSR_5
0000faee   I_LSR_6
0000faea   I_LSR_7
0000fae6   I_LSR_8
0000fae2   I_LSR_9
0000f800   RocketBootloaderMetrics
00002bc0   __STACK_END
00000080   __STACK_SIZE
00000001   __TI_args_main
00000001   __TI_auto_init
00000001   __TI_exit
ffffffff   __binit__
00001e00   __bss__
ffffffff   __c_args__
ffffffff   __cinit__
00001e08   __end__
0000fbc2   __etext__
ffffffff   __pinit__
0000f800   __text__
0000fb62   _c_int00
0000fb62   _c_int00_noinit_noexit
00001e04   _cleanup_ptr
00001e06   _dtors_ptr
0000f800   _end_of_boot_sec
00001e00   _lock
0000fbc0   _nop
0000fffe   _reset_vector
00002b40   _stack
00008000   _start_of_boot_sec
0000fbb8   _system_pre_init
00001e02   _unlock
0000fbbc   abort
ffffffff   binit
ffffffff   cinit
00001e08   end
0000fbc2   etext
0000fbb4   func_epilog_1
0000fbb2   func_epilog_2
0000fbb0   func_epilog_3
0000fbae   func_epilog_4
0000fbac   func_epilog_5
0000fbaa   func_epilog_6
0000fba8   func_epilog_7
0000f83e   main
0000fb96   memcpy
ffffffff   pinit
00008000   rocket_image


GLOBAL SYMBOLS: SORTED BY Symbol Address 

address    name
--------   ----
00000001   __TI_args_main
00000001   __TI_auto_init
00000001   __TI_exit
00000080   __STACK_SIZE
00001800   BootloaderMsg
00001e00   .bss
00001e00   __bss__
00001e00   _lock
00001e02   _unlock
00001e04   _cleanup_ptr
00001e06   _dtors_ptr
00001e08   __end__
00001e08   end
00002b40   _stack
00002bc0   __STACK_END
00008000   _start_of_boot_sec
00008000   rocket_image
0000f800   .text
0000f800   RocketBootloaderMetrics
0000f800   __text__
0000f800   _end_of_boot_sec
0000f83e   main
0000f944   FlashWriteBuffer
0000f9fc   FlashWrite
0000fabc   I_LSR
0000faca   I_LSR_15
0000face   I_LSR_14
0000fad2   I_LSR_13
0000fad6   I_LSR_12
0000fada   I_LSR_11
0000fade   I_LSR_10
0000fae2   I_LSR_9
0000fae6   I_LSR_8
0000faea   I_LSR_7
0000faee   I_LSR_6
0000faf2   I_LSR_5
0000faf6   I_LSR_4
0000fafa   I_LSR_3
0000fafe   I_LSR_2
0000fb02   I_LSR_1
0000fb08   FlashEraseSegment
0000fb62   _c_int00
0000fb62   _c_int00_noinit_noexit
0000fb80   GenerateCrc16
0000fb96   memcpy
0000fba8   func_epilog_7
0000fbaa   func_epilog_6
0000fbac   func_epilog_5
0000fbae   func_epilog_4
0000fbb0   func_epilog_3
0000fbb2   func_epilog_2
0000fbb4   func_epilog_1
0000fbb8   _system_pre_init
0000fbbc   C$$EXIT
0000fbbc   abort
0000fbc0   _nop
0000fbc2   __etext__
0000fbc2   etext
0000fffe   _reset_vector
ffffffff   __binit__
ffffffff   __c_args__
ffffffff   __cinit__
ffffffff   __pinit__
ffffffff   binit
ffffffff   cinit
ffffffff   pinit

[66 symbols]
