################################################################################
#                                                                              #
#      IAR Universal Linker V5.0.2.5/W32                                       #
#                                                                              #
#           Link time     =  28/Sep/2011  15:06:00                             #
#           Target CPU    =  MAXQ                                              #
#           List file     =  obj\coolriver_rev1\lagavulin_partial.map          #
#           Output file 1 =  C:\workspace\perforce\lagavulin\armos\rocket\obj\ #
#                            coolriver_rev1\lagavulin_partial.out              #
#                            Format: intel-extended                            #
#           Output file 2 =  C:\workspace\perforce\lagavulin\armos\rocket\obj\ #
#                            coolriver_rev1\lagavulin_partial.d66              #
#                            Format: debug                                     #
#                            UBROF version 10.0.3                              #
#                            Using library modules for C-SPY (-rt)             #
#           Command line  =  -S -f scatter/lagavulin_lnkmq31.xcl (-cmaxq       #
#                            -Z(CODE)RESET=6000-601B -Z(CODE)DEBUG=601C-603F   #
#                            -Z(CODE)INTVEC=6040-613F                          #
#                            -Z(CODE)RCODE=6140-FFFF                           #
#                            -P(CODE)DATA16_C,DATA8_ID,DATA16_ID,CHECKSUM,CONS #
#                            T                                                 #
#                            -P(CODE)CODE=6140-FFFF                            #
#                            -P(CODE)FARCODE=10000-1FFFF                       #
#                            -P(CODE)LCODE=6140-1FFFF                          #
#                            -Z(CODE)PRIMARY_CODE=6140-11FFF                   #
#                            -Z(CODE)SECONDARY_CODE=12000-1FFFF                #
#                            -Z(CODE)SYS_SECTOR=140-3FFF                       #
#                            -Z(CODE)ULDR_SECTOR=4000-5FFF                     #
#                            -Z(CODE)UAPP_SECTOR=6000-1FFFF                    #
#                            -Z(CODE)UPWD_SECTOR=6020-603F                     #
#                            -Z(CODE)BOOT_MANAGER=3E00-3FFF                    #
#                            -Z(CODE)BOOT_IMAGE_INFO=11FEA-11FFB               #
#                            -Z(CODE)APP_IMAGE_INFO=1FFEA-1FFFB                #
#                            -Z(CODE)BOOT_LOADER_MSG=1FFFC-1FFFF               #
#                            -Z(DATA)DATA16_I,DATA16_Z,DATA16_N=A2-1FC0        #
#                            -Z(DATA)CSTACK+_CSTACK_SIZE#800-1FC0              #
#                            -Z(DATA)HEAP+_HEAP_SIZE=800-1FC0                  #
#                            -D_CSTACK_SIZE=1F4 -D_HEAP_SIZE=1F4               #
#                            -D?UTIL_MOVE_DP0=10026                            #
#                            -D?UTIL_MOVE_DP0_INC=1002A                        #
#                            -D?UTIL_MOVE_DP0_DEC=1002E                        #
#                            -D?UTIL_MOVE_DP1=10032                            #
#                            -D?UTIL_MOVE_DP1_INC=10036                        #
#                            -D?UTIL_MOVE_DP1_DEC=1003A                        #
#                            -D?UTIL_MOVE_FP=1003E -D?UTIL_MOVE_FP_INC=10042   #
#                            -D?UTIL_MOVE_FP_DEC=10046 -D?UTIL_CRC16=10052     #
#                            -D?UTIL_FLASH_WRITE=1005E                         #
#                            -D?UTIL_FLASH_ERASE_PAGE=10062)                   #
#                            -Iiarmaxq230/lib obj/coolriver_rev1/init.o        #
#                            obj/coolriver_rev1/timer_mux.o                    #
#                            obj/coolriver_rev1/eventlog.o                     #
#                            obj/coolriver_rev1/msgque.o                       #
#                            obj/coolriver_rev1/hostctrl_common.o              #
#                            obj/coolriver_rev1/hostctrl_omap4430.o            #
#                            obj/coolriver_rev1/delay.o                        #
#                            obj/coolriver_rev1/lagavulin_metrics.o            #
#                            obj/coolriver_rev1/lagavulin_gpio.o               #
#                            obj/coolriver_rev1/lagavulin_misc.o               #
#                            obj/coolriver_rev1/lagavulin_timer.o              #
#                            obj/coolriver_rev1/lagavulin_api.o                #
#                            obj/coolriver_rev1/lagavulin_i2c.o                #
#                            obj/coolriver_rev1/lagavulin_slowclock.o          #
#                            obj/coolriver_rev1/lagavulin_spi.o                #
#                            obj/coolriver_rev1/mq31_flash.o                   #
#                            obj/coolriver_rev1/lagavulin_pmic_intctrl.o       #
#                            obj/coolriver_rev1/lagavulin_intvector.o          #
#                            obj/coolriver_rev1/lagavulin_updater.o            #
#                            obj/coolriver_rev1/lagavulin_crc.o                #
#                            obj/coolriver_rev1/lagavulin_adc_hw.o             #
#                            obj/coolriver_rev1/mq31_inout.o                   #
#                            obj/coolriver_rev1/app_stubs.o cstartup_usr.r66   #
#                            mgLib.r66 clib/clmaxq68mllc.r66 -l                #
#                            obj/coolriver_rev1/lagavulin_partial.map -xms     #
#                            -Ointel-extended=obj/coolriver_rev1/lagavulin_par #
#                            tial.out                                          #
#                            -rt                                               #
#                                                                              #
#                           Copyright (C) 1987-2010 IAR Systems AB.            #
################################################################################





                ****************************************
                *                                      *
                *           CROSS REFERENCE            *
                *                                      *
                ****************************************

                  There are no program entries.




                ****************************************
                *                                      *
                *            RUNTIME MODEL             *
                *                                      *
                ****************************************

  __accumulators  = 16+
  __code_model    = l
  __const_in_code = 1
  __cpu_core      = MAXQ68
  __data_model    = l
  __rt_version    = 3



                ****************************************
                *                                      *
                *              MODULE MAP              *
                *                                      *
                ****************************************


  DEFINED ABSOLUTE ENTRIES
    *************************************************************************

  DEFINED ABSOLUTE ENTRIES
  PROGRAM MODULE, NAME : ?ABS_ENTRY_MOD

Absolute parts
           ENTRY                   ADDRESS         REF BY
           =====                   =======         ======
           ?UTIL_FLASH_ERASE_PAGE
                                   00010062        flash_erasePage (flash)
           ?UTIL_FLASH_WRITE       0001005E        flash_writeWord (flash)
           ?UTIL_CRC16             00010052        flash_crc (flash)
           ?UTIL_MOVE_FP_DEC       00010046 
           ?UTIL_MOVE_FP_INC       00010042 
           ?UTIL_MOVE_FP           0001003E 
           ?UTIL_MOVE_DP1_DEC      0001003A        Segment part 50 (mgLib)
                                                   Segment part 78 (mgLib)
                                                   Segment part 83 (mgLib)
           ?UTIL_MOVE_DP1_INC      00010036        Segment part 50 (mgLib)
                                                   Segment part 53 (mgLib)
                                                   Segment part 79 (mgLib)
                                                   Segment part 83 (mgLib)
           ?UTIL_MOVE_DP1          00010032        ApiRegWrite (lagavulin_api)
                                                   ApiStopReceived (lagavulin_api)
                                                   CodeUpdateStateInit (lagavulin_updater)
                                                   ExecuteCall (msgque)
                                                   GpioHandler (lagavulin_gpio)
                                                   IsImageValid (lagavulin_updater)
                                                   LagavulinRegRead (lagavulin_api)
                                                   PmicInterruptHandlerReal (lagavulin_pmic_intctrl)
                                                   ProcessUpdateCommand (lagavulin_updater)
                                                   Segment part 102 (mgLib)
                                                   Segment part 44 (mgLib)
                                                   SupplySequenceRunInternal (hostctrl_common)
                                                   i2cIsrHandler (lagavulin_i2c)
                                                   i2cMasterIsr (lagavulin_i2c)
           ?UTIL_MOVE_DP0_DEC      0001002E 
           ?UTIL_MOVE_DP0_INC      0001002A 
           ?UTIL_MOVE_DP0          00010026        HostCtrlDisableSupplies (hostctrl_common)
                                                   HostCtrlInitiateReset (hostctrl_common)
                                                   I2cRomInit (lagavulin_i2c)
                                                   LagavulinRegRead (lagavulin_api)
                                                   PmicInterruptDisable (lagavulin_pmic_intctrl)
                                                   PmicInterruptEnable (lagavulin_pmic_intctrl)
                                                   PmicRegisterIntHandler (lagavulin_pmic_intctrl)
                                                   SupplySequenceRunInternal (hostctrl_common)
                                                   exeModelGauge (mgLib)
                                                   i2cMasterIsr (lagavulin_i2c)
                                                   i2cSlaveRomIsr (lagavulin_i2c)
                                                   unSetTimer (timer_mux)
           _HEAP_SIZE              01F4 
           _CSTACK_SIZE            01F4 
    *************************************************************************

  FILE NAME : C:\workspace\perforce\lagavulin\armos\rocket\obj\coolriver_rev1\init.o
  PROGRAM MODULE, NAME : init

  SEGMENTS IN THE MODULE
  ======================
<CODE,LCODE> 1 (was LCODE)
  Relative segment, address: CODE C534 - C57D (0x4a bytes), align: 1
  Segment part 2.             Intra module refs:   main
           LOCAL                   ADDRESS         
           =====                   =======         
           ChargerHandler          C534 
               calls direct
               CSTACK = 00000000 ( 00000002 )
    -------------------------------------------------------------------------
<CODE,LCODE> 1 (was LCODE)
  Relative segment, address: CODE C9A2 - C9AF (0xe bytes), align: 1
  Segment part 3.             Intra module refs:   main
           ENTRY                   ADDRESS         REF BY
           =====                   =======         ======
           SwitchToXtal            C9A2 
               calls direct
               CSTACK = 00000000 ( 00000002 )
    -------------------------------------------------------------------------
<CODE,LCODE> 1 (was LCODE)
  Relative segment, address: CODE B596 - B671 (0xdc bytes), align: 1
  Segment part 4.
           ENTRY                   ADDRESS         REF BY
           =====                   =======         ======
           main                    B596            __MAIN_CALL (__MAIN_CALL)
               calls direct
               CSTACK = 00000000 ( 00000002 )

    *************************************************************************

  FILE NAME : C:\workspace\perforce\lagavulin\armos\rocket\obj\coolriver_rev1\timer_mux.o
  PROGRAM MODULE, NAME : timer_mux

  SEGMENTS IN THE MODULE
  ======================
DATA16_SFR
  Relative segment, address: IDATA 020A - 020A (0x1 bytes), align: 0
  Segment part 1. ROOT.
           ENTRY                   ADDRESS         REF BY
           =====                   =======         ======
           IC_REG8                 020A 
    -------------------------------------------------------------------------
DATA16_Z
  Relative segment, address: DATA 00EA - 0107 (0x1e bytes), align: 1
  Segment part 3.             Intra module refs:   SetTimer
                                                   StopTimer
                                                   TimerInit
                                                   unSetTimer
           LOCAL                   ADDRESS         
           =====                   =======         
           IsSet                   00EA 
    -------------------------------------------------------------------------
DATA16_Z
  Relative segment, address: DATA 0108 - 0143 (0x3c bytes), align: 1
  Segment part 4.             Intra module refs:   SetTimer
                                                   StopTimer
                                                   expireMuxTimers
                                                   unSetTimer
           LOCAL                   ADDRESS         
           =====                   =======         
           MatchValue              0108 
    -------------------------------------------------------------------------
DATA16_Z
  Relative segment, address: DATA 0144 - 0161 (0x1e bytes), align: 1
  Segment part 5.             Intra module refs:   RegisterTimerExpiry
                                                   TimerInit
                                                   expireMuxTimers
           LOCAL                   ADDRESS         
           =====                   =======         
           TimerHandler            0144 
    -------------------------------------------------------------------------
DATA16_Z
  Relative segment, address: DATA 0162 - 017F (0x1e bytes), align: 1
  Segment part 6.             Intra module refs:   RegisterTimerExpiry
                                                   expireMuxTimers
           LOCAL                   ADDRESS         
           =====                   =======         
           HandlerData             0162 
    -------------------------------------------------------------------------
DATA16_Z
  Relative segment, address: DATA 0446 - 0454 (0xf bytes), align: 0
  Segment part 7.             Intra module refs:   SetTimer
                                                   StopTimer
                                                   expireMuxTimers
                                                   unSetTimer
           LOCAL                   ADDRESS         
           =====                   =======         
           pq                      0446 
    -------------------------------------------------------------------------
DATA16_Z
  Relative segment, address: DATA 0180 - 0181 (0x2 bytes), align: 1
  Segment part 8.             Intra module refs:   SetTimer
                                                   StopTimer
                                                   TimerInit
                                                   expireMuxTimers
                                                   unSetTimer
           LOCAL                   ADDRESS         
           =====                   =======         
           numSet                  0180 
    -------------------------------------------------------------------------
<CODE,LCODE> 1 (was LCODE)
  Relative segment, address: CODE 8C00 - 8C25 (0x26 bytes), align: 1
  Segment part 9.             Intra module refs:   expireMuxTimers
           LOCAL                   ADDRESS         
           =====                   =======         
           betweeneq               8C00 
               CSTACK = 00000000 ( 00000002 )
    -------------------------------------------------------------------------
<CODE,LCODE> 1 (was LCODE)
  Relative segment, address: CODE 8C26 - 8C4B (0x26 bytes), align: 1
  Segment part 10.            Intra module refs:   SetTimer
                                                   unSetTimer
           LOCAL                   ADDRESS         
           =====                   =======         
           between                 8C26 
               CSTACK = 00000000 ( 00000002 )
    -------------------------------------------------------------------------
<CODE,LCODE> 1 (was LCODE)
  Relative segment, address: CODE 8C4C - 8C6F (0x24 bytes), align: 1
  Segment part 11.            Intra module refs:   StopTimer
                                                   expireMuxTimers
           LOCAL                   ADDRESS         
           =====                   =======         
           setEarliest             8C4C 
               calls direct
               CSTACK = 00000000 ( 00000002 )
    -------------------------------------------------------------------------
<CODE,LCODE> 1 (was LCODE)
  Relative segment, address: CODE 8C70 - 8C71 (0x2 bytes), align: 1
  Segment part 12.            Intra module refs:   RegisterTimerExpiry
                                                   TimerInit
           LOCAL                   ADDRESS         
           =====                   =======         
           TimerCallbackFailure    8C70 
               CSTACK = 00000000 ( 00000002 )
    -------------------------------------------------------------------------
<CODE,LCODE> 1 (was LCODE)
  Relative segment, address: CODE 8C72 - 8EC5 (0x254 bytes), align: 1
  Segment part 13.            Intra module refs:   StopTimer
                                                   expireMuxTimers
           LOCAL                   ADDRESS         
           =====                   =======         
           unSetTimer              8C72 
               calls direct
               CSTACK = 00000000 ( 0000000A )
    -------------------------------------------------------------------------
<CODE,LCODE> 1 (was LCODE)
  Relative segment, address: CODE 8EC6 - 8FE5 (0x120 bytes), align: 1
  Segment part 14.            Intra module refs:   SetTimer
                                                   StopTimer
                                                   TimerInit
           LOCAL                   ADDRESS         
           =====                   =======         
           expireMuxTimers         8EC6 
               calls direct and indirect
               CSTACK = 00000000 ( 00000008 )
    -------------------------------------------------------------------------
<CODE,LCODE> 1 (was LCODE)
  Relative segment, address: CODE 8FE6 - 91B5 (0x1d0 bytes), align: 1
  Segment part 15.
           ENTRY                   ADDRESS         REF BY
           =====                   =======         ======
           SetTimer                8FE6            AdcRawCb (lagavulin_adc_hw)
                                                   HostCtrlTimerExpiry (hostctrl_omap4430)
                                                   SupplySequenceRunInternal (hostctrl_common)
                                                   main (init)
               calls direct
               CSTACK = 00000000 ( 00000010 )
    -------------------------------------------------------------------------
<CODE,LCODE> 1 (was LCODE)
  Relative segment, address: CODE 91B6 - 92AB (0xf6 bytes), align: 1
  Segment part 16.            Intra module refs:   SetTimer
           ENTRY                   ADDRESS         REF BY
           =====                   =======         ======
           StopTimer               91B6 
               calls direct
               CSTACK = 00000000 ( 0000000A )
    -------------------------------------------------------------------------
<CODE,LCODE> 1 (was LCODE)
  Relative segment, address: CODE C41A - C479 (0x60 bytes), align: 1
  Segment part 17.
           ENTRY                   ADDRESS         REF BY
           =====                   =======         ======
           RegisterTimerExpiry     C41A            AdcInitHw (lagavulin_adc_hw)
                                                   HostCtrlInit (hostctrl_common)
                                                   HostCtrlInitProc (hostctrl_omap4430)
                                                   main (init)
               CSTACK = 00000000 ( 00000002 )
    -------------------------------------------------------------------------
<CODE,LCODE> 1 (was LCODE)
  Relative segment, address: CODE C47A - C4D7 (0x5e bytes), align: 1
  Segment part 18.
           ENTRY                   ADDRESS         REF BY
           =====                   =======         ======
           TimerInit               C47A            main (init)
               calls direct
               CSTACK = 00000000 ( 00000002 )

    *************************************************************************

  FILE NAME : C:\workspace\perforce\lagavulin\armos\rocket\obj\coolriver_rev1\eventlog.o
  PROGRAM MODULE, NAME : eventlog

  SEGMENTS IN THE MODULE
  ======================
DATA16_Z
  Relative segment, address: DATA 0182 - 0287 (0x106 bytes), align: 1
  Segment part 4.             Intra module refs:   SavedEventLogExists
           ENTRY                   ADDRESS         REF BY
           =====                   =======         ======
           SavedEventLog           0182 
    -------------------------------------------------------------------------
<CODE,LCODE> 1 (was LCODE)
  Relative segment, address: CODE CA5A - CA5B (0x2 bytes), align: 1
  Segment part 8.
           ENTRY                   ADDRESS         REF BY
           =====                   =======         ======
           EventLogInit            CA5A            HostCtrlInitiateReset (hostctrl_common)
                                                   main (init)
               CSTACK = 00000000 ( 00000002 )
    -------------------------------------------------------------------------
<CODE,LCODE> 1 (was LCODE)
  Relative segment, address: CODE C978 - C985 (0xe bytes), align: 1
  Segment part 9.
           ENTRY                   ADDRESS         REF BY
           =====                   =======         ======
           EventLogCapture         C978            LagavulinRegStopReceived (lagavulin_api)
               CSTACK = 00000000 ( 00000002 )
    -------------------------------------------------------------------------
<CODE,LCODE> 1 (was LCODE)
  Relative segment, address: CODE C986 - C993 (0xe bytes), align: 1
  Segment part 10.
           ENTRY                   ADDRESS         REF BY
           =====                   =======         ======
           EventLogAdd             C986            AdcCompleteIsrHw (lagavulin_adc_hw)
                                                   CodeUpdateStateInit (lagavulin_updater)
                                                   ConfigureXt1External (lagavulin_slowclock)
                                                   ExecuteCall (msgque)
                                                   HostCtrlTimerExpiry (hostctrl_omap4430)
                                                   I2cInit (lagavulin_i2c)
                                                   I2cRomInit (lagavulin_i2c)
                                                   PmicHPDHandler (hostctrl_omap4430)
                                                   PmicInterruptHandlerReal (lagavulin_pmic_intctrl)
                                                   PowerFaultIsr (lagavulin_misc)
                                                   ProcessUpdateCommand (lagavulin_updater)
                                                   QueueCallInt (msgque)
                                                   RimInitiateReset (lagavulin_misc)
                                                   WdtInit (lagavulin_misc)
                                                   WriteBootloaderMsg (lagavulin_updater)
                                                   i2c0RxTxIsr (lagavulin_i2c)
                                                   i2c1RxTxIsr (lagavulin_i2c)
                                                   i2c2RxTxIsr (lagavulin_i2c)
                                                   i2cMasterIsr (lagavulin_i2c)
                                                   main (init)
                                                   unregisteredHandler (lagavulin_intvector)
               CSTACK = 00000000 ( 00000002 )
    -------------------------------------------------------------------------
<CODE,LCODE> 1 (was LCODE)
  Relative segment, address: CODE C994 - C9A1 (0xe bytes), align: 1
  Segment part 11.
           ENTRY                   ADDRESS         REF BY
           =====                   =======         ======
           EventLogAddN            C994            ApiInterruptHost (lagavulin_api)
                                                   PmicFaultHandler (hostctrl_omap4430)
                                                   PmicInterruptHandlerReal (lagavulin_pmic_intctrl)
                                                   ProcessUpdateCommand (lagavulin_updater)
                                                   QueueCallInt (msgque)
                                                   SetTimer (timer_mux)
                                                   StopTimer (timer_mux)
                                                   WdtInit (lagavulin_misc)
                                                   expireMuxTimers (timer_mux)
                                                   nreswarmIsr (hostctrl_omap4430)
               CSTACK = 00000000 ( 00000002 )
    -------------------------------------------------------------------------
<CODE,LCODE> 1 (was LCODE)
  Relative segment, address: CODE CA54 - CA55 (0x2 bytes), align: 1
  Segment part 12.
           ENTRY                   ADDRESS         REF BY
           =====                   =======         ======
           SavedEventLogRewind     CA54            LagavulinRegStopReceived (lagavulin_api)
               CSTACK = 00000000 ( 00000002 )
    -------------------------------------------------------------------------
<CODE,LCODE> 1 (was LCODE)
  Relative segment, address: CODE CA20 - CA27 (0x8 bytes), align: 1
  Segment part 13.
           ENTRY                   ADDRESS         REF BY
           =====                   =======         ======
           SavedEventLogRead       CA20            LagavulinRegRead (lagavulin_api)
               CSTACK = 00000000 ( 00000002 )
    -------------------------------------------------------------------------
<CODE,LCODE> 1 (was LCODE)
  Relative segment, address: CODE C848 - C861 (0x1a bytes), align: 1
  Segment part 14.
           ENTRY                   ADDRESS         REF BY
           =====                   =======         ======
           SavedEventLogExists     C848            LagavulinRegRead (lagavulin_api)
               CSTACK = 00000000 ( 00000002 )

    *************************************************************************

  FILE NAME : C:\workspace\perforce\lagavulin\armos\rocket\obj\coolriver_rev1\msgque.o
  PROGRAM MODULE, NAME : msgque

  SEGMENTS IN THE MODULE
  ======================
DATA16_Z
  Relative segment, address: DATA 0288 - 02C7 (0x40 bytes), align: 1
  Segment part 3.             Intra module refs:   ExecuteCall
                                                   QueueCallInt
           LOCAL                   ADDRESS         
           =====                   =======         
           qCalls                  0288 
    -------------------------------------------------------------------------
DATA16_Z
  Relative segment, address: DATA 0455 - 0455 (0x1 bytes), align: 0
  Segment part 4.             Intra module refs:   CallQueueInit
                                                   QueueCallInt
           LOCAL                   ADDRESS         
           =====                   =======         
           qHead                   0455 
    -------------------------------------------------------------------------
DATA16_Z
  Relative segment, address: DATA 0456 - 0456 (0x1 bytes), align: 0
  Segment part 5.             Intra module refs:   CallQueueInit
                                                   ExecuteCall
                                                   QueueCallInt
           LOCAL                   ADDRESS         
           =====                   =======         
           qTail                   0456 
    -------------------------------------------------------------------------
DATA16_Z
  Relative segment, address: DATA 0457 - 0457 (0x1 bytes), align: 0
  Segment part 6.             Intra module refs:   CallQueueInit
                                                   ExecuteCall
                                                   QueueCallInt
           LOCAL                   ADDRESS         
           =====                   =======         
           qCount                  0457 
    -------------------------------------------------------------------------
DATA16_Z
  Relative segment, address: DATA 02C8 - 02C9 (0x2 bytes), align: 1
  Segment part 7.             Intra module refs:   ExecuteCall
                                                   QueueCallInt
           ENTRY                   ADDRESS         REF BY
           =====                   =======         ======
           LastMsgQCall            02C8 
    -------------------------------------------------------------------------
<CODE,LCODE> 1 (was LCODE)
  Relative segment, address: CODE C8F8 - C90B (0x14 bytes), align: 1
  Segment part 8.
           ENTRY                   ADDRESS         REF BY
           =====                   =======         ======
           CallQueueInit           C8F8            main (init)
               CSTACK = 00000000 ( 00000002 )
    -------------------------------------------------------------------------
<CODE,LCODE> 1 (was LCODE)
  Relative segment, address: CODE B4A4 - B595 (0xf2 bytes), align: 1
  Segment part 9.
           ENTRY                   ADDRESS         REF BY
           =====                   =======         ======
           QueueCallInt            B4A4            ExternalPwrApplied (hostctrl_omap4430)
                                                   HostCtrlTimerExpiry (hostctrl_omap4430)
                                                   HostCtrlTimerHandler (hostctrl_omap4430)
                                                   LagavulinPmicStopReceived (lagavulin_api)
                                                   SupplySequenceRunInternal (hostctrl_common)
                                                   SwitchToXtal (init)
                                                   UpdaterStopReceived (lagavulin_updater)
               calls direct
               CSTACK = 00000000 ( 00000008 )
    -------------------------------------------------------------------------
<CODE,LCODE> 1 (was LCODE)
  Relative segment, address: CODE B81C - B8E3 (0xc8 bytes), align: 1
  Segment part 10.
           ENTRY                   ADDRESS         REF BY
           =====                   =======         ======
           ExecuteCall             B81C            main (init)
               calls direct and indirect
               CSTACK = 00000000 ( 00000006 )

    *************************************************************************

  FILE NAME : C:\workspace\perforce\lagavulin\armos\rocket\obj\coolriver_rev1\hostctrl_common.o
  PROGRAM MODULE, NAME : hostctrl_common

  SEGMENTS IN THE MODULE
  ======================
DATA16_SFR
  Relative segment, address: IDATA 014A - 014B (0x2 bytes), align: 0
  Segment part 1. ROOT.
           ENTRY                   ADDRESS         REF BY
           =====                   =======         ======
           RTCCFG_REG16            014A 
    -------------------------------------------------------------------------
DATA16_C
  Relative segment, address: CODE 6310 - 6311 (0x2 bytes), align: 0
  Segment part 3.             Intra module refs:   HostCtrlDisableSupplies
    -------------------------------------------------------------------------
DATA16_C
  Relative segment, address: CODE 6312 - 6313 (0x2 bytes), align: 0
  Segment part 4.             Intra module refs:   HostCtrlInitiateReset
    -------------------------------------------------------------------------
DATA16_C
  Relative segment, address: CODE 6314 - 6318 (0x5 bytes), align: 0
  Segment part 5.             Intra module refs:   HostCtrlPmicRegisterReset
           LOCAL                   ADDRESS         
           =====                   =======         
           SM_DFLT                 6314 
    -------------------------------------------------------------------------
DATA16_C
  Relative segment, address: CODE 6319 - 6330 (0x18 bytes), align: 0
  Segment part 6.             Intra module refs:   HostCtrlPmicRegisterReset
           LOCAL                   ADDRESS         
           =====                   =======         
           LDO_DFLT                6319 
    -------------------------------------------------------------------------
DATA16_C
  Relative segment, address: CODE 6188 - 61E7 (0x60 bytes), align: 1
  Segment part 7.             Intra module refs:   SupplySequenceRunInternal
           LOCAL                   ADDRESS         
           =====                   =======         
           SSEQ                    6188 
    -------------------------------------------------------------------------
DATA16_C
  Relative segment, address: CODE 6331 - 6331 (0x1 bytes), align: 0
  Segment part 8.             Intra module refs:   SupplySequenceRunInternal
           LOCAL                   ADDRESS         
           =====                   =======         
           SEQUENCE_SIZE           6331 
    -------------------------------------------------------------------------
DATA16_Z
  Relative segment, address: DATA 0458 - 0458 (0x1 bytes), align: 0
  Segment part 9.             Intra module refs:   SupplySequenceRunInternal
           LOCAL                   ADDRESS         
           =====                   =======         
           SeqPos                  0458 
    -------------------------------------------------------------------------
DATA16_I
  Relative segment, address: DATA 00A2 - 00A3 (0x2 bytes), align: 1
  Segment part 10.            Intra module refs:   SupplySequenceRun
                                                   SupplySequenceRunInternal
           LOCAL                   ADDRESS         
           =====                   =======         
           SeqDir                  00A2 
    -------------------------------------------------------------------------
DATA16_Z
  Relative segment, address: DATA 02CA - 02CB (0x2 bytes), align: 1
  Segment part 12.            Intra module refs:   HostCtrlInitiateReset
           LOCAL                   ADDRESS         
           =====                   =======         
           ResetInProgress         02CA 
    -------------------------------------------------------------------------
DATA16_Z
  Relative segment, address: DATA 02CC - 02CD (0x2 bytes), align: 1
  Segment part 13.            Intra module refs:   HostCtrlGetResetReason
                                                   HostCtrlInitiateReset
           LOCAL                   ADDRESS         
           =====                   =======         
           InitiateResetReason     02CC 
    -------------------------------------------------------------------------
DATA16_Z
  Relative segment, address: DATA 02CE - 02CF (0x2 bytes), align: 1
  Segment part 14.            Intra module refs:   HostCtrlGetResetFlags
                                                   HostCtrlInit
                                                   HostCtrlInitiateReset
                                                   SupplySequenceRunInternal
           LOCAL                   ADDRESS         
           =====                   =======         
           InitiateResetFlags      02CE 
    -------------------------------------------------------------------------
<CODE,LCODE> 1 (was LCODE)
  Relative segment, address: CODE 7716 - 7F03 (0x7ee bytes), align: 1
  Segment part 15.            Intra module refs:   HostCtrlInit
                                                   SupplySequenceRun
           LOCAL                   ADDRESS         
           =====                   =======         
           SupplySequenceRunInternal
                                   7716 
               calls direct
               CSTACK = 00000000 ( 00000002 )
    -------------------------------------------------------------------------
<CODE,LCODE> 1 (was LCODE)
  Relative segment, address: CODE 7F04 - 8103 (0x200 bytes), align: 1
  Segment part 16.
           ENTRY                   ADDRESS         REF BY
           =====                   =======         ======
           HostCtrlDisableSupplies
                                   7F04            HostCtrlStateInit (hostctrl_omap4430)
                                                   HostCtrlTimerExpiry (hostctrl_omap4430)
               calls direct
               CSTACK = 00000000 ( 00000008 )
    -------------------------------------------------------------------------
<CODE,LCODE> 1 (was LCODE)
  Relative segment, address: CODE 8104 - 8111 (0xe bytes), align: 1
  Segment part 17.            Intra module refs:   HostCtrlInitiateReset
           ENTRY                   ADDRESS         REF BY
           =====                   =======         ======
           SupplySequenceRun       8104            HostCtrlTimerExpiry (hostctrl_omap4430)
               calls direct
               CSTACK = 00000000 ( 00000002 )
    -------------------------------------------------------------------------
<CODE,LCODE> 1 (was LCODE)
  Relative segment, address: CODE 8112 - 813F (0x2e bytes), align: 1
  Segment part 18.
           ENTRY                   ADDRESS         REF BY
           =====                   =======         ======
           HostCtrlInit            8112            main (init)
               calls direct
               CSTACK = 00000000 ( 00000004 )
    -------------------------------------------------------------------------
<CODE,LCODE> 1 (was LCODE)
  Relative segment, address: CODE 8140 - 82E7 (0x1a8 bytes), align: 1
  Segment part 19.            Intra module refs:   HostCtrlInitiateReset
           ENTRY                   ADDRESS         REF BY
           =====                   =======         ======
           HostCtrlPmicRegisterReset
                                   8140            HostCtrlTimerExpiry (hostctrl_omap4430)
                                                   main (init)
               calls direct
               CSTACK = 00000000 ( 00000008 )
    -------------------------------------------------------------------------
<CODE,LCODE> 1 (was LCODE)
  Relative segment, address: CODE 82E8 - 833B (0x54 bytes), align: 1
  Segment part 20.            Intra module refs:   HostCtrlInitiateReset
                                                   HostCtrlPowerLost
           ENTRY                   ADDRESS         REF BY
           =====                   =======         ======
           HostCtrlGpioReset       82E8            HostCtrlStateInit (hostctrl_omap4430)
               calls direct
               CSTACK = 00000000 ( 00000004 )
    -------------------------------------------------------------------------
<CODE,LCODE> 1 (was LCODE)
  Relative segment, address: CODE 833C - 8343 (0x8 bytes), align: 1
  Segment part 21.
           ENTRY                   ADDRESS         REF BY
           =====                   =======         ======
           HostCtrlGetResetReason
                                   833C            HostCtrlTimerExpiry (hostctrl_omap4430)
               CSTACK = 00000000 ( 00000002 )
    -------------------------------------------------------------------------
<CODE,LCODE> 1 (was LCODE)
  Relative segment, address: CODE 8344 - 834B (0x8 bytes), align: 1
  Segment part 22.
           ENTRY                   ADDRESS         REF BY
           =====                   =======         ======
           HostCtrlGetResetFlags   8344            HostCtrlStateInit (hostctrl_omap4430)
                                                   HostCtrlTimerExpiry (hostctrl_omap4430)
               CSTACK = 00000000 ( 00000002 )
    -------------------------------------------------------------------------
<CODE,LCODE> 1 (was LCODE)
  Relative segment, address: CODE 834C - 8529 (0x1de bytes), align: 1
  Segment part 23.
           ENTRY                   ADDRESS         REF BY
           =====                   =======         ======
           HostCtrlInitiateReset   834C            LagavulinRegWrite (lagavulin_api)
                                                   ProcessUpdateCommand (lagavulin_updater)
                                                   nreswarmIsr (hostctrl_omap4430)
               calls direct
               CSTACK = 00000000 ( 00000008 )
    -------------------------------------------------------------------------
<CODE,LCODE> 1 (was LCODE)
  Relative segment, address: CODE 852A - 8539 (0x10 bytes), align: 1
  Segment part 24.
           ENTRY                   ADDRESS         REF BY
           =====                   =======         ======
           HostCtrlPowerLost       852A            PowerFaultIsr (lagavulin_misc)
               calls direct
               CSTACK = 00000000 ( 00000002 )
    -------------------------------------------------------------------------
DATA16_ID
  Relative segment, address: CODE 63AE - 63AF (0x2 bytes), align: 1
  Segment part 11.            Intra module refs:   SeqDir

    *************************************************************************

  FILE NAME : C:\workspace\perforce\lagavulin\armos\rocket\obj\coolriver_rev1\hostctrl_omap4430.o
  PROGRAM MODULE, NAME : hostctrl_omap4430

  SEGMENTS IN THE MODULE
  ======================
DATA16_Z
  Relative segment, address: DATA 0459 - 0459 (0x1 bytes), align: 0
  Segment part 2.             Intra module refs:   ExternalPwrApplied
                                                   HostCtrlInitProc
                                                   HostCtrlStateInit
                                                   HostCtrlTimerExpiry
                                                   HostCtrlUpdateState
           LOCAL                   ADDRESS         
           =====                   =======         
           State                   0459 
    -------------------------------------------------------------------------
<CODE,LCODE> 1 (was LCODE)
  Relative segment, address: CODE C6DC - C70F (0x34 bytes), align: 1
  Segment part 3.             Intra module refs:   HostCtrlInitProc
           LOCAL                   ADDRESS         
           =====                   =======         
           nreswarmIsr             C6DC 
               calls direct
               CSTACK = 00000000 ( 00000004 )
    -------------------------------------------------------------------------
<CODE,LCODE> 1 (was LCODE)
  Relative segment, address: CODE C8B0 - C8C9 (0x1a bytes), align: 1
  Segment part 4.
           ENTRY                   ADDRESS         REF BY
           =====                   =======         ======
           HostCtrlGpioResetProc   C8B0            HostCtrlGpioReset (hostctrl_common)
               calls direct
               CSTACK = 00000000 ( 00000002 )
    -------------------------------------------------------------------------
<CODE,LCODE> 1 (was LCODE)
  Relative segment, address: CODE CA10 - CA17 (0x8 bytes), align: 1
  Segment part 5.
           ENTRY                   ADDRESS         REF BY
           =====                   =======         ======
           HostCtrlUpdateState     CA10            SupplySequenceRunInternal (hostctrl_common)
               CSTACK = 00000000 ( 00000002 )
    -------------------------------------------------------------------------
<CODE,LCODE> 1 (was LCODE)
  Relative segment, address: CODE ACD0 - AE53 (0x184 bytes), align: 1
  Segment part 6.             Intra module refs:   HostCtrlStateInit
                                                   PmicLDOCFiqHandler
                                                   PmicLDOCIrqHandler
           LOCAL                   ADDRESS         
           =====                   =======         
           PmicFaultHandler        ACD0 
               calls direct
               CSTACK = 00000000 ( 00000006 )
    -------------------------------------------------------------------------
<CODE,LCODE> 1 (was LCODE)
  Relative segment, address: CODE AE54 - AE5B (0x8 bytes), align: 1
  Segment part 7.             Intra module refs:   PmicLDOCFiqHandler
                                                   PmicLDOCIrqHandler
           LOCAL                   ADDRESS         
           =====                   =======         
           PmicHPDHandler          AE54 
               calls direct
               CSTACK = 00000000 ( 00000002 )
    -------------------------------------------------------------------------
<CODE,LCODE> 1 (was LCODE)
  Relative segment, address: CODE AE5C - AE85 (0x2a bytes), align: 1
  Segment part 8.             Intra module refs:   HostCtrlStateInit
           LOCAL                   ADDRESS         
           =====                   =======         
           PmicLDOCFiqHandler      AE5C 
               calls direct
               CSTACK = 00000000 ( 00000002 )
    -------------------------------------------------------------------------
<CODE,LCODE> 1 (was LCODE)
  Relative segment, address: CODE AE86 - AEAF (0x2a bytes), align: 1
  Segment part 9.             Intra module refs:   HostCtrlStateInit
           LOCAL                   ADDRESS         
           =====                   =======         
           PmicLDOCIrqHandler      AE86 
               calls direct
               CSTACK = 00000000 ( 00000002 )
    -------------------------------------------------------------------------
<CODE,LCODE> 1 (was LCODE)
  Relative segment, address: CODE A846 - A8E1 (0x9c bytes), align: 1
  Segment part 10.            Intra module refs:   HostCtrlTimerExpiry
           LOCAL                   ADDRESS         
           =====                   =======         
           HostCtrlStateInit       A846 
               calls direct
               CSTACK = 00000000 ( 00000004 )
    -------------------------------------------------------------------------
<CODE,LCODE> 1 (was LCODE)
  Relative segment, address: CODE A8E2 - A8FB (0x1a bytes), align: 1
  Segment part 11.            Intra module refs:   HostCtrlTimerExpiry
           LOCAL                   ADDRESS         
           =====                   =======         
           ExternalPwrApplied      A8E2 
               calls direct
               CSTACK = 00000000 ( 00000002 )
    -------------------------------------------------------------------------
<CODE,LCODE> 1 (was LCODE)
  Relative segment, address: CODE A8FC - AA95 (0x19a bytes), align: 1
  Segment part 12.            Intra module refs:   ExternalPwrApplied
                                                   HostCtrlInitProc
                                                   HostCtrlTimerHandler
           ENTRY                   ADDRESS         REF BY
           =====                   =======         ======
           HostCtrlTimerExpiry     A8FC            SupplySequenceRunInternal (hostctrl_common)
               calls direct
               CSTACK = 00000000 ( 00000004 )
    -------------------------------------------------------------------------
<CODE,LCODE> 1 (was LCODE)
  Relative segment, address: CODE AA96 - AAA3 (0xe bytes), align: 1
  Segment part 13.            Intra module refs:   HostCtrlInitProc
           ENTRY                   ADDRESS         REF BY
           =====                   =======         ======
           HostCtrlTimerHandler    AA96 
               calls direct
               CSTACK = 00000000 ( 00000002 )
    -------------------------------------------------------------------------
<CODE,LCODE> 1 (was LCODE)
  Relative segment, address: CODE AAA4 - AAB5 (0x12 bytes), align: 1
  Segment part 14.
           ENTRY                   ADDRESS         REF BY
           =====                   =======         ======
           HostCtrlPrepResetProc   AAA4            HostCtrlInitiateReset (hostctrl_common)
               calls direct
               CSTACK = 00000000 ( 00000002 )
    -------------------------------------------------------------------------
<CODE,LCODE> 1 (was LCODE)
  Relative segment, address: CODE AAB6 - AAD9 (0x24 bytes), align: 1
  Segment part 15.
           ENTRY                   ADDRESS         REF BY
           =====                   =======         ======
           HostCtrlInitProc        AAB6            HostCtrlInit (hostctrl_common)
               calls direct
               CSTACK = 00000000 ( 00000002 )

    *************************************************************************

  FILE NAME : C:\workspace\perforce\lagavulin\armos\rocket\obj\coolriver_rev1\delay.o
  PROGRAM MODULE, NAME : delay

  SEGMENTS IN THE MODULE
  ======================
<CODE,LCODE> 1 (was LCODE)
  Relative segment, address: CODE C63C - C673 (0x38 bytes), align: 1
  Segment part 2.
           ENTRY                   ADDRESS         REF BY
           =====                   =======         ======
           HwDelay                 C63C            AdcConvertHw (lagavulin_adc_hw)
                                                   HostCtrlTimerExpiry (hostctrl_omap4430)
               calls direct
               CSTACK = 00000000 ( 0000000A )

    *************************************************************************

  FILE NAME : C:\workspace\perforce\lagavulin\armos\rocket\obj\coolriver_rev1\lagavulin_metrics.o
  PROGRAM MODULE, NAME : lagavulin_metrics

  SEGMENTS IN THE MODULE
  ======================
BOOT_LOADER_MSG
  Relative segment, address: CODE 0001FFFC - 0001FFFF (0x4 bytes), align: 1
  Segment part 2.
           ENTRY                   ADDRESS         REF BY
           =====                   =======         ======
           BootloaderMsg           0001FFFC        WriteBootloaderMsg (lagavulin_updater)
    -------------------------------------------------------------------------
BOOT_IMAGE_INFO
  Relative segment, address: CODE 00011FEA - 00011FFB (0x12 bytes), align: 1
  Segment part 3.             Intra module refs:   LagavulinMetrics
           ENTRY                   ADDRESS         REF BY
           =====                   =======         ======
           BootImageInfo           00011FEA 
    -------------------------------------------------------------------------
APP_IMAGE_INFO
  Relative segment, address: CODE 0001FFEA - 0001FFFB (0x12 bytes), align: 1
  Segment part 4.             Intra module refs:   LagavulinMetrics
           ENTRY                   ADDRESS         REF BY
           =====                   =======         ======
           AppImageInfo            0001FFEA 
    -------------------------------------------------------------------------
DATA16_C
  Relative segment, address: CODE 61E8 - 6229 (0x42 bytes), align: 1
  Segment part 5.
           ENTRY                   ADDRESS         REF BY
           =====                   =======         ======
           LagavulinMetrics        61E8            CodeUpdateStateInit (lagavulin_updater)
                                                   LagavulinRegRead (lagavulin_api)
                                                   ProcessUpdateCommand (lagavulin_updater)

    *************************************************************************

  FILE NAME : C:\workspace\perforce\lagavulin\armos\rocket\obj\coolriver_rev1\lagavulin_gpio.o
  PROGRAM MODULE, NAME : lagavulin_gpio

  SEGMENTS IN THE MODULE
  ======================
DATA16_SFR
  Relative segment, address: IDATA 0000 - 0000 (0x1 bytes), align: 0
  Segment part 1. ROOT.
           ENTRY                   ADDRESS         REF BY
           =====                   =======         ======
           PO0_REG8                0000 
    -------------------------------------------------------------------------
DATA16_SFR
  Relative segment, address: IDATA 0010 - 0010 (0x1 bytes), align: 0
  Segment part 2. ROOT.
           ENTRY                   ADDRESS         REF BY
           =====                   =======         ======
           PI0_REG8                0010 
    -------------------------------------------------------------------------
DATA16_SFR
  Relative segment, address: IDATA 0020 - 0020 (0x1 bytes), align: 0
  Segment part 3. ROOT.
           ENTRY                   ADDRESS         REF BY
           =====                   =======         ======
           PD0_REG8                0020 
    -------------------------------------------------------------------------
DATA16_SFR
  Relative segment, address: IDATA 0022 - 0022 (0x1 bytes), align: 0
  Segment part 4. ROOT.
           ENTRY                   ADDRESS         REF BY
           =====                   =======         ======
           PE0_REG8                0022 
    -------------------------------------------------------------------------
DATA16_SFR
  Relative segment, address: IDATA 0040 - 0040 (0x1 bytes), align: 0
  Segment part 5. ROOT.
           ENTRY                   ADDRESS         REF BY
           =====                   =======         ======
           PO1_REG8                0040 
    -------------------------------------------------------------------------
DATA16_SFR
  Relative segment, address: IDATA 0050 - 0050 (0x1 bytes), align: 0
  Segment part 6. ROOT.
           ENTRY                   ADDRESS         REF BY
           =====                   =======         ======
           PI1_REG8                0050 
    -------------------------------------------------------------------------
DATA16_SFR
  Relative segment, address: IDATA 0060 - 0060 (0x1 bytes), align: 0
  Segment part 7. ROOT.
           ENTRY                   ADDRESS         REF BY
           =====                   =======         ======
           PD1_REG8                0060 
    -------------------------------------------------------------------------
DATA16_SFR
  Relative segment, address: IDATA 0062 - 0062 (0x1 bytes), align: 0
  Segment part 8. ROOT.
           ENTRY                   ADDRESS         REF BY
           =====                   =======         ======
           PE1_REG8                0062 
    -------------------------------------------------------------------------
DATA16_SFR
  Relative segment, address: IDATA 000E - 000E (0x1 bytes), align: 0
  Segment part 9. ROOT.
           ENTRY                   ADDRESS         REF BY
           =====                   =======         ======
           EIF0_REG8               000E 
    -------------------------------------------------------------------------
DATA16_SFR
  Relative segment, address: IDATA 001E - 001E (0x1 bytes), align: 0
  Segment part 10. ROOT.
           ENTRY                   ADDRESS         REF BY
           =====                   =======         ======
           EIE0_REG8               001E 
    -------------------------------------------------------------------------
DATA16_SFR
  Relative segment, address: IDATA 0024 - 0024 (0x1 bytes), align: 0
  Segment part 11. ROOT.
           ENTRY                   ADDRESS         REF BY
           =====                   =======         ======
           EIES0_REG8              0024 
    -------------------------------------------------------------------------
DATA16_Z
  Relative segment, address: DATA 02D0 - 031F (0x50 bytes), align: 1
  Segment part 14.            Intra module refs:   GpioHandler
                                                   GpioInit
                                                   PadRegisterIntHandler
           LOCAL                   ADDRESS         
           =====                   =======         
           PadHandler              02D0 
    -------------------------------------------------------------------------
<CODE,LCODE> 1 (was LCODE)
  Relative segment, address: CODE B1DA - B34B (0x172 bytes), align: 1
  Segment part 15.            Intra module refs:   GpioInit
                                                   PadRegisterIntHandler
           LOCAL                   ADDRESS         
           =====                   =======         
           GpioHandler             B1DA 
               calls direct and indirect
               CSTACK = 00000000 ( 0000000A )
    -------------------------------------------------------------------------
<CODE,LCODE> 1 (was LCODE)
  Relative segment, address: CODE CA5C - CA5D (0x2 bytes), align: 1
  Segment part 16.            Intra module refs:   GpioInit
           LOCAL                   ADDRESS         
           =====                   =======         
           GpioInterruptFailure    CA5C 
               CSTACK = 00000000 ( 00000002 )
    -------------------------------------------------------------------------
<CODE,LCODE> 1 (was LCODE)
  Relative segment, address: CODE CA5E - CA5F (0x2 bytes), align: 1
  Segment part 17.
           ENTRY                   ADDRESS         REF BY
           =====                   =======         ======
           PadSupercapMode         CA5E            HostCtrlGpioReset (hostctrl_common)
               CSTACK = 00000000 ( 00000002 )
    -------------------------------------------------------------------------
<CODE,LCODE> 1 (was LCODE)
  Relative segment, address: CODE 9E46 - A28B (0x446 bytes), align: 1
  Segment part 18.            Intra module refs:   Segment part 23
           ENTRY                   ADDRESS         REF BY
           =====                   =======         ======
           PadConfig               9E46            HostCtrlGpioReset (hostctrl_common)
                                                   HostCtrlGpioResetProc (hostctrl_omap4430)
                                                   HostCtrlPowerLost (hostctrl_common)
                                                   HostCtrlPrepResetProc (hostctrl_omap4430)
                                                   HostCtrlTimerExpiry (hostctrl_omap4430)
                                                   PmicRead (lagavulin_spi)
                                                   PmicWrite (lagavulin_spi)
                                                   SupplySequenceRunInternal (hostctrl_common)
                                                   UpdateInterruptHost (lagavulin_api)
                                                   nreswarmIsr (hostctrl_omap4430)
               calls direct
               CSTACK = 00000000 ( 0000001A )
    -------------------------------------------------------------------------
<CODE,LCODE> 1 (was LCODE)
  Relative segment, address: CODE B9A6 - BA67 (0xc2 bytes), align: 1
  Segment part 19.
           ENTRY                   ADDRESS         REF BY
           =====                   =======         ======
           PadRead                 B9A6            nreswarmIsr (hostctrl_omap4430)
               calls direct
               CSTACK = 00000000 ( 00000006 )
    -------------------------------------------------------------------------
<CODE,LCODE> 1 (was LCODE)
  Relative segment, address: CODE BAFC - BB77 (0x7c bytes), align: 1
  Segment part 21.
           ENTRY                   ADDRESS         REF BY
           =====                   =======         ======
           PadRegisterIntHandler   BAFC            HostCtrlInitProc (hostctrl_omap4430)
               calls direct
               CSTACK = 00000000 ( 00000004 )
    -------------------------------------------------------------------------
<CODE,LCODE> 1 (was LCODE)
  Relative segment, address: CODE BB78 - BBEB (0x74 bytes), align: 1
  Segment part 22.
           ENTRY                   ADDRESS         REF BY
           =====                   =======         ======
           GpioInit                BB78            main (init)
               calls direct
               CSTACK = 00000000 ( 00000002 )
    -------------------------------------------------------------------------
DATA16_C
  Relative segment, address: CODE 622A - 623D (0x14 bytes), align: 1
  Segment part 23.            Intra module refs:   PadConfig

    *************************************************************************

  FILE NAME : C:\workspace\perforce\lagavulin\armos\rocket\obj\coolriver_rev1\lagavulin_misc.o
  PROGRAM MODULE, NAME : lagavulin_misc

  SEGMENTS IN THE MODULE
  ======================
DATA16_SFR
  Relative segment, address: IDATA 0090 - 0091 (0x2 bytes), align: 0
  Segment part 1. ROOT.
           ENTRY                   ADDRESS         REF BY
           =====                   =======         ======
           PWCN_REG16              0090 
    -------------------------------------------------------------------------
DATA16_SFR
  Relative segment, address: IDATA 0148 - 0149 (0x2 bytes), align: 0
  Segment part 2. ROOT.
           ENTRY                   ADDRESS         REF BY
           =====                   =======         ======
           SHDNCN_REG16            0148 
    -------------------------------------------------------------------------
DATA16_SFR
  Relative segment, address: IDATA 021E - 021E (0x1 bytes), align: 0
  Segment part 4. ROOT.
           ENTRY                   ADDRESS         REF BY
           =====                   =======         ======
           WDCN_REG8               021E 
    -------------------------------------------------------------------------
DATA16_N
  Relative segment, address: DATA 0482 - 0483 (0x2 bytes), align: 1
  Segment part 6.             Intra module refs:   RimInitiateReset
                                                   WdtInit
           ENTRY                   ADDRESS         REF BY
           =====                   =======         ======
           ResetCookie             0482 
    -------------------------------------------------------------------------
DATA16_I
  Relative segment, address: DATA 00E6 - 00E6 (0x1 bytes), align: 0
  Segment part 7.             Intra module refs:   UpdateResetStat
                                                   WdtInit
           ENTRY                   ADDRESS         REF BY
           =====                   =======         ======
           ResetStat               00E6            LagavulinRegRead (lagavulin_api)
    -------------------------------------------------------------------------
DATA16_I
  Relative segment, address: DATA 00E7 - 00E7 (0x1 bytes), align: 0
  Segment part 9.             Intra module refs:   WdtInit
           ENTRY                   ADDRESS         REF BY
           =====                   =======         ======
           ResetExtra              00E7            LagavulinRegRead (lagavulin_api)
    -------------------------------------------------------------------------
<CODE,LCODE> 1 (was LCODE)
  Relative segment, address: CODE C57E - C5C3 (0x46 bytes), align: 1
  Segment part 11.            Intra module refs:   ConfigureRstNmi
           ENTRY                   ADDRESS         REF BY
           =====                   =======         ======
           PowerFaultIsr           C57E 
               calls direct
               CSTACK = 00000000 ( 00000004 )
    -------------------------------------------------------------------------
<CODE,LCODE> 1 (was LCODE)
  Relative segment, address: CODE AADA - AB67 (0x8e bytes), align: 1
  Segment part 13.            Intra module refs:   WdtInit
           ENTRY                   ADDRESS         REF BY
           =====                   =======         ======
           UpdateResetStat         AADA            HostCtrlInitiateReset (hostctrl_common)
               CSTACK = 00000000 ( 00000002 )
    -------------------------------------------------------------------------
<CODE,LCODE> 1 (was LCODE)
  Relative segment, address: CODE AB68 - ACCF (0x168 bytes), align: 1
  Segment part 14.
           ENTRY                   ADDRESS         REF BY
           =====                   =======         ======
           WdtInit                 AB68            main (init)
               calls direct
               CSTACK = 00000000 ( 00000004 )
    -------------------------------------------------------------------------
<CODE,LCODE> 1 (was LCODE)
  Relative segment, address: CODE CA60 - CA61 (0x2 bytes), align: 1
  Segment part 15.
           ENTRY                   ADDRESS         REF BY
           =====                   =======         ======
           WdtStartTimer           CA60            main (init)
               CSTACK = 00000000 ( 00000002 )
    -------------------------------------------------------------------------
<CODE,LCODE> 1 (was LCODE)
  Relative segment, address: CODE CA62 - CA63 (0x2 bytes), align: 1
  Segment part 16.
           ENTRY                   ADDRESS         REF BY
           =====                   =======         ======
           WdtHit                  CA62            LagavulinRegWrite (lagavulin_api)
                                                   main (init)
               CSTACK = 00000000 ( 00000002 )
    -------------------------------------------------------------------------
<CODE,LCODE> 1 (was LCODE)
  Relative segment, address: CODE C604 - C63B (0x38 bytes), align: 1
  Segment part 17.
           ENTRY                   ADDRESS         REF BY
           =====                   =======         ======
           RimInitiateReset        C604            HostCtrlTimerExpiry (hostctrl_omap4430)
                                                   LagavulinRegWrite (lagavulin_api)
                                                   PmicFaultHandler (hostctrl_omap4430)
                                                   QueueCallInt (msgque)
               calls direct
               CSTACK = 00000000 ( 00000004 )
    -------------------------------------------------------------------------
<CODE,LCODE> 1 (was LCODE)
  Relative segment, address: CODE C862 - C87B (0x1a bytes), align: 1
  Segment part 18.
           ENTRY                   ADDRESS         REF BY
           =====                   =======         ======
           ConfigureRstNmi         C862            main (init)
               calls direct
               CSTACK = 00000000 ( 00000002 )
    -------------------------------------------------------------------------
DATA16_ID
  Relative segment, address: CODE 63F2 - 63F2 (0x1 bytes), align: 0
  Segment part 8.             Intra module refs:   ResetStat
    -------------------------------------------------------------------------
DATA16_ID
  Relative segment, address: CODE 63F3 - 63F3 (0x1 bytes), align: 0
  Segment part 10.            Intra module refs:   ResetExtra

    *************************************************************************

  FILE NAME : C:\workspace\perforce\lagavulin\armos\rocket\obj\coolriver_rev1\lagavulin_timer.o
  PROGRAM MODULE, NAME : lagavulin_timer

  SEGMENTS IN THE MODULE
  ======================
DATA16_SFR
  Relative segment, address: IDATA 0140 - 0140 (0x1 bytes), align: 0
  Segment part 1. ROOT.
           ENTRY                   ADDRESS         REF BY
           =====                   =======         ======
           T32KCN_REG8             0140 
    -------------------------------------------------------------------------
DATA16_SFR
  Relative segment, address: IDATA 0144 - 0145 (0x2 bytes), align: 0
  Segment part 2. ROOT.
           ENTRY                   ADDRESS         REF BY
           =====                   =======         ======
           T32KV_REG16             0144 
    -------------------------------------------------------------------------
DATA16_SFR
  Relative segment, address: IDATA 0146 - 0147 (0x2 bytes), align: 0
  Segment part 3. ROOT.
           ENTRY                   ADDRESS         REF BY
           =====                   =======         ======
           T32KC_REG16             0146 
    -------------------------------------------------------------------------
DATA16_Z
  Relative segment, address: DATA 0320 - 0321 (0x2 bytes), align: 1
  Segment part 7.             Intra module refs:   RegisterHWTimerExpiry
                                                   TimerMuxHandler
           LOCAL                   ADDRESS         
           =====                   =======         
           muxTimerHandler         0320 
    -------------------------------------------------------------------------
DATA16_Z
  Relative segment, address: DATA 0322 - 0323 (0x2 bytes), align: 1
  Segment part 8.             Intra module refs:   GetHWTimerCountDword
                                                   TimerMuxHandler
           LOCAL                   ADDRESS         
           =====                   =======         
           HighWord                0322 
    -------------------------------------------------------------------------
DATA16_Z
  Relative segment, address: DATA 0324 - 0325 (0x2 bytes), align: 1
  Segment part 9.             Intra module refs:   GetHWTimerCountDword
                                                   TimerMuxHandler
           LOCAL                   ADDRESS         
           =====                   =======         
           Last32kValue            0324 
    -------------------------------------------------------------------------
<CODE,LCODE> 1 (was LCODE)
  Relative segment, address: CODE C4D8 - C533 (0x5c bytes), align: 1
  Segment part 10.            Intra module refs:   TimerHWInit
           ENTRY                   ADDRESS         REF BY
           =====                   =======         ======
           TimerMuxHandler         C4D8 
               calls indirect
               CSTACK = 00000000 ( 00000002 )
    -------------------------------------------------------------------------
<CODE,LCODE> 1 (was LCODE)
  Relative segment, address: CODE B74C - B757 (0xc bytes), align: 1
  Segment part 11.            Intra module refs:   GetHWTimerCountDword
                                                   SetHWTimer
           ENTRY                   ADDRESS         REF BY
           =====                   =======         ======
           GetHWTimerCountWord     B74C 
               CSTACK = 00000000 ( 00000002 )
    -------------------------------------------------------------------------
<CODE,LCODE> 1 (was LCODE)
  Relative segment, address: CODE B758 - B7C5 (0x6e bytes), align: 1
  Segment part 12.
           ENTRY                   ADDRESS         REF BY
           =====                   =======         ======
           GetHWTimerCountDword    B758            HwDelay (delay)
                                                   SetTimer (timer_mux)
                                                   StopTimer (timer_mux)
                                                   expireMuxTimers (timer_mux)
               calls direct
               CSTACK = 00000000 ( 00000006 )
    -------------------------------------------------------------------------
<CODE,LCODE> 1 (was LCODE)
  Relative segment, address: CODE B7C6 - B81B (0x56 bytes), align: 1
  Segment part 13.
           ENTRY                   ADDRESS         REF BY
           =====                   =======         ======
           SetHWTimer              B7C6            setEarliest (timer_mux)
               calls direct
               CSTACK = 00000000 ( 00000006 )
    -------------------------------------------------------------------------
<CODE,LCODE> 1 (was LCODE)
  Relative segment, address: CODE C7C4 - C7E9 (0x26 bytes), align: 1
  Segment part 14.
           ENTRY                   ADDRESS         REF BY
           =====                   =======         ======
           StopHWTimer             C7C4            StopTimer (timer_mux)
                                                   expireMuxTimers (timer_mux)
               CSTACK = 00000000 ( 00000002 )
    -------------------------------------------------------------------------
<CODE,LCODE> 1 (was LCODE)
  Relative segment, address: CODE C7EA - C80B (0x22 bytes), align: 1
  Segment part 15.
           ENTRY                   ADDRESS         REF BY
           =====                   =======         ======
           TimerHWInit             C7EA            TimerInit (timer_mux)
               calls direct
               CSTACK = 00000000 ( 00000002 )
    -------------------------------------------------------------------------
<CODE,LCODE> 1 (was LCODE)
  Relative segment, address: CODE C82A - C847 (0x1e bytes), align: 1
  Segment part 16.
           ENTRY                   ADDRESS         REF BY
           =====                   =======         ======
           TimerHWHalt             C82A            PreEnterDeepSleep (lagavulin_slowclock)
               CSTACK = 00000000 ( 00000002 )
    -------------------------------------------------------------------------
<CODE,LCODE> 1 (was LCODE)
  Relative segment, address: CODE C920 - C931 (0x12 bytes), align: 1
  Segment part 17.
           ENTRY                   ADDRESS         REF BY
           =====                   =======         ======
           RegisterHWTimerExpiry   C920            TimerInit (timer_mux)
               CSTACK = 00000000 ( 00000002 )

    *************************************************************************

  FILE NAME : C:\workspace\perforce\lagavulin\armos\rocket\obj\coolriver_rev1\lagavulin_api.o
  PROGRAM MODULE, NAME : lagavulin_api

  SEGMENTS IN THE MODULE
  ======================
DATA16_Z
  Relative segment, address: DATA 045A - 045C (0x3 bytes), align: 0
  Segment part 3.             Intra module refs:   ApiClearInterruptHost
                                                   ApiInit
                                                   ApiInterruptHost
                                                   LagavulinRegRead
                                                   LagavulinRegStopReceived
                                                   LagavulinRegWrite
                                                   UpdateInterruptHost
           ENTRY                   ADDRESS         REF BY
           =====                   =======         ======
           rReg                    045A 
    -------------------------------------------------------------------------
DATA16_Z
  Relative segment, address: DATA 0326 - 0327 (0x2 bytes), align: 1
  Segment part 4.             Intra module refs:   ApiRegRead
                                                   ApiRegWrite
                                                   ApiStopReceived
           LOCAL                   ADDRESS         
           =====                   =======         
           newTransaction          0326 
    -------------------------------------------------------------------------
DATA16_Z
  Relative segment, address: DATA 0328 - 0397 (0x70 bytes), align: 1
  Segment part 5.             Intra module refs:   ApiInit
                                                   ApiRegRead
                                                   ApiRegWrite
                                                   ApiRegisterHandlers
                                                   ApiStopReceived
           LOCAL                   ADDRESS         
           =====                   =======         
           ApiHandler              0328 
    -------------------------------------------------------------------------
DATA16_Z
  Relative segment, address: DATA 045D - 045D (0x1 bytes), align: 0
  Segment part 6.             Intra module refs:   ApiInit
                                                   LagavulinRegRead
                                                   LagavulinRegWrite
           ENTRY                   ADDRESS         REF BY
           =====                   =======         ======
           SysFlags0               045D 
    -------------------------------------------------------------------------
<CODE,LCODE> 1 (was LCODE)
  Relative segment, address: CODE B05C - B131 (0xd6 bytes), align: 1
  Segment part 9.
           ENTRY                   ADDRESS         REF BY
           =====                   =======         ======
           ApiInit                 B05C            main (init)
               calls direct
               CSTACK = 00000000 ( 00000002 )
    -------------------------------------------------------------------------
<CODE,LCODE> 1 (was LCODE)
  Relative segment, address: CODE B132 - B1D9 (0xa8 bytes), align: 1
  Segment part 11.            Intra module refs:   ApiInit
           ENTRY                   ADDRESS         REF BY
           =====                   =======         ======
           ApiRegisterHandlers     B132            AdcInitHw (lagavulin_adc_hw)
                                                   CodeUpdateStateInit (lagavulin_updater)
               CSTACK = 00000000 ( 00000004 )
    -------------------------------------------------------------------------
<CODE,LCODE> 1 (was LCODE)
  Relative segment, address: CODE 98DC - 9911 (0x36 bytes), align: 1
  Segment part 12.            Intra module refs:   ApiClearInterruptHost
                                                   ApiInterruptHost
                                                   LagavulinRegWrite
           LOCAL                   ADDRESS         
           =====                   =======         
           UpdateInterruptHost     98DC 
               calls direct
               CSTACK = 00000000 ( 00000002 )
    -------------------------------------------------------------------------
<CODE,LCODE> 1 (was LCODE)
  Relative segment, address: CODE 9912 - 9955 (0x44 bytes), align: 1
  Segment part 13.
[...]
                                                   QueueCallInt (msgque)
                                                   expireMuxTimers (timer_mux)
    -------------------------------------------------------------------------
<CODE,LCODE> 1 (was CODE)
  Relative segment, address: CODE 653A - 653D (0x4 bytes), align: 1
  Segment part 23.            Intra module refs:   ?epilogue_10
           ENTRY                   ADDRESS         REF BY
           =====                   =======         ======
           ?epilogue_9             653A            ApiInterruptHost (lagavulin_api)
                                                   ExecuteCall (msgque)
                                                   GenerateCrc16 (lagavulin_crc)
                                                   GetHWTimerCountDword (lagavulin_timer)
                                                   HostCtrlDisableSupplies (hostctrl_common)
                                                   HostCtrlInitiateReset (hostctrl_common)
                                                   PadRead (lagavulin_gpio)
                                                   PmicRegisterIntHandler (lagavulin_pmic_intctrl)
                                                   ProcessUpdateCommand (lagavulin_updater)
                                                   SetHWTimer (lagavulin_timer)
                                                   WriteBootloaderMsg (lagavulin_updater)
                                                   i2cMasterIsr (lagavulin_i2c)
                                                   usr_doReport (mgLib)
    -------------------------------------------------------------------------
<CODE,LCODE> 1 (was CODE)
  Relative segment, address: CODE 653E - 6547 (0xa bytes), align: 1
  Segment part 24.            Intra module refs:   ?epilogue_9
           ENTRY                   ADDRESS         REF BY
           =====                   =======         ======
           ?epilogue_8             653E            ApiClearInterruptHost (lagavulin_api)
                                                   ApiRegisterHandlers (lagavulin_api)
                                                   ConfigureFll (lagavulin_slowclock)
                                                   HostCtrlGpioReset (hostctrl_common)
                                                   HostCtrlStateInit (hostctrl_omap4430)
                                                   HostCtrlTimerExpiry (hostctrl_omap4430)
                                                   I2cInit (lagavulin_i2c)
                                                   I2cRomInit (lagavulin_i2c)
                                                   IsImageValid (lagavulin_updater)
                                                   LagavulinRegRead (lagavulin_api)
                                                   PadRegisterIntHandler (lagavulin_gpio)
                                                   PmicFaultHandler (hostctrl_omap4430)
                                                   PmicIntCtrlHostUninit (lagavulin_pmic_intctrl)
                                                   PmicIntctrlRegRead (lagavulin_pmic_intctrl)
                                                   PmicInterruptDisable (lagavulin_pmic_intctrl)
                                                   PmicInterruptEnable (lagavulin_pmic_intctrl)
                                                   PowerFaultIsr (lagavulin_misc)
                                                   PreEnterDeepSleep (lagavulin_slowclock)
                                                   RegisterIntHandler (lagavulin_intvector)
                                                   WdtInit (lagavulin_misc)
                                                   i2cSlaveIsr (lagavulin_i2c)
                                                   i2cSlaveRomIsr (lagavulin_i2c)
                                                   nreswarmIsr (hostctrl_omap4430)
                                                   usr_doFullDet (mgLib)
           ?epilogue_A             6542            HostCtrlInit (hostctrl_common)

    -------------------------------------------------------------------------
  LIBRARY MODULE, NAME : exit

  SEGMENTS IN THE MODULE
  ======================
__aseg
  Relative segment, address: CODE 0000, align: 0
  Segment part 1. ROOT.
    -------------------------------------------------------------------------
<CODE,LCODE> 1 (was CODE)
  Relative segment, address: CODE 65C0 - 65C5 (0x6 bytes), align: 1
  Segment part 3.
           ENTRY                   ADDRESS         REF BY
           =====                   =======         ======
           exit                    65C0            __MAIN_CALL (__MAIN_CALL)
               CSTACK = 00000002 ( 00000000 )

    -------------------------------------------------------------------------
  LIBRARY MODULE, NAME : MUL_L02

  SEGMENTS IN THE MODULE
  ======================
<CODE,LCODE> 1 (was CODE)
  Relative segment, address: CODE 6586 - 659B (0x16 bytes), align: 1
  Segment part 1.
           ENTRY                   ADDRESS         REF BY
           =====                   =======         ======
           ?SS_MUL_L02             6586 
           ?US_MUL_L02             6586            ApiInit (lagavulin_api)
                                                   ApiRegRead (lagavulin_api)
                                                   ApiRegWrite (lagavulin_api)
                                                   ApiRegisterHandlers (lagavulin_api)
                                                   ApiStopReceived (lagavulin_api)
                                                   ExecuteCall (msgque)
                                                   GpioHandler (lagavulin_gpio)
                                                   GpioInit (lagavulin_gpio)
                                                   I2cRomInit (lagavulin_i2c)
                                                   InterruptControllerInit (lagavulin_intvector)
                                                   LagavulinRegRead (lagavulin_api)
                                                   PadRegisterIntHandler (lagavulin_gpio)
                                                   PmicIntCtrlInit (lagavulin_pmic_intctrl)
                                                   PmicInterruptDisable (lagavulin_pmic_intctrl)
                                                   PmicInterruptEnable (lagavulin_pmic_intctrl)
                                                   PmicInterruptHandlerReal (lagavulin_pmic_intctrl)
                                                   PmicRegisterIntHandler (lagavulin_pmic_intctrl)
                                                   ProcessUpdateCommand (lagavulin_updater)
                                                   QueueCallInt (msgque)
                                                   RegisterIntHandler (lagavulin_intvector)
                                                   RegisterTimerExpiry (timer_mux)
                                                   SetTimer (timer_mux)
                                                   StopTimer (timer_mux)
                                                   SupplySequenceRunInternal (hostctrl_common)
                                                   TimerInit (timer_mux)
                                                   expireMuxTimers (timer_mux)
                                                   getIsr (lagavulin_intvector)
                                                   hwInitI2c (lagavulin_i2c)
                                                   i2cIsrHandler (lagavulin_i2c)
                                                   i2cMasterIsr (lagavulin_i2c)
                                                   i2cSlaveDummyIsr (lagavulin_i2c)
                                                   i2cSlaveIsr (lagavulin_i2c)
                                                   i2cSlaveRomIsr (lagavulin_i2c)
                                                   unSetTimer (timer_mux)

    -------------------------------------------------------------------------
  LIBRARY MODULE, NAME : MUL_L03

  SEGMENTS IN THE MODULE
  ======================
<CODE,LCODE> 1 (was CODE)
  Relative segment, address: CODE 6548 - 656B (0x24 bytes), align: 1
  Segment part 1.
           ENTRY                   ADDRESS         REF BY
           =====                   =======         ======
           ?SL_MUL_L03             6548 
           ?UL_MUL_L03             6548            exeModelGauge (mgLib)

    -------------------------------------------------------------------------
  LIBRARY MODULE, NAME : UL_SHL_L03

  SEGMENTS IN THE MODULE
  ======================
<CODE,LCODE> 1 (was CODE)
  Relative segment, address: CODE 659C - 65A7 (0xc bytes), align: 1
  Segment part 1.
           ENTRY                   ADDRESS         REF BY
           =====                   =======         ======
           ?UL_SHL_L03             659C            GetHWTimerCountDword (lagavulin_timer)
                                                   exeModelGauge (mgLib)
                                                   initModelGauge (mgLib)

    -------------------------------------------------------------------------
  LIBRARY MODULE, NAME : SL_SHR_L03

  SEGMENTS IN THE MODULE
  ======================
<CODE,LCODE> 1 (was CODE)
  Relative segment, address: CODE 65A8 - 65B3 (0xc bytes), align: 1
  Segment part 1.
           ENTRY                   ADDRESS         REF BY
           =====                   =======         ======
           ?SL_SHR_L03             65A8            Segment part 85 (mgLib)
                                                   usr_doFullDet (mgLib)

    -------------------------------------------------------------------------
  LIBRARY MODULE, NAME : UL_SHR_L03

  SEGMENTS IN THE MODULE
  ======================
<CODE,LCODE> 1 (was CODE)
  Relative segment, address: CODE 65B4 - 65BF (0xc bytes), align: 1
  Segment part 1.
           ENTRY                   ADDRESS         REF BY
           =====                   =======         ======
           ?UL_SHR_L03             65B4            AdcRawCb (lagavulin_adc_hw)
                                                   Segment part 104 (mgLib)

    -------------------------------------------------------------------------
  LIBRARY MODULE, NAME : Q20_DivideRaw

  SEGMENTS IN THE MODULE
  ======================
__aseg
  Relative segment, address: CODE 0000, align: 0
  Segment part 1. ROOT.
    -------------------------------------------------------------------------
<CODE,LCODE> 1 (was CODE)
  Relative segment, address: CODE 64A2 - 64E3 (0x42 bytes), align: 1
  Segment part 2.
           ENTRY                   ADDRESS         REF BY
           =====                   =======         ======
           Q20_DivideRaw_add       64B8 
           Q20_DivideRaw_sub       64A2            ?UL_DIV_L03 (UL_DIV_L03)

    -------------------------------------------------------------------------
  LIBRARY MODULE, NAME : ?move_long_b

  SEGMENTS IN THE MODULE
  ======================
<CODE,LCODE> 1 (was CODE)
  Relative segment, address: CODE 6458 - 64A1 (0x4a bytes), align: 1
  Segment part 1.
           ENTRY                   ADDRESS         REF BY
           =====                   =======         ======
           ?move_long_b            6458            HostCtrlDisableSupplies (hostctrl_common)
                                                   HostCtrlInitiateReset (hostctrl_common)

    -------------------------------------------------------------------------
  LIBRARY MODULE, NAME : SL_DIV_L03

  SEGMENTS IN THE MODULE
  ======================
__aseg
  Relative segment, address: CODE 0000, align: 0
  Segment part 1. ROOT.
    -------------------------------------------------------------------------
<CODE,LCODE> 1 (was CODE)
  Relative segment, address: CODE 64E4 - 6521 (0x3e bytes), align: 1
  Segment part 2.
           ENTRY                   ADDRESS         REF BY
           =====                   =======         ======
           ?SL_DIV_L03             64E4            Segment part 48 (mgLib)

    -------------------------------------------------------------------------
  LIBRARY MODULE, NAME : UL_DIV_L03

  SEGMENTS IN THE MODULE
  ======================
__aseg
  Relative segment, address: CODE 0000, align: 0
  Segment part 1. ROOT.
    -------------------------------------------------------------------------
<CODE,LCODE> 1 (was CODE)
  Relative segment, address: CODE 656C - 6585 (0x1a bytes), align: 1
  Segment part 2.
           ENTRY                   ADDRESS         REF BY
           =====                   =======         ======
           ?UL_DIV_L03             656C            ?SL_DIV_L03 (SL_DIV_L03)
                                                   exeModelGauge (mgLib)




                ****************************************
                *                                      *
                *      SEGMENTS IN ADDRESS ORDER       *
                *                                      *
                ****************************************


SEGMENT              SPACE    START ADDRESS   END ADDRESS     SIZE  TYPE  ALIGN
=======              =====    =============   ===========     ====  ====  =====
__aseg               CODE                 0000                       rel    0
__ULDR_PASSWORD      CODE              3E00 - 3E07               8   rel    0
                     CODE              3E1E - 3E3F              22 
ULDR_SECTOR          CODE              4000 - 45D9             5DA   rel    1
INTVEC               CODE              6040 - 6043               4   rel    0
USR_MG_VECTOR        CODE              6044 - 6047               4   rel    0
INTVEC               CODE              6050 - 6053               4   rel    0
USR_MG_VECTOR        CODE              6054 - 605F               C   rel    0
INTVEC               CODE              6060 - 6063               4   rel    0
USR_MG_VECTOR        CODE              6064 - 606F               C   rel    0
INTVEC               CODE              6070 - 6073               4   rel    0
USR_MG_VECTOR        CODE              6074 - 607F               C   rel    0
INTVEC               CODE              6080 - 6083               4   rel    0
USR_MG_VECTOR        CODE              6084 - 608F               C   rel    0
INTVEC               CODE              6090 - 6093               4   rel    0
USR_MG_VECTOR        CODE              6094 - 609F               C   rel    0
INTVEC               CODE              60A0 - 60A3               4   rel    0
USR_MG_VECTOR        CODE              60A4 - 60AF               C   rel    0
INTVEC               CODE              60B0 - 60B3               4   rel    0
USR_MG_VECTOR        CODE              60B4 - 60BF               C   rel    0
INTVEC               CODE              60C0 - 60C3               4   rel    0
USR_MG_VECTOR        CODE              60C4 - 60CF               C   rel    0
INTVEC               CODE              60D0 - 60D3               4   rel    0
USR_MG_VECTOR        CODE              60D4 - 60DF               C   rel    0
INTVEC               CODE              60E0 - 60E3               4   rel    0
USR_MG_VECTOR        CODE              60E4 - 60EF               C   rel    0
INTVEC               CODE              60F0 - 60F3               4   rel    0
USR_MG_VECTOR        CODE              60F4 - 60FF               C   rel    0
INTVEC               CODE              6100 - 6103               4   rel    0
USR_MG_VECTOR        CODE                 6104                       rel    0
INTVEC               CODE              6110 - 6113               4   rel    0
USR_MG_VECTOR        CODE                 6114                       rel    0
INTVEC               CODE              6120 - 6123               4   rel    0
USR_MG_VECTOR        CODE                 6124                       rel    0
INTVEC               CODE              6130 - 6133               4   rel    0
USR_MG_VECTOR        CODE                 6134                       rel    0
RCODE                CODE                 6140                       rel    0
RCODE                CODE              6140 - 6187              48   rel    1
DATA16_C             CODE              6188 - 63AD             226   rel    1
DATA16_ID            CODE              63AE - 63F4              47   rel    1
<CODE> 1             CODE              63F5 - 6456              62   rel    0
<CODE,LCODE> 1       CODE              6458 - CA67            6610   rel    1
BOOT_IMAGE_INFO      CODE          00011FEA - 00011FFB          12   rel    1
APP_IMAGE_INFO       CODE          0001FFEA - 0001FFFB          12   rel    1
BOOT_LOADER_MSG      CODE          0001FFFC - 0001FFFF           4   rel    1
DATA16_AN            DATA              0002 - 008D              8C   rel    0
DATA16_I             DATA              00A2 - 00E8              47   rel    1
DATA16_Z             DATA              00EA - 0480             397   rel    1
DATA16_N             DATA              0482 - 048D               C   rel    1
CSTACK               DATA              1DCD - 1FC0             1F4   rel    0
DATA16_SFR           IDATA             0000 - 0000               1   rel    0
                     IDATA             0008 - 000E               7 
                     IDATA             0010 - 0010               1 
                     IDATA             0016 - 0019               4 
                     IDATA             001E - 001E               1 
                     IDATA             0020 - 0020               1 
                     IDATA             0022 - 0022               1 
                     IDATA             0024 - 0024               1 
                     IDATA             0040 - 0040               1 
                     IDATA             0048 - 0050               9 
                     IDATA             0056 - 0059               4 
                     IDATA             0060 - 0060               1 
                     IDATA             0062 - 0062               1 
                     IDATA             0064 - 0067               4 
                     IDATA             0080 - 0080               1 
                     IDATA             0082 - 008D               C 
                     IDATA             0090 - 0094               5 
                     IDATA             0096 - 0097               2 
                     IDATA             009A - 009B               2 
                     IDATA             0100 - 0104               5 
                     IDATA             0108 - 010A               3 
                     IDATA             0110 - 0111               2 
                     IDATA             0140 - 0140               1 
                     IDATA             0144 - 014B               8 
                     IDATA             020A - 020A               1 
                     IDATA             0210 - 0211               2 
                     IDATA             021C - 021C               1 
                     IDATA             021E - 021E               1 
DATA16_SFR           IDATA             0344 - 0345               2   rel    0

                ****************************************
                *                                      *
                *        END OF CROSS REFERENCE        *
                *                                      *
                ****************************************

 28 457 bytes of CODE  memory (+ 242 absolute )
  1 502 bytes of DATA  memory (+ 140 absolute )
      0 bytes of IDATA memory (+  85 absolute )

Errors: none
Warnings: none

