################################################################################
#                                                                              #
#      IAR Universal Linker V4.61I/W32                                         #
#                                                                              #
#           Link time     =  07/Jul/2011  14:44:44                             #
#           Target CPU    =  MAXQ                                              #
#           List file     =  obj\roundrock_rev2_lagavulin\lagavulin.map        #
#           Output file 1 =  C:\workspace\perforce\lagavulin\armos\rocket\obj\ #
#                            roundrock_rev2_lagavulin\lagavulin.d66            #
#                            Format: debug                                     #
#                            UBROF version 10.0.2                              #
#                            Using library modules for C-SPY (-rt)             #
#           Output file 2 =  C:\workspace\perforce\lagavulin\armos\rocket\obj\ #
#                            roundrock_rev2_lagavulin\lagavulin.out            #
#                            Format: intel-extended                            #
#           Command line  =  -S -f scatter/lagavulin_lnkmq31.xcl (-cmaxq       #
#                            -Z(CODE)RESET=6000-601B -Z(CODE)DEBUG=601C-603F   #
#                            -Z(CODE)INTVEC=6040-613F                          #
#                            -Z(CODE)RCODE=6140-FFFF                           #
#                            -P(CODE)DATA16_C,DATA8_ID,DATA16_ID,CHECKSUM,CONS #
#                            T                                                 #
#                            -P(CODE)CODE=6140-FFFF                            #
#                            -P(CODE)FARCODE=10000-1FFFF                       #
#                            -P(CODE)LCODE=6140-1FFFF                          #
#                            -Z(CODE)PRIMARY_CODE=6140-11FFF                   #
#                            -Z(CODE)SECONDARY_CODE=12000-1FFFF                #
#                            -Z(CODE)SYS_SECTOR=140-3FFF                       #
#                            -Z(CODE)ULDR_SECTOR=4000-5FFF                     #
#                            -Z(CODE)UAPP_SECTOR=6000-1FFFF                    #
#                            -Z(CODE)UPWD_SECTOR=6020-603F                     #
#                            -Z(CODE)BOOT_MANAGER=3E00-3FFF                    #
#                            -Z(CODE)BOOT_IMAGE_INFO=11FEA-11FFB               #
#                            -Z(CODE)APP_IMAGE_INFO=1FFEA-1FFFB                #
#                            -Z(CODE)BOOT_LOADER_MSG=1FFFC-1FFFF               #
#                            -Z(DATA)DATA16_I,DATA16_Z,DATA16_N=A2-1FC0        #
#                            -Z(DATA)CSTACK+_CSTACK_SIZE#800-1FC0              #
#                            -Z(DATA)HEAP+_HEAP_SIZE=800-1FC0                  #
#                            -D_CSTACK_SIZE=1F4 -D_HEAP_SIZE=1F4               #
#                            -D?UTIL_MOVE_DP0=10026                            #
#                            -D?UTIL_MOVE_DP0_INC=1002A                        #
#                            -D?UTIL_MOVE_DP0_DEC=1002E                        #
#                            -D?UTIL_MOVE_DP1=10032                            #
#                            -D?UTIL_MOVE_DP1_INC=10036                        #
#                            -D?UTIL_MOVE_DP1_DEC=1003A                        #
#                            -D?UTIL_MOVE_FP=1003E -D?UTIL_MOVE_FP_INC=10042   #
#                            -D?UTIL_MOVE_FP_DEC=10046 -D?UTIL_CRC16=10052     #
#                            -D?UTIL_FLASH_WRITE=1005E                         #
#                            -D?UTIL_FLASH_ERASE_PAGE=10062)                   #
#                            -Iiarmaxq220i/lib                                 #
#                            obj/roundrock_rev2_lagavulin/init.o               #
#                            obj/roundrock_rev2_lagavulin/timer_mux.o          #
#                            obj/roundrock_rev2_lagavulin/eventlog.o           #
#                            obj/roundrock_rev2_lagavulin/msgque.o             #
#                            obj/roundrock_rev2_lagavulin/hostctrl_common.o    #
#                            obj/roundrock_rev2_lagavulin/hostctrl_tavormg.o   #
#                            obj/roundrock_rev2_lagavulin/delay.o              #
#                            obj/roundrock_rev2_lagavulin/lagavulin_metrics.o  #
#                            obj/roundrock_rev2_lagavulin/lagavulin_gpio.o     #
#                            obj/roundrock_rev2_lagavulin/lagavulin_misc.o     #
#                            obj/roundrock_rev2_lagavulin/lagavulin_timer.o    #
#                            obj/roundrock_rev2_lagavulin/lagavulin_api.o      #
#                            obj/roundrock_rev2_lagavulin/lagavulin_i2c.o      #
#                            obj/roundrock_rev2_lagavulin/lagavulin_slowclock. #
#                            o                                                 #
#                            obj/roundrock_rev2_lagavulin/lagavulin_spi.o      #
#                            obj/roundrock_rev2_lagavulin/mq31_flash.o         #
#                            obj/roundrock_rev2_lagavulin/lagavulin_pmic_intct #
#                            rl.o                                              #
#                            obj/roundrock_rev2_lagavulin/lagavulin_intvector. #
#                            o                                                 #
#                            obj/roundrock_rev2_lagavulin/lagavulin_updater.o  #
#                            obj/roundrock_rev2_lagavulin/lagavulin_crc.o      #
#                            obj/roundrock_rev2_lagavulin/lagavulin_adc_hw.o   #
#                            obj/roundrock_rev2_lagavulin/mq31_inout.o         #
#                            obj/roundrock_rev2_lagavulin/app_init.o           #
#                            obj/roundrock_rev2_lagavulin/adc.o                #
#                            obj/roundrock_rev2_lagavulin/led.o                #
#                            obj/roundrock_rev2_lagavulin/gpio_relay.o         #
#                            obj/roundrock_rev2_lagavulin/hostctrl_paslump.o   #
#                            obj/roundrock_rev2_lagavulin/lagavulin_led_hw.o   #
#                            obj/roundrock_rev2_lagavulin/lagavulin_utc.o      #
#                            cstartup_usr.r66 mgLib.r66                        #
#                            clib/clmaxq68mllc.r66 -l                          #
#                            obj/roundrock_rev2_lagavulin/lagavulin.map -xms   #
#                            -Ointel-extended=obj/roundrock_rev2_lagavulin/lag #
#                            avulin.out                                        #
#                            -rt                                               #
#                                                                              #
#                        Copyright 1987-2008 IAR Systems. All rights reserved. #
################################################################################





                ****************************************
                *                                      *
                *           CROSS REFERENCE            *
                *                                      *
                ****************************************

                  There are no program entries.




                ****************************************
                *                                      *
                *            RUNTIME MODEL             *
                *                                      *
                ****************************************

  __accumulators  = 16+
  __code_model    = l
  __const_in_code = 1
  __cpu_core      = MAXQ68
  __data_model    = l
  __rt_version    = 2



                ****************************************
                *                                      *
                *              MODULE MAP              *
                *                                      *
                ****************************************


  DEFINED ABSOLUTE ENTRIES
    *************************************************************************

  DEFINED ABSOLUTE ENTRIES
  PROGRAM MODULE, NAME : ?ABS_ENTRY_MOD

Absolute parts
           ENTRY                   ADDRESS         REF BY
           =====                   =======         ======
           ?UTIL_FLASH_ERASE_PAGE
                                   00010062        flash_erasePage (flash)
           ?UTIL_FLASH_WRITE       0001005E        flash_writeWord (flash)
           ?UTIL_CRC16             00010052        flash_crc (flash)
           ?UTIL_MOVE_FP_DEC       00010046 
           ?UTIL_MOVE_FP_INC       00010042        ?move_long_l (?move_long_l)
           ?UTIL_MOVE_FP           0001003E 
           ?UTIL_MOVE_DP1_DEC      0001003A 
           ?UTIL_MOVE_DP1_INC      00010036 
           ?UTIL_MOVE_DP1          00010032 
           ?UTIL_MOVE_DP0_DEC      0001002E        SetTimer (timer_mux)
                                                   StopTimer (timer_mux)
                                                   adcSm (adc)
                                                   exeModelGauge (mgLib)
                                                   expireMuxTimers (timer_mux)
                                                   unSetTimer (timer_mux)
                                                   usr_doFullDet (mgLib)
                                                   usr_doReport (mgLib)
                                                   usr_doTakedQ (mgLib)
           ?UTIL_MOVE_DP0_INC      0001002A        SetTimer (timer_mux)
                                                   StopTimer (timer_mux)
                                                   adcSm (adc)
                                                   exeModelGauge (mgLib)
                                                   expireMuxTimers (timer_mux)
                                                   unSetTimer (timer_mux)
                                                   usr_doFullDet (mgLib)
                                                   usr_doReport (mgLib)
                                                   usr_doTakedQ (mgLib)
           ?UTIL_MOVE_DP0          00010026        ApiRegRead (lagavulin_api)
                                                   ApiRegWrite (lagavulin_api)
                                                   ApiStopReceived (lagavulin_api)
                                                   CodeUpdateStateInit (lagavulin_updater)
                                                   EventLogAdd (eventlog)
                                                   ExecuteCall (msgque)
                                                   GpioHandler (lagavulin_gpio)
                                                   HostCtrlDisableSupplies (hostctrl_common)
                                                   HostCtrlInitiateReset (hostctrl_common)
                                                   HostCtrlPmicRegisterReset (hostctrl_common)
                                                   IsImageValid (lagavulin_updater)
                                                   LagavulinRegRead (lagavulin_api)
                                                   PaSlumpStartConversion (adc)
                                                   PaSlumpStopConversion (adc)
                                                   PmicFaultHandler (hostctrl_tavormg)
                                                   PmicInterruptDisable (lagavulin_pmic_intctrl)
                                                   PmicInterruptEnable (lagavulin_pmic_intctrl)
                                                   PmicInterruptHandlerReal (lagavulin_pmic_intctrl)
                                                   PmicRegisterIntHandler (lagavulin_pmic_intctrl)
                                                   PmicUpdateIntMaskRegisterReal (lagavulin_pmic_intctrl)
                                                   ProcessUpdateCommand (lagavulin_updater)
                                                   SetTimer (timer_mux)
                                                   StopTimer (timer_mux)
                                                   SupplySequenceRunInternal (hostctrl_common)
                                                   UtcGetTimeInternal (lagavulin_utc)
                                                   adcInhibitGetSource (adc)
                                                   adcRegRead (adc)
                                                   adcRegWrite (adc)
                                                   adcSched (adc)
                                                   adcSetState (adc)
                                                   adcSm (adc)
                                                   adcStartConversion (adc)
                                                   adcStopReceived (adc)
                                                   exeModelGauge (mgLib)
                                                   expireMuxTimers (timer_mux)
                                                   i2cIsrHandler (lagavulin_i2c)
                                                   i2cMasterIsr (lagavulin_i2c)
                                                   i2cSlaveDummyIsr (lagavulin_i2c)
                                                   i2cSlaveIsr (lagavulin_i2c)
                                                   i2cSlaveRomIsr (lagavulin_i2c)
                                                   initModelGauge (mgLib)
                                                   memcpy (?MEMCPY)
                                                   unSetTimer (timer_mux)
                                                   updateAdcInterrupts (adc)
                                                   usr_doFullDet (mgLib)
                                                   usr_doReport (mgLib)
           _HEAP_SIZE              01F4 
           _CSTACK_SIZE            01F4 
    *************************************************************************

  FILE NAME : C:\workspace\perforce\lagavulin\armos\rocket\obj\roundrock_rev2_lagavulin\init.o
  PROGRAM MODULE, NAME : init

  SEGMENTS IN THE MODULE
  ======================
<CODE,LCODE> 1 (was LCODE)
  Relative segment, address: CODE F5CA - F5D7 (0xe bytes), align: 1
  Segment part 2.             Intra module refs:   main
           ENTRY                   ADDRESS         REF BY
           =====                   =======         ======
           SwitchToXtal            F5CA 
               calls direct
               CSTACK = 00000000 ( 00000002 )
    -------------------------------------------------------------------------
<CODE,LCODE> 1 (was LCODE)
  Relative segment, address: CODE E644 - E6D3 (0x90 bytes), align: 1
  Segment part 3.
           ENTRY                   ADDRESS         REF BY
           =====                   =======         ======
           main                    E644            __MAIN_CALL (__MAIN_CALL)
               calls direct
               CSTACK = 00000000 ( 00000002 )

    *************************************************************************

  FILE NAME : C:\workspace\perforce\lagavulin\armos\rocket\obj\roundrock_rev2_lagavulin\timer_mux.o
  PROGRAM MODULE, NAME : timer_mux

  SEGMENTS IN THE MODULE
  ======================
DATA16_Z
  Relative segment, address: DATA 00EA - 0109 (0x20 bytes), align: 1
  Segment part 3.             Intra module refs:   SetTimer
                                                   StopTimer
                                                   TimerInit
                                                   unSetTimer
           LOCAL                   ADDRESS         
           =====                   =======         
           IsSet                   00EA 
    -------------------------------------------------------------------------
DATA16_Z
  Relative segment, address: DATA 010A - 0149 (0x40 bytes), align: 1
  Segment part 4.             Intra module refs:   SetTimer
                                                   StopTimer
                                                   expireMuxTimers
                                                   unSetTimer
           LOCAL                   ADDRESS         
           =====                   =======         
           MatchValue              010A 
    -------------------------------------------------------------------------
DATA16_Z
  Relative segment, address: DATA 014A - 0169 (0x20 bytes), align: 1
  Segment part 5.             Intra module refs:   RegisterTimerExpiry
                                                   TimerInit
                                                   expireMuxTimers
           LOCAL                   ADDRESS         
           =====                   =======         
           TimerHandler            014A 
    -------------------------------------------------------------------------
DATA16_Z
  Relative segment, address: DATA 016A - 0189 (0x20 bytes), align: 1
  Segment part 6.             Intra module refs:   RegisterTimerExpiry
                                                   expireMuxTimers
           LOCAL                   ADDRESS         
           =====                   =======         
           HandlerData             016A 
    -------------------------------------------------------------------------
DATA16_Z
  Relative segment, address: DATA 0604 - 0613 (0x10 bytes), align: 0
  Segment part 7.             Intra module refs:   SetTimer
                                                   StopTimer
                                                   expireMuxTimers
                                                   unSetTimer
           LOCAL                   ADDRESS         
           =====                   =======         
           pq                      0604 
    -------------------------------------------------------------------------
DATA16_Z
  Relative segment, address: DATA 018A - 018B (0x2 bytes), align: 1
  Segment part 8.             Intra module refs:   SetTimer
                                                   StopTimer
                                                   expireMuxTimers
                                                   unSetTimer
           LOCAL                   ADDRESS         
           =====                   =======         
           numSet                  018A 
    -------------------------------------------------------------------------
<CODE,LCODE> 1 (was LCODE)
  Relative segment, address: CODE A3E8 - A40D (0x26 bytes), align: 1
  Segment part 9.             Intra module refs:   expireMuxTimers
           LOCAL                   ADDRESS         
           =====                   =======         
           betweeneq               A3E8 
               CSTACK = 00000000 ( 00000002 )
    -------------------------------------------------------------------------
<CODE,LCODE> 1 (was LCODE)
  Relative segment, address: CODE A40E - A433 (0x26 bytes), align: 1
  Segment part 10.            Intra module refs:   SetTimer
                                                   unSetTimer
           LOCAL                   ADDRESS         
           =====                   =======         
           between                 A40E 
               CSTACK = 00000000 ( 00000002 )
    -------------------------------------------------------------------------
<CODE,LCODE> 1 (was LCODE)
  Relative segment, address: CODE A434 - A457 (0x24 bytes), align: 1
  Segment part 11.            Intra module refs:   StopTimer
                                                   expireMuxTimers
           LOCAL                   ADDRESS         
           =====                   =======         
           setEarliest             A434 
               calls direct
               CSTACK = 00000000 ( 00000002 )
    -------------------------------------------------------------------------
<CODE,LCODE> 1 (was LCODE)
  Relative segment, address: CODE A458 - A459 (0x2 bytes), align: 1
  Segment part 12.            Intra module refs:   RegisterTimerExpiry
                                                   TimerInit
           LOCAL                   ADDRESS         
           =====                   =======         
           TimerCallbackFailure    A458 
               CSTACK = 00000000 ( 00000002 )
    -------------------------------------------------------------------------
<CODE,LCODE> 1 (was LCODE)
  Relative segment, address: CODE A45A - A7B3 (0x35a bytes), align: 1
  Segment part 13.            Intra module refs:   StopTimer
                                                   expireMuxTimers
           LOCAL                   ADDRESS         
           =====                   =======         
           unSetTimer              A45A 
               calls direct
               CSTACK = 00000000 ( 0000000A )
    -------------------------------------------------------------------------
<CODE,LCODE> 1 (was LCODE)
  Relative segment, address: CODE A7B4 - A92B (0x178 bytes), align: 1
  Segment part 14.            Intra module refs:   SetTimer
                                                   TimerInit
           LOCAL                   ADDRESS         
           =====                   =======         
           expireMuxTimers         A7B4 
               calls direct and indirect
               CSTACK = 00000000 ( 00000008 )
    -------------------------------------------------------------------------
<CODE,LCODE> 1 (was LCODE)
  Relative segment, address: CODE A92C - AB7B (0x250 bytes), align: 1
  Segment part 15.
           ENTRY                   ADDRESS         REF BY
           =====                   =======         ======
           SetTimer                A92C            AdcRawCb (lagavulin_adc_hw)
                                                   HostCtrlStateInit (hostctrl_tavormg)
                                                   HostCtrlTimerExpiry (hostctrl_tavormg)
                                                   SupplySequenceRunInternal (hostctrl_common)
                                                   UtcInit (lagavulin_utc)
                                                   UtcSetTime (lagavulin_utc)
                                                   UtcTimerExpiry (lagavulin_utc)
                                                   WdtIsr (lagavulin_misc)
                                                   WdtStartTimer (lagavulin_misc)
                                                   adcSetState (adc)
                                                   main (init)
               calls direct
               CSTACK = 00000000 ( 00000010 )
    -------------------------------------------------------------------------
<CODE,LCODE> 1 (was LCODE)
  Relative segment, address: CODE AB7C - ACA7 (0x12c bytes), align: 1
  Segment part 16.            Intra module refs:   SetTimer
           ENTRY                   ADDRESS         REF BY
           =====                   =======         ======
           StopTimer               AB7C            AdcUninit (adc)
                                                   HostCtrlTimerExpiry (hostctrl_tavormg)
                                                   UtcDisable (lagavulin_utc)
                                                   adcSm (adc)
               calls direct
               CSTACK = 00000000 ( 0000000A )
    -------------------------------------------------------------------------
<CODE,LCODE> 1 (was LCODE)
  Relative segment, address: CODE EA62 - EAC5 (0x64 bytes), align: 1
  Segment part 17.
           ENTRY                   ADDRESS         REF BY
           =====                   =======         ======
           RegisterTimerExpiry     EA62            AdcInit (adc)
                                                   AdcInitHw (lagavulin_adc_hw)
                                                   HostCtrlInit (hostctrl_common)
                                                   HostCtrlInitProc (hostctrl_tavormg)
                                                   UtcInit (lagavulin_utc)
                                                   WdtStartTimer (lagavulin_misc)
                                                   main (init)
               CSTACK = 00000000 ( 00000002 )
    -------------------------------------------------------------------------
<CODE,LCODE> 1 (was LCODE)
  Relative segment, address: CODE EB28 - EB83 (0x5c bytes), align: 1
  Segment part 18.
           ENTRY                   ADDRESS         REF BY
           =====                   =======         ======
           TimerInit               EB28            main (init)
               calls direct
               CSTACK = 00000000 ( 00000002 )

    *************************************************************************

  FILE NAME : C:\workspace\perforce\lagavulin\armos\rocket\obj\roundrock_rev2_lagavulin\eventlog.o
  PROGRAM MODULE, NAME : eventlog

  SEGMENTS IN THE MODULE
  ======================
DATA16_Z
  Relative segment, address: DATA 018C - 0291 (0x106 bytes), align: 1
  Segment part 3.             Intra module refs:   EventLogAdd
                                                   EventLogInit
           ENTRY                   ADDRESS         REF BY
           =====                   =======         ======
           CurrentEventLog         018C 
    -------------------------------------------------------------------------
DATA16_Z
  Relative segment, address: DATA 0292 - 0397 (0x106 bytes), align: 1
  Segment part 4.             Intra module refs:   EventLogInit
                                                   SavedEventLogRewind
           ENTRY                   ADDRESS         REF BY
           =====                   =======         ======
           SavedEventLog           0292 
    -------------------------------------------------------------------------
DATA16_Z
  Relative segment, address: DATA 0398 - 0399 (0x2 bytes), align: 1
  Segment part 5.             Intra module refs:   EventLogInit
                                                   SavedEventLogRewind
           ENTRY                   ADDRESS         REF BY
           =====                   =======         ======
           SavedEventLogByteIndex
                                   0398 
    -------------------------------------------------------------------------
DATA16_Z
  Relative segment, address: DATA 039A - 039B (0x2 bytes), align: 1
  Segment part 6.             Intra module refs:   EventLogInit
                                                   SavedEventLogRewind
           ENTRY                   ADDRESS         REF BY
           =====                   =======         ======
           SavedEventLogSize       039A 
    -------------------------------------------------------------------------
DATA16_Z
  Relative segment, address: DATA 039C - 039D (0x2 bytes), align: 1
  Segment part 7.             Intra module refs:   EventLogInit
                                                   SavedEventLogRewind
           ENTRY                   ADDRESS         REF BY
           =====                   =======         ======
           SavedEventLogReadCount
                                   039C 
    -------------------------------------------------------------------------
<CODE,LCODE> 1 (was LCODE)
  Relative segment, address: CODE D24A - D2C7 (0x7e bytes), align: 1
  Segment part 8.
           ENTRY                   ADDRESS         REF BY
           =====                   =======         ======
           EventLogInit            D24A            HostCtrlInitiateReset (hostctrl_common)
                                                   main (init)
               calls direct
               CSTACK = 00000000 ( 00000002 )
    -------------------------------------------------------------------------
<CODE,LCODE> 1 (was LCODE)
  Relative segment, address: CODE D2C8 - D49D (0x1d6 bytes), align: 1
  Segment part 10.            Intra module refs:   EventLogAddN
                                                   EventLogInit
           ENTRY                   ADDRESS         REF BY
           =====                   =======         ======
           EventLogAdd             D2C8            AdcCompleteIsrHw (lagavulin_adc_hw)
                                                   AppEntrypoint (app_init)
                                                   CodeUpdateStateInit (lagavulin_updater)
                                                   ConfigureXt1External (lagavulin_slowclock)
                                                   ExecuteCall (msgque)
                                                   HostCtrlTimerExpiry (hostctrl_tavormg)
                                                   I2cInit (lagavulin_i2c)
                                                   PmicInterruptHandlerReal (lagavulin_pmic_intctrl)
                                                   PowerFaultIsr (lagavulin_misc)
                                                   ProcessUpdateCommand (lagavulin_updater)
                                                   QueueCallInt (msgque)
                                                   RimInitiateReset (lagavulin_misc)
                                                   WdtHit (lagavulin_misc)
                                                   WdtInit (lagavulin_misc)
                                                   WdtIsr (lagavulin_misc)
                                                   WriteBootloaderMsg (lagavulin_updater)
                                                   adcCompleteCb (adc)
                                                   i2c0RxTxIsr (lagavulin_i2c)
                                                   i2c1RxTxIsr (lagavulin_i2c)
                                                   i2c2RxTxIsr (lagavulin_i2c)
                                                   i2cMasterIsr (lagavulin_i2c)
                                                   i2cSlaveRomIsr (lagavulin_i2c)
                                                   main (init)
                                                   unregisteredHandler (lagavulin_intvector)
               CSTACK = 00000000 ( 00000002 )
    -------------------------------------------------------------------------
<CODE,LCODE> 1 (was LCODE)
  Relative segment, address: CODE D49E - D4D5 (0x38 bytes), align: 1
  Segment part 11.
           ENTRY                   ADDRESS         REF BY
           =====                   =======         ======
           EventLogAddN            D49E            ApiInterruptHost (lagavulin_api)
                                                   PmicFaultHandler (hostctrl_tavormg)
                                                   PmicInterruptHandlerReal (lagavulin_pmic_intctrl)
                                                   ProcessUpdateCommand (lagavulin_updater)
                                                   SetTimer (timer_mux)
                                                   StopTimer (timer_mux)
                                                   SysEnIsr (hostctrl_tavormg)
                                                   WdtInit (lagavulin_misc)
                                                   adcSm (adc)
                                                   adcStartConversion (adc)
                                                   expireMuxTimers (timer_mux)
                                                   updateAdcInterrupts (adc)
               calls direct
               CSTACK = 00000000 ( 00000008 )
    -------------------------------------------------------------------------
<CODE,LCODE> 1 (was LCODE)
  Relative segment, address: CODE D4D6 - D51B (0x46 bytes), align: 1
  Segment part 12.            Intra module refs:   EventLogInit
           ENTRY                   ADDRESS         REF BY
           =====                   =======         ======
           SavedEventLogRewind     D4D6 
               CSTACK = 00000000 ( 00000002 )

    *************************************************************************

  FILE NAME : C:\workspace\perforce\lagavulin\armos\rocket\obj\roundrock_rev2_lagavulin\msgque.o
  PROGRAM MODULE, NAME : msgque

  SEGMENTS IN THE MODULE
  ======================
DATA16_Z
  Relative segment, address: DATA 039E - 03DD (0x40 bytes), align: 1
  Segment part 3.             Intra module refs:   ExecuteCall
                                                   QueueCallInt
           LOCAL                   ADDRESS         
           =====                   =======         
           qCalls                  039E 
    -------------------------------------------------------------------------
DATA16_Z
  Relative segment, address: DATA 0614 - 0614 (0x1 bytes), align: 0
  Segment part 4.             Intra module refs:   CallQueueInit
                                                   QueueCallInt
           LOCAL                   ADDRESS         
           =====                   =======         
           qHead                   0614 
    -------------------------------------------------------------------------
DATA16_Z
  Relative segment, address: DATA 0615 - 0615 (0x1 bytes), align: 0
  Segment part 5.             Intra module refs:   CallQueueInit
                                                   ExecuteCall
                                                   QueueCallInt
           LOCAL                   ADDRESS         
           =====                   =======         
           qTail                   0615 
    -------------------------------------------------------------------------
DATA16_Z
  Relative segment, address: DATA 0616 - 0616 (0x1 bytes), align: 0
  Segment part 6.             Intra module refs:   CallQueueInit
                                                   ExecuteCall
                                                   QueueCallInt
           LOCAL                   ADDRESS         
           =====                   =======         
           qCount                  0616 
    -------------------------------------------------------------------------
<CODE,LCODE> 1 (was LCODE)
  Relative segment, address: CODE F55E - F577 (0x1a bytes), align: 1
  Segment part 7.
           ENTRY                   ADDRESS         REF BY
           =====                   =======         ======
           CallQueueInit           F55E            main (init)
               CSTACK = 00000000 ( 00000002 )
    -------------------------------------------------------------------------
<CODE,LCODE> 1 (was LCODE)
  Relative segment, address: CODE DFB6 - E0BF (0x10a bytes), align: 1
  Segment part 8.
           ENTRY                   ADDRESS         REF BY
           =====                   =======         ======
           QueueCallInt            DFB6            ExternalPwrApplied (hostctrl_tavormg)
                                                   HostCtrlTimerExpiry (hostctrl_tavormg)
                                                   HostCtrlTimerHandler (hostctrl_tavormg)
                                                   LagavulinPmicStopReceived (lagavulin_api)
                                                   SupplySequenceRunInternal (hostctrl_common)
                                                   SwitchToXtal (init)
                                                   SysEnIsr (hostctrl_tavormg)
                                                   UpdaterStopReceived (lagavulin_updater)
               calls direct
               CSTACK = 00000000 ( 00000008 )
    -------------------------------------------------------------------------
<CODE,LCODE> 1 (was LCODE)
  Relative segment, address: CODE E1B8 - E29B (0xe4 bytes), align: 1
  Segment part 9.
           ENTRY                   ADDRESS         REF BY
           =====                   =======         ======
           ExecuteCall             E1B8            main (init)
               calls direct and indirect
               CSTACK = 00000000 ( 00000006 )

    *************************************************************************

  FILE NAME : C:\workspace\perforce\lagavulin\armos\rocket\obj\roundrock_rev2_lagavulin\hostctrl_common.o
  PROGRAM MODULE, NAME : hostctrl_common

  SEGMENTS IN THE MODULE
  ======================
DATA16_C
  Relative segment, address: CODE 631E - 631E (0x1 bytes), align: 0
  Segment part 3.             Intra module refs:   HostCtrlDisableSupplies
    -------------------------------------------------------------------------
DATA16_C
  Relative segment, address: CODE 631F - 6326 (0x8 bytes), align: 0
  Segment part 4.             Intra module refs:   HostCtrlInitiateReset
    -------------------------------------------------------------------------
DATA16_C
  Relative segment, address: CODE 6327 - 632B (0x5 bytes), align: 0
  Segment part 5.             Intra module refs:   HostCtrlPmicRegisterReset
           LOCAL                   ADDRESS         
           =====                   =======         
           SM_DFLT                 6327 
    -------------------------------------------------------------------------
DATA16_C
  Relative segment, address: CODE 632C - 6343 (0x18 bytes), align: 0
  Segment part 6.             Intra module refs:   HostCtrlPmicRegisterReset
           LOCAL                   ADDRESS         
           =====                   =======         
           LDO_DFLT                632C 
    -------------------------------------------------------------------------
DATA16_C
  Relative segment, address: CODE 6188 - 61B1 (0x2a bytes), align: 1
  Segment part 7.             Intra module refs:   SupplySequenceRunInternal
           LOCAL                   ADDRESS         
           =====                   =======         
           SSEQ                    6188 
    -------------------------------------------------------------------------
DATA16_C
  Relative segment, address: CODE 6344 - 6344 (0x1 bytes), align: 0
  Segment part 8.             Intra module refs:   SupplySequenceRunInternal
           LOCAL                   ADDRESS         
           =====                   =======         
           SEQUENCE_SIZE           6344 
    -------------------------------------------------------------------------
DATA16_Z
  Relative segment, address: DATA 0617 - 0617 (0x1 bytes), align: 0
  Segment part 9.             Intra module refs:   SupplySequenceRunInternal
           LOCAL                   ADDRESS         
           =====                   =======         
           SeqPos                  0617 
    -------------------------------------------------------------------------
DATA16_I
  Relative segment, address: DATA 00A2 - 00A3 (0x2 bytes), align: 1
  Segment part 10.            Intra module refs:   SupplySequenceRun
                                                   SupplySequenceRunInternal
           LOCAL                   ADDRESS         
           =====                   =======         
           SeqDir                  00A2 
    -------------------------------------------------------------------------
DATA16_Z
  Relative segment, address: DATA 03DE - 03DF (0x2 bytes), align: 1
  Segment part 12.            Intra module refs:   HostCtrlInitiateReset
           LOCAL                   ADDRESS         
           =====                   =======         
           ResetInProgress         03DE 
    -------------------------------------------------------------------------
DATA16_Z
  Relative segment, address: DATA 03E0 - 03E1 (0x2 bytes), align: 1
  Segment part 13.            Intra module refs:   HostCtrlGetResetReason
                                                   HostCtrlInitiateReset
           LOCAL                   ADDRESS         
           =====                   =======         
           InitiateResetReason     03E0 
    -------------------------------------------------------------------------
DATA16_Z
  Relative segment, address: DATA 03E2 - 03E3 (0x2 bytes), align: 1
  Segment part 14.            Intra module refs:   HostCtrlGetResetFlags
                                                   HostCtrlInit
                                                   HostCtrlInitiateReset
                                                   SupplySequenceRunInternal
           LOCAL                   ADDRESS         
           =====                   =======         
           InitiateResetFlags      03E2 
    -------------------------------------------------------------------------
<CODE,LCODE> 1 (was LCODE)
  Relative segment, address: CODE 8BC2 - 947B (0x8ba bytes), align: 1
  Segment part 15.            Intra module refs:   HostCtrlInit
                                                   SupplySequenceRun
           LOCAL                   ADDRESS         
           =====                   =======         
           SupplySequenceRunInternal
                                   8BC2 
               calls direct
               CSTACK = 00000000 ( 00000002 )
    -------------------------------------------------------------------------
<CODE,LCODE> 1 (was LCODE)
  Relative segment, address: CODE 947C - 962F (0x1b4 bytes), align: 1
  Segment part 16.
           ENTRY                   ADDRESS         REF BY
           =====                   =======         ======
           HostCtrlDisableSupplies
                                   947C            HostCtrlStateInit (hostctrl_tavormg)
                                                   HostCtrlTimerExpiry (hostctrl_tavormg)
               calls direct
               CSTACK = 00000000 ( 00000008 )
    -------------------------------------------------------------------------
<CODE,LCODE> 1 (was LCODE)
  Relative segment, address: CODE 9630 - 963F (0x10 bytes), align: 1
  Segment part 17.            Intra module refs:   HostCtrlInitiateReset
           ENTRY                   ADDRESS         REF BY
           =====                   =======         ======
           SupplySequenceRun       9630            HostCtrlTimerExpiry (hostctrl_tavormg)
               calls direct
               CSTACK = 00000000 ( 00000002 )
    -------------------------------------------------------------------------
<CODE,LCODE> 1 (was LCODE)
  Relative segment, address: CODE 9640 - 9671 (0x32 bytes), align: 1
  Segment part 18.
           ENTRY                   ADDRESS         REF BY
           =====                   =======         ======
           HostCtrlInit            9640            main (init)
               calls direct
               CSTACK = 00000000 ( 00000004 )
    -------------------------------------------------------------------------
<CODE,LCODE> 1 (was LCODE)
  Relative segment, address: CODE 9672 - 984B (0x1da bytes), align: 1
  Segment part 19.            Intra module refs:   HostCtrlInitiateReset
           ENTRY                   ADDRESS         REF BY
           =====                   =======         ======
           HostCtrlPmicRegisterReset
                                   9672            HostCtrlTimerExpiry (hostctrl_tavormg)
                                                   main (init)
               calls direct
               CSTACK = 00000000 ( 00000008 )
    -------------------------------------------------------------------------
<CODE,LCODE> 1 (was LCODE)
  Relative segment, address: CODE 984C - 98A9 (0x5e bytes), align: 1
  Segment part 20.            Intra module refs:   HostCtrlInitiateReset
                                                   HostCtrlPowerLost
           ENTRY                   ADDRESS         REF BY
           =====                   =======         ======
           HostCtrlGpioReset       984C            HostCtrlStateInit (hostctrl_tavormg)
                                                   HostCtrlTimerExpiry (hostctrl_tavormg)
               calls direct
               CSTACK = 00000000 ( 00000002 )
    -------------------------------------------------------------------------
<CODE,LCODE> 1 (was LCODE)
  Relative segment, address: CODE 98AA - 98B3 (0xa bytes), align: 1
  Segment part 21.
           ENTRY                   ADDRESS         REF BY
           =====                   =======         ======
           HostCtrlGetResetReason
                                   98AA            HostCtrlTimerExpiry (hostctrl_tavormg)
               CSTACK = 00000000 ( 00000002 )
    -------------------------------------------------------------------------
<CODE,LCODE> 1 (was LCODE)
  Relative segment, address: CODE 98B4 - 98BD (0xa bytes), align: 1
  Segment part 22.
           ENTRY                   ADDRESS         REF BY
           =====                   =======         ======
           HostCtrlGetResetFlags   98B4            HostCtrlStateInit (hostctrl_tavormg)
                                                   HostCtrlTimerExpiry (hostctrl_tavormg)
               CSTACK = 00000000 ( 00000002 )
    -------------------------------------------------------------------------
<CODE,LCODE> 1 (was LCODE)
  Relative segment, address: CODE 98BE - 9A8B (0x1ce bytes), align: 1
  Segment part 23.
           ENTRY                   ADDRESS         REF BY
           =====                   =======         ======
           HostCtrlInitiateReset   98BE            LagavulinRegWrite (lagavulin_api)
                                                   ProcessUpdateCommand (lagavulin_updater)
                                                   SysEnIsr (hostctrl_tavormg)
               calls direct
               CSTACK = 00000000 ( 0000000E )
    -------------------------------------------------------------------------
<CODE,LCODE> 1 (was LCODE)
  Relative segment, address: CODE 9A8C - 9A9B (0x10 bytes), align: 1
  Segment part 24.
           ENTRY                   ADDRESS         REF BY
           =====                   =======         ======
           HostCtrlPowerLost       9A8C            PowerFaultIsr (lagavulin_misc)
               calls direct
               CSTACK = 00000000 ( 00000002 )
    -------------------------------------------------------------------------
DATA16_ID
  Relative segment, address: CODE 63C2 - 63C3 (0x2 bytes), align: 1
  Segment part 11.            Intra module refs:   SeqDir

    *************************************************************************

  FILE NAME : C:\workspace\perforce\lagavulin\armos\rocket\obj\roundrock_rev2_lagavulin\hostctrl_tavormg.o
  PROGRAM MODULE, NAME : hostctrl_tavormg

  SEGMENTS IN THE MODULE
  ======================
DATA16_Z
  Relative segment, address: DATA 0618 - 0618 (0x1 bytes), align: 0
  Segment part 4.             Intra module refs:   ExternalPwrApplied
                                                   HostCtrlInitProc
                                                   HostCtrlStateInit
                                                   HostCtrlTimerExpiry
                                                   HostCtrlUpdateState
                                                   SysEnIsr
           LOCAL                   ADDRESS         
           =====                   =======         
           State                   0618 
    -------------------------------------------------------------------------
<CODE,LCODE> 1 (was LCODE)
  Relative segment, address: CODE F104 - F159 (0x56 bytes), align: 1
  Segment part 5.             Intra module refs:   HostCtrlInitProc
           ENTRY                   ADDRESS         REF BY
           =====                   =======         ======
           SysEnIsr                F104 
               calls direct
               CSTACK = 00000000 ( 00000004 )
    -------------------------------------------------------------------------
<CODE,LCODE> 1 (was LCODE)
  Relative segment, address: CODE F58C - F59D (0x12 bytes), align: 1
  Segment part 6.
           ENTRY                   ADDRESS         REF BY
           =====                   =======         ======
           HostCtrlGpioResetProc   F58C            HostCtrlGpioReset (hostctrl_common)
               calls direct
               CSTACK = 00000000 ( 00000002 )
    -------------------------------------------------------------------------
<CODE,LCODE> 1 (was LCODE)
  Relative segment, address: CODE F5E2 - F5EB (0xa bytes), align: 1
  Segment part 7.
           ENTRY                   ADDRESS         REF BY
           =====                   =======         ======
           HostCtrlUpdateState     F5E2            SupplySequenceRunInternal (hostctrl_common)
               CSTACK = 00000000 ( 00000002 )
    -------------------------------------------------------------------------
<CODE,LCODE> 1 (was LCODE)
  Relative segment, address: CODE DCDA - DE57 (0x17e bytes), align: 1
  Segment part 8.             Intra module refs:   HostCtrlStateInit
           LOCAL                   ADDRESS         
           =====                   =======         
           PmicFaultHandler        DCDA 
               calls direct
               CSTACK = 00000000 ( 0000000A )
    -------------------------------------------------------------------------
<CODE,LCODE> 1 (was LCODE)
  Relative segment, address: CODE CC4E - CCCB (0x7e bytes), align: 1
  Segment part 9.             Intra module refs:   HostCtrlTimerExpiry
           LOCAL                   ADDRESS         
           =====                   =======         
           HostCtrlStateInit       CC4E 
               calls direct
               CSTACK = 00000000 ( 00000004 )
    -------------------------------------------------------------------------
<CODE,LCODE> 1 (was LCODE)
  Relative segment, address: CODE CCCC - CCE7 (0x1c bytes), align: 1
  Segment part 10.            Intra module refs:   HostCtrlTimerExpiry
           LOCAL                   ADDRESS         
           =====                   =======         
           ExternalPwrApplied      CCCC 
               calls direct
               CSTACK = 00000000 ( 00000002 )
    -------------------------------------------------------------------------
<CODE,LCODE> 1 (was LCODE)
  Relative segment, address: CODE CCE8 - CF1B (0x234 bytes), align: 1
  Segment part 11.            Intra module refs:   ExternalPwrApplied
                                                   HostCtrlInitProc
                                                   HostCtrlTimerHandler
                                                   SysEnIsr
           ENTRY                   ADDRESS         REF BY
           =====                   =======         ======
           HostCtrlTimerExpiry     CCE8            SupplySequenceRunInternal (hostctrl_common)
               calls direct
               CSTACK = 00000000 ( 00000004 )
    -------------------------------------------------------------------------
<CODE,LCODE> 1 (was LCODE)
  Relative segment, address: CODE CF1C - CF29 (0xe bytes), align: 1
  Segment part 12.            Intra module refs:   HostCtrlInitProc
           ENTRY                   ADDRESS         REF BY
           =====                   =======         ======
           HostCtrlTimerHandler    CF1C 
               calls direct
               CSTACK = 00000000 ( 00000002 )
    -------------------------------------------------------------------------
<CODE,LCODE> 1 (was LCODE)
  Relative segment, address: CODE CF2A - CF3B (0x12 bytes), align: 1
  Segment part 13.
           ENTRY                   ADDRESS         REF BY
           =====                   =======         ======
           HostCtrlPrepResetProc   CF2A            HostCtrlInitiateReset (hostctrl_common)
               calls direct
               CSTACK = 00000000 ( 00000002 )
    -------------------------------------------------------------------------
<CODE,LCODE> 1 (was LCODE)
  Relative segment, address: CODE CF3C - CF61 (0x26 bytes), align: 1
  Segment part 14.
           ENTRY                   ADDRESS         REF BY
           =====                   =======         ======
           HostCtrlInitProc        CF3C            HostCtrlInit (hostctrl_common)
               calls direct
               CSTACK = 00000000 ( 00000002 )
    -------------------------------------------------------------------------
DATA16_C
  Relative segment, address: CODE 6345 - 6345 (0x1 bytes), align: 0
  Segment part 3.             Intra module refs:   PmicFaultHandler

    *************************************************************************

  FILE NAME : C:\workspace\perforce\lagavulin\armos\rocket\obj\roundrock_rev2_lagavulin\delay.o
  PROGRAM MODULE, NAME : delay

  SEGMENTS IN THE MODULE
  ======================
<CODE,LCODE> 1 (was LCODE)
  Relative segment, address: CODE F2B2 - F2EB (0x3a bytes), align: 1
  Segment part 2.
           ENTRY                   ADDRESS         REF BY
           =====                   =======         ======
           HwDelay                 F2B2            AdcConvertHw (lagavulin_adc_hw)
               calls direct
               CSTACK = 00000000 ( 0000000A )

    *************************************************************************

  FILE NAME : C:\workspace\perforce\lagavulin\armos\rocket\obj\roundrock_rev2_lagavulin\lagavulin_metrics.o
  PROGRAM MODULE, NAME : lagavulin_metrics

  SEGMENTS IN THE MODULE
  ======================
BOOT_LOADER_MSG
  Relative segment, address: CODE 0001FFFC - 0001FFFF (0x4 bytes), align: 1
  Segment part 2.
           ENTRY                   ADDRESS         REF BY
           =====                   =======         ======
           BootloaderMsg           0001FFFC        WriteBootloaderMsg (lagavulin_updater)
    -------------------------------------------------------------------------
BOOT_IMAGE_INFO
  Relative segment, address: CODE 00011FEA - 00011FFB (0x12 bytes), align: 1
  Segment part 3.             Intra module refs:   LagavulinMetrics
           ENTRY                   ADDRESS         REF BY
           =====                   =======         ======
           BootImageInfo           00011FEA 
    -------------------------------------------------------------------------
APP_IMAGE_INFO
  Relative segment, address: CODE 0001FFEA - 0001FFFB (0x12 bytes), align: 1
  Segment part 4.             Intra module refs:   LagavulinMetrics
           ENTRY                   ADDRESS         REF BY
           =====                   =======         ======
           AppImageInfo            0001FFEA 
    -------------------------------------------------------------------------
DATA16_C
  Relative segment, address: CODE 61B2 - 61F3 (0x42 bytes), align: 1
  Segment part 5.
           ENTRY                   ADDRESS         REF BY
           =====                   =======         ======
           LagavulinMetrics        61B2            CodeUpdateStateInit (lagavulin_updater)
                                                   LagavulinRegRead (lagavulin_api)
                                                   ProcessUpdateCommand (lagavulin_updater)

    *************************************************************************

  FILE NAME : C:\workspace\perforce\lagavulin\armos\rocket\obj\roundrock_rev2_lagavulin\lagavulin_gpio.o
  PROGRAM MODULE, NAME : lagavulin_gpio

  SEGMENTS IN THE MODULE
  ======================
DATA16_Z
  Relative segment, address: DATA 03E4 - 0433 (0x50 bytes), align: 1
  Segment part 14.            Intra module refs:   GpioHandler
                                                   GpioInit
                                                   PadRegisterIntHandler
           LOCAL                   ADDRESS         
           =====                   =======         
           PadHandler              03E4 
    -------------------------------------------------------------------------
<CODE,LCODE> 1 (was LCODE)
  Relative segment, address: CODE DB54 - DCD9 (0x186 bytes), align: 1
  Segment part 15.            Intra module refs:   GpioInit
                                                   PadRegisterIntHandler
           LOCAL                   ADDRESS         
           =====                   =======         
           GpioHandler             DB54 
               calls direct and indirect
               CSTACK = 00000000 ( 0000000A )
    -------------------------------------------------------------------------
<CODE,LCODE> 1 (was LCODE)
  Relative segment, address: CODE F5F4 - F5F5 (0x2 bytes), align: 1
  Segment part 16.            Intra module refs:   GpioInit
           LOCAL                   ADDRESS         
           =====                   =======         
           GpioInterruptFailure    F5F4 
               CSTACK = 00000000 ( 00000002 )
    -------------------------------------------------------------------------
<CODE,LCODE> 1 (was LCODE)
  Relative segment, address: CODE F5F2 - F5F3 (0x2 bytes), align: 1
  Segment part 17.
           ENTRY                   ADDRESS         REF BY
           =====                   =======         ======
           PadSupercapMode         F5F2            HostCtrlGpioReset (hostctrl_common)
               CSTACK = 00000000 ( 00000002 )
    -------------------------------------------------------------------------
<CODE,LCODE> 1 (was LCODE)
  Relative segment, address: CODE C06C - C4ED (0x482 bytes), align: 1
  Segment part 18.            Intra module refs:   Segment part 23
           ENTRY                   ADDRESS         REF BY
           =====                   =======         ======
           PadConfig               C06C            HostCtrlGpioReset (hostctrl_common)
                                                   HostCtrlGpioResetProc (hostctrl_tavormg)
                                                   HostCtrlPowerLost (hostctrl_common)
                                                   HostCtrlPrepResetProc (hostctrl_tavormg)
                                                   HostCtrlTimerExpiry (hostctrl_tavormg)
                                                   PaSlumpConversionComplete (hostctrl_paslump)
                                                   PaSlumpEnable (hostctrl_paslump)
                                                   PaSlumpTriggerReading (hostctrl_paslump)
                                                   PmicFaultHandler (hostctrl_tavormg)
                                                   PmicRead (lagavulin_spi)
                                                   PmicWrite (lagavulin_spi)
                                                   SupplySequenceRunInternal (hostctrl_common)
                                                   SysEnIsr (hostctrl_tavormg)
                                                   UpdateInterruptHost (lagavulin_api)
               calls direct
               recursive function = 0002
               CSTACK = 00000000 ( 00000018 )
    -------------------------------------------------------------------------
<CODE,LCODE> 1 (was LCODE)
  Relative segment, address: CODE E446 - E509 (0xc4 bytes), align: 1
  Segment part 19.
           ENTRY                   ADDRESS         REF BY
           =====                   =======         ======
           PadRead                 E446            HostCtrlTimerExpiry (hostctrl_tavormg)
                                                   SysEnIsr (hostctrl_tavormg)
               calls direct
               CSTACK = 00000000 ( 00000006 )
    -------------------------------------------------------------------------
<CODE,LCODE> 1 (was LCODE)
  Relative segment, address: CODE E6D4 - E753 (0x80 bytes), align: 1
  Segment part 21.
           ENTRY                   ADDRESS         REF BY
           =====                   =======         ======
           PadRegisterIntHandler   E6D4            HostCtrlInitProc (hostctrl_tavormg)
                                                   HostCtrlPaSlumpInit (hostctrl_paslump)
               calls direct
               CSTACK = 00000000 ( 00000004 )
    -------------------------------------------------------------------------
<CODE,LCODE> 1 (was LCODE)
  Relative segment, address: CODE E7D2 - E847 (0x76 bytes), align: 1
  Segment part 22.
           ENTRY                   ADDRESS         REF BY
           =====                   =======         ======
           GpioInit                E7D2            main (init)
               calls direct
               CSTACK = 00000000 ( 00000002 )
    -------------------------------------------------------------------------
DATA16_C
  Relative segment, address: CODE 61F4 - 6207 (0x14 bytes), align: 1
  Segment part 23.            Intra module refs:   PadConfig

    *************************************************************************

  FILE NAME : C:\workspace\perforce\lagavulin\armos\rocket\obj\roundrock_rev2_lagavulin\lagavulin_misc.o
  PROGRAM MODULE, NAME : lagavulin_misc

  SEGMENTS IN THE MODULE
  ======================
DATA16_Z
  Relative segment, address: DATA 0434 - 0435 (0x2 bytes), align: 1
  Segment part 6.             Intra module refs:   RimInitiateReset
                                                   WdtInit
           ENTRY                   ADDRESS         REF BY
           =====                   =======         ======
           ResetCookie             0434 
    -------------------------------------------------------------------------
DATA16_I
  Relative segment, address: DATA 00E6 - 00E6 (0x1 bytes), align: 0
  Segment part 7.             Intra module refs:   GetResetReason
                                                   UpdateResetStat
                                                   WdtInit
           ENTRY                   ADDRESS         REF BY
           =====                   =======         ======
           ResetStat               00E6            LagavulinRegRead (lagavulin_api)
    -------------------------------------------------------------------------
DATA16_I
  Relative segment, address: DATA 00E7 - 00E7 (0x1 bytes), align: 0
  Segment part 9.             Intra module refs:   RimInitiateReset
                                                   WdtInit
           ENTRY                   ADDRESS         REF BY
           =====                   =======         ======
           ResetExtra              00E7            LagavulinRegRead (lagavulin_api)
    -------------------------------------------------------------------------
<CODE,LCODE> 1 (was LCODE)
  Relative segment, address: CODE F4AC - F4CF (0x24 bytes), align: 1
  Segment part 11.            Intra module refs:   WdtStartTimer
           ENTRY                   ADDRESS         REF BY
           =====                   =======         ======
           WdtIsr                  F4AC 
               calls direct
               CSTACK = 00000000 ( 00000002 )
    -------------------------------------------------------------------------
<CODE,LCODE> 1 (was LCODE)
  Relative segment, address: CODE F15A - F1A5 (0x4c bytes), align: 1
  Segment part 12.            Intra module refs:   ConfigureRstNmi
           ENTRY                   ADDRESS         REF BY
           =====                   =======         ======
           PowerFaultIsr           F15A 
               calls direct
               CSTACK = 00000000 ( 00000004 )
    -------------------------------------------------------------------------
<CODE,LCODE> 1 (was LCODE)
  Relative segment, address: CODE F5BC - F5C9 (0xe bytes), align: 1
  Segment part 13.
           ENTRY                   ADDRESS         REF BY
           =====                   =======         ======
           GetResetReason          F5BC            UtcInit (lagavulin_utc)
               CSTACK = 00000000 ( 00000002 )
    -------------------------------------------------------------------------
<CODE,LCODE> 1 (was LCODE)
  Relative segment, address: CODE D746 - D7E7 (0xa2 bytes), align: 1
  Segment part 14.            Intra module refs:   WdtInit
           ENTRY                   ADDRESS         REF BY
           =====                   =======         ======
           UpdateResetStat         D746            HostCtrlInitiateReset (hostctrl_common)
               CSTACK = 00000000 ( 00000002 )
    -------------------------------------------------------------------------
<CODE,LCODE> 1 (was LCODE)
  Relative segment, address: CODE D7E8 - D959 (0x172 bytes), align: 1
  Segment part 15.
           ENTRY                   ADDRESS         REF BY
           =====                   =======         ======
           WdtInit                 D7E8            main (init)
               calls direct
               CSTACK = 00000000 ( 00000004 )
    -------------------------------------------------------------------------
<CODE,LCODE> 1 (was LCODE)
  Relative segment, address: CODE F510 - F529 (0x1a bytes), align: 1
  Segment part 16.
           ENTRY                   ADDRESS         REF BY
           =====                   =======         ======
           WdtStartTimer           F510            main (init)
               calls direct
               CSTACK = 00000000 ( 00000002 )
    -------------------------------------------------------------------------
<CODE,LCODE> 1 (was LCODE)
  Relative segment, address: CODE F3B4 - F3E1 (0x2e bytes), align: 1
  Segment part 17.
           ENTRY                   ADDRESS         REF BY
           =====                   =======         ======
           WdtHit                  F3B4            LagavulinRegWrite (lagavulin_api)
                                                   main (init)
               calls direct
               CSTACK = 00000000 ( 00000004 )
    -------------------------------------------------------------------------
<CODE,LCODE> 1 (was LCODE)
  Relative segment, address: CODE F276 - F2B1 (0x3c bytes), align: 1
  Segment part 18.
           ENTRY                   ADDRESS         REF BY
           =====                   =======         ======
           RimInitiateReset        F276            HostCtrlTimerExpiry (hostctrl_tavormg)
                                                   LagavulinRegWrite (lagavulin_api)
                                                   PmicFaultHandler (hostctrl_tavormg)
                                                   QueueCallInt (msgque)
               calls direct
               CSTACK = 00000000 ( 00000004 )
    -------------------------------------------------------------------------
<CODE,LCODE> 1 (was LCODE)
  Relative segment, address: CODE F544 - F55D (0x1a bytes), align: 1
  Segment part 19.
           ENTRY                   ADDRESS         REF BY
           =====                   =======         ======
           ConfigureRstNmi         F544            main (init)
               calls direct
               CSTACK = 00000000 ( 00000002 )
    -------------------------------------------------------------------------
DATA16_ID
  Relative segment, address: CODE 6406 - 6406 (0x1 bytes), align: 0
  Segment part 8.             Intra module refs:   ResetStat
    -------------------------------------------------------------------------
DATA16_ID
  Relative segment, address: CODE 6407 - 6407 (0x1 bytes), align: 0
  Segment part 10.            Intra module refs:   ResetExtra

    *************************************************************************

  FILE NAME : C:\workspace\perforce\lagavulin\armos\rocket\obj\roundrock_rev2_lagavulin\lagavulin_timer.o
  PROGRAM MODULE, NAME : lagavulin_timer

  SEGMENTS IN THE MODULE
  ======================
DATA16_Z
  Relative segment, address: DATA 0436 - 0437 (0x2 bytes), align: 1
  Segment part 7.             Intra module refs:   RegisterHWTimerExpiry
                                                   TimerMuxHandler
           LOCAL                   ADDRESS         
           =====                   =======         
           muxTimerHandler         0436 
    -------------------------------------------------------------------------
DATA16_Z
  Relative segment, address: DATA 0438 - 0439 (0x2 bytes), align: 1
  Segment part 8.             Intra module refs:   GetHWTimerCountDword
                                                   TimerMuxHandler
           LOCAL                   ADDRESS         
           =====                   =======         
           HighWord                0438 
    -------------------------------------------------------------------------
DATA16_Z
  Relative segment, address: DATA 043A - 043B (0x2 bytes), align: 1
  Segment part 9.             Intra module refs:   GetHWTimerCountDword
                                                   TimerMuxHandler
           LOCAL                   ADDRESS         
           =====                   =======         
           Last32kValue            043A 
    -------------------------------------------------------------------------
<CODE,LCODE> 1 (was LCODE)
  Relative segment, address: CODE E992 - E9F9 (0x68 bytes), align: 1
  Segment part 10.            Intra module refs:   TimerHWInit
           ENTRY                   ADDRESS         REF BY
           =====                   =======         ======
           TimerMuxHandler         E992 
               calls indirect
               CSTACK = 00000000 ( 00000002 )
    -------------------------------------------------------------------------
<CODE,LCODE> 1 (was LCODE)
  Relative segment, address: CODE E29C - E2A7 (0xc bytes), align: 1
  Segment part 11.            Intra module refs:   GetHWTimerCountDword
                                                   SetHWTimer
           ENTRY                   ADDRESS         REF BY
           =====                   =======         ======
           GetHWTimerCountWord     E29C 
               CSTACK = 00000000 ( 00000002 )
    -------------------------------------------------------------------------
<CODE,LCODE> 1 (was LCODE)
  Relative segment, address: CODE E2A8 - E323 (0x7c bytes), align: 1
  Segment part 12.
           ENTRY                   ADDRESS         REF BY
           =====                   =======         ======
           GetHWTimerCountDword    E2A8            HwDelay (delay)
                                                   SetTimer (timer_mux)
                                                   StopTimer (timer_mux)
                                                   adcSm (adc)
                                                   expireMuxTimers (timer_mux)
               calls direct
               CSTACK = 00000000 ( 00000006 )
    -------------------------------------------------------------------------
<CODE,LCODE> 1 (was LCODE)
  Relative segment, address: CODE E324 - E37B (0x58 bytes), align: 1
  Segment part 13.
           ENTRY                   ADDRESS         REF BY
           =====                   =======         ======
           SetHWTimer              E324            setEarliest (timer_mux)
               calls direct
               CSTACK = 00000000 ( 00000006 )
    -------------------------------------------------------------------------
<CODE,LCODE> 1 (was LCODE)
  Relative segment, address: CODE F462 - F487 (0x26 bytes), align: 1
  Segment part 14.
           ENTRY                   ADDRESS         REF BY
           =====                   =======         ======
           StopHWTimer             F462            StopTimer (timer_mux)
                                                   expireMuxTimers (timer_mux)
               CSTACK = 00000000 ( 00000002 )
    -------------------------------------------------------------------------
<CODE,LCODE> 1 (was LCODE)
  Relative segment, address: CODE F4D0 - F4F1 (0x22 bytes), align: 1
  Segment part 15.
           ENTRY                   ADDRESS         REF BY
           =====                   =======         ======
           TimerHWInit             F4D0            TimerInit (timer_mux)
               calls direct
               CSTACK = 00000000 ( 00000002 )
    -------------------------------------------------------------------------
<CODE,LCODE> 1 (was LCODE)
  Relative segment, address: CODE F4F2 - F50F (0x1e bytes), align: 1
  Segment part 16.
           ENTRY                   ADDRESS         REF BY
           =====                   =======         ======
           TimerHWHalt             F4F2            PreEnterDeepSleep (lagavulin_slowclock)
               CSTACK = 00000000 ( 00000002 )
    -------------------------------------------------------------------------
<CODE,LCODE> 1 (was LCODE)
  Relative segment, address: CODE F578 - F58B (0x14 bytes), align: 1
  Segment part 17.
           ENTRY                   ADDRESS         REF BY
           =====                   =======         ======
           RegisterHWTimerExpiry   F578            TimerInit (timer_mux)
               CSTACK = 00000000 ( 00000002 )

    *************************************************************************

  FILE NAME : C:\workspace\perforce\lagavulin\armos\rocket\obj\roundrock_rev2_lagavulin\lagavulin_api.o
  PROGRAM MODULE, NAME : lagavulin_api

  SEGMENTS IN THE MODULE
  ======================
DATA16_Z
  Relative segment, address: DATA 0619 - 061B (0x3 bytes), align: 0
  Segment part 3.             Intra module refs:   ApiClearInterruptHost
                                                   ApiInit
                                                   ApiInterruptHost
                                                   LagavulinRegRead
                                                   LagavulinRegStopReceived
                                                   LagavulinRegWrite
                                                   UpdateInterruptHost
           ENTRY                   ADDRESS         REF BY
           =====                   =======         ======
           rReg                    0619 
    -------------------------------------------------------------------------
DATA16_Z
  Relative segment, address: DATA 043C - 043D (0x2 bytes), align: 1
  Segment part 4.             Intra module refs:   ApiRegRead
                                                   ApiRegWrite
                                                   ApiStopReceived
           LOCAL                   ADDRESS         
           =====                   =======         
           newTransaction          043C 
    -------------------------------------------------------------------------
DATA16_Z
  Relative segment, address: DATA 043E - 04AD (0x70 bytes), align: 1
  Segment part 5.             Intra module refs:   ApiInit
                                                   ApiRegRead
                                                   ApiRegWrite
                                                   ApiRegisterHandlers
                                                   ApiStopReceived
                                                   ApiUnregisterHandlers
           LOCAL                   ADDRESS         
           =====                   =======         
           ApiHandler              043E 
    -------------------------------------------------------------------------
DATA16_Z
  Relative segment, address: DATA 061C - 061C (0x1 bytes), align: 0
  Segment part 6.             Intra module refs:   ApiInit
                                                   LagavulinRegRead
                                                   LagavulinRegWrite
           ENTRY                   ADDRESS         REF BY
           =====                   =======         ======
           SysFlags0               061C 
    -------------------------------------------------------------------------
<CODE,LCODE> 1 (was LCODE)
  Relative segment, address: CODE D51C - D5FF (0xe4 bytes), align: 1
  Segment part 9.
           ENTRY                   ADDRESS         REF BY
           =====                   =======         ======
           ApiInit                 D51C            main (init)
               calls direct
               CSTACK = 00000000 ( 00000002 )
    -------------------------------------------------------------------------
<CODE,LCODE> 1 (was LCODE)
  Relative segment, address: CODE D600 - D693 (0x94 bytes), align: 1
  Segment part 10.
           ENTRY                   ADDRESS         REF BY
           =====                   =======         ======
           ApiUnregisterHandlers   D600            AdcUninit (adc)
                                                   HostCtrlPaSlumpUninit (hostctrl_paslump)
               CSTACK = 00000000 ( 00000002 )
    -------------------------------------------------------------------------
<CODE,LCODE> 1 (was LCODE)
  Relative segment, address: CODE D694 - D745 (0xb2 bytes), align: 1
  Segment part 11.            Intra module refs:   ApiInit
           ENTRY                   ADDRESS         REF BY
           =====                   =======         ======
           ApiRegisterHandlers     D694            AdcInit (adc)
                                                   AdcInitHw (lagavulin_adc_hw)
                                                   CodeUpdateStateInit (lagavulin_updater)
                                                   HostCtrlPaSlumpInit (hostctrl_paslump)
               CSTACK = 00000000 ( 00000004 )
    -------------------------------------------------------------------------
<CODE,LCODE> 1 (was LCODE)
  Relative segment, address: CODE BAB6 - BAEF (0x3a bytes), align: 1
  Segment part 12.            Intra module refs:   ApiClearInterruptHost
                                                   ApiInterruptHost
                                                   LagavulinRegWrite
           LOCAL                   ADDRESS         
           =====                   =======         
           UpdateInterruptHost     BAB6 
               calls direct
               CSTACK = 00000000 ( 00000002 )
    -------------------------------------------------------------------------
<CODE,LCODE> 1 (was LCODE)
  Relative segment, address: CODE BAF0 - BB39 (0x4a bytes), align: 1
  Segment part 13.
           ENTRY                   ADDRESS         REF BY
           =====                   =======         ======
           ApiInterruptHost        BAF0            PaSlumpConversionComplete (hostctrl_paslump)
                                                   PmicInterruptHandlerReal (lagavulin_pmic_intctrl)
                                                   updateAdcInterrupts (adc)
               calls direct
               CSTACK = 00000000 ( 00000006 )
    -------------------------------------------------------------------------
<CODE,LCODE> 1 (was LCODE)
  Relative segment, address: CODE BB3A - BB75 (0x3c bytes), align: 1
  Segment part 14.
           ENTRY                   ADDRESS         REF BY
[...]
                                                   i2cMasterIsr (lagavulin_i2c)
                                                   usr_doReport (mgLib)
    -------------------------------------------------------------------------
<CODE,LCODE> 1 (was CODE)
  Relative segment, address: CODE 6508 - 651B (0x14 bytes), align: 1
  Segment part 24.            Intra module refs:   ?epilogue_9
           ENTRY                   ADDRESS         REF BY
           =====                   =======         ======
           ?epilogue_8             6508            AdcInit (adc)
                                                   AdcUninit (adc)
                                                   ApiClearInterruptHost (lagavulin_api)
                                                   ApiRegisterHandlers (lagavulin_api)
                                                   ConfigureFll (lagavulin_slowclock)
                                                   HostCtrlStateInit (hostctrl_tavormg)
                                                   HostCtrlTimerExpiry (hostctrl_tavormg)
                                                   I2cInit (lagavulin_i2c)
                                                   IsImageValid (lagavulin_updater)
                                                   LagavulinRegRead (lagavulin_api)
                                                   PaSlumpRegRead (hostctrl_paslump)
                                                   PaSlumpStopConversion (adc)
                                                   PadRegisterIntHandler (lagavulin_gpio)
                                                   PmicIntCtrlHostUninit (lagavulin_pmic_intctrl)
                                                   PmicIntctrlRegRead (lagavulin_pmic_intctrl)
                                                   PmicInterruptDisable (lagavulin_pmic_intctrl)
                                                   PmicInterruptEnable (lagavulin_pmic_intctrl)
                                                   PowerFaultIsr (lagavulin_misc)
                                                   PreEnterDeepSleep (lagavulin_slowclock)
                                                   RegisterIntHandler (lagavulin_intvector)
                                                   RimInitiateReset (lagavulin_misc)
                                                   SysEnIsr (hostctrl_tavormg)
                                                   UtcSetTime (lagavulin_utc)
                                                   WdtHit (lagavulin_misc)
                                                   WdtInit (lagavulin_misc)
                                                   adcRegRead (adc)
                                                   i2cSlaveIsr (lagavulin_i2c)
                                                   i2cSlaveRomIsr (lagavulin_i2c)
                                                   updateAdcInterrupts (adc)
                                                   usr_doFullDet (mgLib)
           ?epilogue_A             650C            HostCtrlInit (hostctrl_common)
                                                   UtcRestore (lagavulin_utc)

    -------------------------------------------------------------------------
  LIBRARY MODULE, NAME : exit

  SEGMENTS IN THE MODULE
  ======================
__aseg
  Relative segment, address: CODE 0000, align: 0
  Segment part 1. ROOT.
    -------------------------------------------------------------------------
<CODE,LCODE> 1 (was CODE)
  Relative segment, address: CODE 65B8 - 65BD (0x6 bytes), align: 1
  Segment part 3.
           ENTRY                   ADDRESS         REF BY
           =====                   =======         ======
           exit                    65B8            __MAIN_CALL (__MAIN_CALL)
               CSTACK = 00000002 ( 00000000 )

    -------------------------------------------------------------------------
  LIBRARY MODULE, NAME : MUL_L02

  SEGMENTS IN THE MODULE
  ======================
<CODE,LCODE> 1 (was CODE)
  Relative segment, address: CODE 657E - 6593 (0x16 bytes), align: 1
  Segment part 1.
           ENTRY                   ADDRESS         REF BY
           =====                   =======         ======
           ?SS_MUL_L02             657E 
           ?US_MUL_L02             657E            AdcInit (adc)
                                                   AdcUninit (adc)
                                                   ApiInit (lagavulin_api)
                                                   ApiRegRead (lagavulin_api)
                                                   ApiRegWrite (lagavulin_api)
                                                   ApiRegisterHandlers (lagavulin_api)
                                                   ApiStopReceived (lagavulin_api)
                                                   ApiUnregisterHandlers (lagavulin_api)
                                                   EventLogAdd (eventlog)
                                                   ExecuteCall (msgque)
                                                   GpioHandler (lagavulin_gpio)
                                                   GpioInit (lagavulin_gpio)
                                                   InterruptControllerInit (lagavulin_intvector)
                                                   LagavulinRegRead (lagavulin_api)
                                                   PadRegisterIntHandler (lagavulin_gpio)
                                                   PmicIntCtrlInit (lagavulin_pmic_intctrl)
                                                   PmicInterruptDisable (lagavulin_pmic_intctrl)
                                                   PmicInterruptEnable (lagavulin_pmic_intctrl)
                                                   PmicInterruptHandlerReal (lagavulin_pmic_intctrl)
                                                   PmicRegisterIntHandler (lagavulin_pmic_intctrl)
                                                   ProcessUpdateCommand (lagavulin_updater)
                                                   QueueCallInt (msgque)
                                                   RegisterIntHandler (lagavulin_intvector)
                                                   RegisterTimerExpiry (timer_mux)
                                                   SetTimer (timer_mux)
                                                   StopTimer (timer_mux)
                                                   SupplySequenceRunInternal (hostctrl_common)
                                                   TimerInit (timer_mux)
                                                   adcRegRead (adc)
                                                   adcRegWrite (adc)
                                                   adcSched (adc)
                                                   adcSetState (adc)
                                                   adcSm (adc)
                                                   adcStartConversion (adc)
                                                   adcStopReceived (adc)
                                                   expireMuxTimers (timer_mux)
                                                   getIsr (lagavulin_intvector)
                                                   hwInitI2c (lagavulin_i2c)
                                                   i2cIsrHandler (lagavulin_i2c)
                                                   i2cMasterIsr (lagavulin_i2c)
                                                   i2cSlaveDummyIsr (lagavulin_i2c)
                                                   i2cSlaveIsr (lagavulin_i2c)
                                                   i2cSlaveRomIsr (lagavulin_i2c)
                                                   initModelGauge (mgLib)
                                                   unSetTimer (timer_mux)
                                                   updateAdcInterrupts (adc)

    -------------------------------------------------------------------------
  LIBRARY MODULE, NAME : MUL_L03

  SEGMENTS IN THE MODULE
  ======================
<CODE,LCODE> 1 (was CODE)
  Relative segment, address: CODE 651C - 653F (0x24 bytes), align: 1
  Segment part 1.
           ENTRY                   ADDRESS         REF BY
           =====                   =======         ======
           ?SL_MUL_L03             651C 
           ?UL_MUL_L03             651C            UtcGetTimeInternal (lagavulin_utc)
                                                   exeModelGauge (mgLib)

    -------------------------------------------------------------------------
  LIBRARY MODULE, NAME : UL_SHL_L03

  SEGMENTS IN THE MODULE
  ======================
<CODE,LCODE> 1 (was CODE)
  Relative segment, address: CODE 6594 - 659F (0xc bytes), align: 1
  Segment part 1.
           ENTRY                   ADDRESS         REF BY
           =====                   =======         ======
           ?UL_SHL_L03             6594            GetHWTimerCountDword (lagavulin_timer)
                                                   RtcGetCounter (lagavulin_utc)
                                                   exeModelGauge (mgLib)
                                                   initModelGauge (mgLib)

    -------------------------------------------------------------------------
  LIBRARY MODULE, NAME : SL_SHR_L03

  SEGMENTS IN THE MODULE
  ======================
<CODE,LCODE> 1 (was CODE)
  Relative segment, address: CODE 65A0 - 65AB (0xc bytes), align: 1
  Segment part 1.
           ENTRY                   ADDRESS         REF BY
           =====                   =======         ======
           ?SL_SHR_L03             65A0            usr_doFullDet (mgLib)
                                                   usr_doReport (mgLib)

    -------------------------------------------------------------------------
  LIBRARY MODULE, NAME : UL_SHR_L03

  SEGMENTS IN THE MODULE
  ======================
<CODE,LCODE> 1 (was CODE)
  Relative segment, address: CODE 65AC - 65B7 (0xc bytes), align: 1
  Segment part 1.
           ENTRY                   ADDRESS         REF BY
           =====                   =======         ======
           ?UL_SHR_L03             65AC            AdcRawCb (lagavulin_adc_hw)
                                                   UtcGetTimeInternal (lagavulin_utc)
                                                   adcSm (adc)
                                                   usr_doFullDet (mgLib)
                                                   usr_doReport (mgLib)

    -------------------------------------------------------------------------
  LIBRARY MODULE, NAME : Q20_DivideRaw

  SEGMENTS IN THE MODULE
  ======================
__aseg
  Relative segment, address: CODE 0000, align: 0
  Segment part 1. ROOT.
    -------------------------------------------------------------------------
<CODE,LCODE> 1 (was CODE)
  Relative segment, address: CODE 646C - 64AD (0x42 bytes), align: 1
  Segment part 2.
           ENTRY                   ADDRESS         REF BY
           =====                   =======         ======
           Q20_DivideRaw_add       6482 
           Q20_DivideRaw_sub       646C            ?UL_DIV_L03 (UL_DIV_L03)

    -------------------------------------------------------------------------
  LIBRARY MODULE, NAME : ?move_long_l

  SEGMENTS IN THE MODULE
  ======================
<CODE,LCODE> 1 (was CODE)
  Relative segment, address: CODE 6540 - 6563 (0x24 bytes), align: 1
  Segment part 1.
           ENTRY                   ADDRESS         REF BY
           =====                   =======         ======
           ?move_long_l            6540            HostCtrlDisableSupplies (hostctrl_common)
                                                   HostCtrlInitiateReset (hostctrl_common)
                                                   PmicFaultHandler (hostctrl_tavormg)

    -------------------------------------------------------------------------
  LIBRARY MODULE, NAME : US_DIV_L02

  SEGMENTS IN THE MODULE
  ======================
__aseg
  Relative segment, address: CODE 0000, align: 0
  Segment part 1. ROOT.

    -------------------------------------------------------------------------
  LIBRARY MODULE, NAME : SL_DIV_L03

  SEGMENTS IN THE MODULE
  ======================
__aseg
  Relative segment, address: CODE 0000, align: 0
  Segment part 1. ROOT.
    -------------------------------------------------------------------------
<CODE,LCODE> 1 (was CODE)
  Relative segment, address: CODE 64AE - 64EB (0x3e bytes), align: 1
  Segment part 2.
           ENTRY                   ADDRESS         REF BY
           =====                   =======         ======
           ?SL_DIV_L03             64AE            exeModelGauge (mgLib)

    -------------------------------------------------------------------------
  LIBRARY MODULE, NAME : UL_DIV_L03

  SEGMENTS IN THE MODULE
  ======================
__aseg
  Relative segment, address: CODE 0000, align: 0
  Segment part 1. ROOT.
    -------------------------------------------------------------------------
<CODE,LCODE> 1 (was CODE)
  Relative segment, address: CODE 6564 - 657D (0x1a bytes), align: 1
  Segment part 2.
           ENTRY                   ADDRESS         REF BY
           =====                   =======         ======
           ?UL_DIV_L03             6564            ?SL_DIV_L03 (SL_DIV_L03)
                                                   exeModelGauge (mgLib)

    -------------------------------------------------------------------------
  LIBRARY MODULE, NAME : ?MEMCPY

  SEGMENTS IN THE MODULE
  ======================
<CODE,LCODE> 1 (was LCODE)
  Relative segment, address: CODE F43A - F461 (0x28 bytes), align: 1
  Segment part 2.
           ENTRY                   ADDRESS         REF BY
           =====                   =======         ======
           memcpy                  F43A            EventLogInit (eventlog)
                                                   UtcSetTime (lagavulin_utc)
               CSTACK = 00000000 ( 00000002 )

    -------------------------------------------------------------------------
  LIBRARY MODULE, NAME : ?MEMSET

  SEGMENTS IN THE MODULE
  ======================
<CODE,LCODE> 1 (was LCODE)
  Relative segment, address: CODE F52A - F543 (0x1a bytes), align: 1
  Segment part 2.
           ENTRY                   ADDRESS         REF BY
           =====                   =======         ======
           memset                  F52A            AdcInit (adc)
                                                   EventLogInit (eventlog)
                                                   UtcGetTimeInternal (lagavulin_utc)
                                                   UtcInit (lagavulin_utc)
               CSTACK = 00000000 ( 00000002 )




                ****************************************
                *                                      *
                *      SEGMENTS IN ADDRESS ORDER       *
                *                                      *
                ****************************************


SEGMENT              SPACE    START ADDRESS   END ADDRESS     SIZE  TYPE  ALIGN
=======              =====    =============   ===========     ====  ====  =====
__aseg               CODE                 0000                       rel    0
BOOT_MANAGER         CODE              3E00 - 3E05               6   rel    1
__ULDR_PASSWORD      CODE              4000 - 4007               8   rel    0
                     CODE              401E - 403F              22 
ULDR_SECTOR          CODE              4040 - 4BF1             BB2   rel    1
INTVEC               CODE              6040 - 6043               4   rel    0
USR_MG_VECTOR        CODE              6044 - 6047               4   rel    0
INTVEC               CODE              6050 - 6053               4   rel    0
USR_MG_VECTOR        CODE              6054 - 605F               C   rel    0
INTVEC               CODE              6060 - 6063               4   rel    0
USR_MG_VECTOR        CODE              6064 - 606F               C   rel    0
INTVEC               CODE              6070 - 6073               4   rel    0
USR_MG_VECTOR        CODE              6074 - 607F               C   rel    0
INTVEC               CODE              6080 - 6083               4   rel    0
USR_MG_VECTOR        CODE              6084 - 608F               C   rel    0
INTVEC               CODE              6090 - 6093               4   rel    0
USR_MG_VECTOR        CODE              6094 - 609F               C   rel    0
INTVEC               CODE              60A0 - 60A3               4   rel    0
USR_MG_VECTOR        CODE              60A4 - 60AF               C   rel    0
INTVEC               CODE              60B0 - 60B3               4   rel    0
USR_MG_VECTOR        CODE              60B4 - 60BF               C   rel    0
INTVEC               CODE              60C0 - 60C3               4   rel    0
USR_MG_VECTOR        CODE              60C4 - 60CF               C   rel    0
INTVEC               CODE              60D0 - 60D3               4   rel    0
USR_MG_VECTOR        CODE              60D4 - 60DF               C   rel    0
INTVEC               CODE              60E0 - 60E3               4   rel    0
USR_MG_VECTOR        CODE              60E4 - 60EF               C   rel    0
INTVEC               CODE              60F0 - 60F3               4   rel    0
USR_MG_VECTOR        CODE              60F4 - 60FF               C   rel    0
INTVEC               CODE              6100 - 6103               4   rel    0
USR_MG_VECTOR        CODE                 6104                       rel    0
INTVEC               CODE              6110 - 6113               4   rel    0
USR_MG_VECTOR        CODE                 6114                       rel    0
INTVEC               CODE              6120 - 6123               4   rel    0
USR_MG_VECTOR        CODE                 6124                       rel    0
INTVEC               CODE              6130 - 6133               4   rel    0
USR_MG_VECTOR        CODE                 6134                       rel    0
RCODE                CODE                 6140                       rel    0
RCODE                CODE              6140 - 6187              48   rel    1
DATA16_C             CODE              6188 - 63C1             23A   rel    1
DATA16_ID            CODE              63C2 - 6408              47   rel    1
<CODE> 1             CODE              6409 - 646A              62   rel    0
<CODE,LCODE> 1       CODE              646C - F5F5            918A   rel    1
BOOT_IMAGE_INFO      CODE          00011FEA - 00011FFB          12   rel    1
APP_IMAGE_INFO       CODE          0001FFEA - 0001FFFB          12   rel    1
BOOT_LOADER_MSG      CODE          0001FFFC - 0001FFFF           4   rel    1
DATA16_AN            DATA              0002 - 008D              8C   rel    0
DATA16_I             DATA              00A2 - 00E8              47   rel    1
DATA16_Z             DATA              00EA - 064B             562   rel    1
DATA16_N             DATA              064C - 0655               A   rel    1
CSTACK               DATA              1DCD - 1FC0             1F4   rel    0

                ****************************************
                *                                      *
                *        END OF CROSS REFERENCE        *
                *                                      *
                ****************************************

 41 109 bytes of CODE memory (+ 242 absolute )
  1 959 bytes of DATA memory (+ 140 absolute )

Errors: none
Warnings: none

