################################################################################
#                                                                              #
#      IAR Universal Linker V4.61I/W32                                         #
#                                                                              #
#           Link time     =  07/Jul/2011  14:44:42                             #
#           Target CPU    =  MAXQ                                              #
#           List file     =  obj\roundrock_rev2_lagavulin\lagavulin_partial.ma #
#                            p                                                 #
#           Output file 1 =  C:\workspace\perforce\lagavulin\armos\rocket\obj\ #
#                            roundrock_rev2_lagavulin\lagavulin_partial.d66    #
#                            Format: debug                                     #
#                            UBROF version 10.0.2                              #
#                            Using library modules for C-SPY (-rt)             #
#           Output file 2 =  C:\workspace\perforce\lagavulin\armos\rocket\obj\ #
#                            roundrock_rev2_lagavulin\lagavulin_partial.out    #
#                            Format: intel-extended                            #
#           Command line  =  -S -f scatter/lagavulin_lnkmq31.xcl (-cmaxq       #
#                            -Z(CODE)RESET=6000-601B -Z(CODE)DEBUG=601C-603F   #
#                            -Z(CODE)INTVEC=6040-613F                          #
#                            -Z(CODE)RCODE=6140-FFFF                           #
#                            -P(CODE)DATA16_C,DATA8_ID,DATA16_ID,CHECKSUM,CONS #
#                            T                                                 #
#                            -P(CODE)CODE=6140-FFFF                            #
#                            -P(CODE)FARCODE=10000-1FFFF                       #
#                            -P(CODE)LCODE=6140-1FFFF                          #
#                            -Z(CODE)PRIMARY_CODE=6140-11FFF                   #
#                            -Z(CODE)SECONDARY_CODE=12000-1FFFF                #
#                            -Z(CODE)SYS_SECTOR=140-3FFF                       #
#                            -Z(CODE)ULDR_SECTOR=4000-5FFF                     #
#                            -Z(CODE)UAPP_SECTOR=6000-1FFFF                    #
#                            -Z(CODE)UPWD_SECTOR=6020-603F                     #
#                            -Z(CODE)BOOT_MANAGER=3E00-3FFF                    #
#                            -Z(CODE)BOOT_IMAGE_INFO=11FEA-11FFB               #
#                            -Z(CODE)APP_IMAGE_INFO=1FFEA-1FFFB                #
#                            -Z(CODE)BOOT_LOADER_MSG=1FFFC-1FFFF               #
#                            -Z(DATA)DATA16_I,DATA16_Z,DATA16_N=A2-1FC0        #
#                            -Z(DATA)CSTACK+_CSTACK_SIZE#800-1FC0              #
#                            -Z(DATA)HEAP+_HEAP_SIZE=800-1FC0                  #
#                            -D_CSTACK_SIZE=1F4 -D_HEAP_SIZE=1F4               #
#                            -D?UTIL_MOVE_DP0=10026                            #
#                            -D?UTIL_MOVE_DP0_INC=1002A                        #
#                            -D?UTIL_MOVE_DP0_DEC=1002E                        #
#                            -D?UTIL_MOVE_DP1=10032                            #
#                            -D?UTIL_MOVE_DP1_INC=10036                        #
#                            -D?UTIL_MOVE_DP1_DEC=1003A                        #
#                            -D?UTIL_MOVE_FP=1003E -D?UTIL_MOVE_FP_INC=10042   #
#                            -D?UTIL_MOVE_FP_DEC=10046 -D?UTIL_CRC16=10052     #
#                            -D?UTIL_FLASH_WRITE=1005E                         #
#                            -D?UTIL_FLASH_ERASE_PAGE=10062)                   #
#                            -Iiarmaxq220i/lib                                 #
#                            obj/roundrock_rev2_lagavulin/init.o               #
#                            obj/roundrock_rev2_lagavulin/timer_mux.o          #
#                            obj/roundrock_rev2_lagavulin/eventlog.o           #
#                            obj/roundrock_rev2_lagavulin/msgque.o             #
#                            obj/roundrock_rev2_lagavulin/hostctrl_common.o    #
#                            obj/roundrock_rev2_lagavulin/hostctrl_tavormg.o   #
#                            obj/roundrock_rev2_lagavulin/delay.o              #
#                            obj/roundrock_rev2_lagavulin/lagavulin_metrics.o  #
#                            obj/roundrock_rev2_lagavulin/lagavulin_gpio.o     #
#                            obj/roundrock_rev2_lagavulin/lagavulin_misc.o     #
#                            obj/roundrock_rev2_lagavulin/lagavulin_timer.o    #
#                            obj/roundrock_rev2_lagavulin/lagavulin_api.o      #
#                            obj/roundrock_rev2_lagavulin/lagavulin_i2c.o      #
#                            obj/roundrock_rev2_lagavulin/lagavulin_slowclock. #
#                            o                                                 #
#                            obj/roundrock_rev2_lagavulin/lagavulin_spi.o      #
#                            obj/roundrock_rev2_lagavulin/mq31_flash.o         #
#                            obj/roundrock_rev2_lagavulin/lagavulin_pmic_intct #
#                            rl.o                                              #
#                            obj/roundrock_rev2_lagavulin/lagavulin_intvector. #
#                            o                                                 #
#                            obj/roundrock_rev2_lagavulin/lagavulin_updater.o  #
#                            obj/roundrock_rev2_lagavulin/lagavulin_crc.o      #
#                            obj/roundrock_rev2_lagavulin/lagavulin_adc_hw.o   #
#                            obj/roundrock_rev2_lagavulin/mq31_inout.o         #
#                            obj/roundrock_rev2_lagavulin/app_stubs.o          #
#                            cstartup_usr.r66 mgLib.r66                        #
#                            clib/clmaxq68mllc.r66 -l                          #
#                            obj/roundrock_rev2_lagavulin/lagavulin_partial.ma #
#                            p                                                 #
#                            -xms                                              #
#                            -Ointel-extended=obj/roundrock_rev2_lagavulin/lag #
#                            avulin_partial.out                                #
#                            -rt                                               #
#                                                                              #
#                        Copyright 1987-2008 IAR Systems. All rights reserved. #
################################################################################





                ****************************************
                *                                      *
                *           CROSS REFERENCE            *
                *                                      *
                ****************************************

                  There are no program entries.




                ****************************************
                *                                      *
                *            RUNTIME MODEL             *
                *                                      *
                ****************************************

  __accumulators  = 16+
  __code_model    = l
  __const_in_code = 1
  __cpu_core      = MAXQ68
  __data_model    = l
  __rt_version    = 2



                ****************************************
                *                                      *
                *              MODULE MAP              *
                *                                      *
                ****************************************


  DEFINED ABSOLUTE ENTRIES
    *************************************************************************

  DEFINED ABSOLUTE ENTRIES
  PROGRAM MODULE, NAME : ?ABS_ENTRY_MOD

Absolute parts
           ENTRY                   ADDRESS         REF BY
           =====                   =======         ======
           ?UTIL_FLASH_ERASE_PAGE
                                   00010062        flash_erasePage (flash)
           ?UTIL_FLASH_WRITE       0001005E        flash_writeWord (flash)
           ?UTIL_CRC16             00010052        flash_crc (flash)
           ?UTIL_MOVE_FP_DEC       00010046 
           ?UTIL_MOVE_FP_INC       00010042        ?move_long_l (?move_long_l)
           ?UTIL_MOVE_FP           0001003E 
           ?UTIL_MOVE_DP1_DEC      0001003A 
           ?UTIL_MOVE_DP1_INC      00010036 
           ?UTIL_MOVE_DP1          00010032 
           ?UTIL_MOVE_DP0_DEC      0001002E        SetTimer (timer_mux)
                                                   StopTimer (timer_mux)
                                                   exeModelGauge (mgLib)
                                                   expireMuxTimers (timer_mux)
                                                   unSetTimer (timer_mux)
                                                   usr_doFullDet (mgLib)
                                                   usr_doReport (mgLib)
                                                   usr_doTakedQ (mgLib)
           ?UTIL_MOVE_DP0_INC      0001002A        SetTimer (timer_mux)
                                                   StopTimer (timer_mux)
                                                   exeModelGauge (mgLib)
                                                   expireMuxTimers (timer_mux)
                                                   unSetTimer (timer_mux)
                                                   usr_doFullDet (mgLib)
                                                   usr_doReport (mgLib)
                                                   usr_doTakedQ (mgLib)
           ?UTIL_MOVE_DP0          00010026        ApiRegRead (lagavulin_api)
                                                   ApiRegWrite (lagavulin_api)
                                                   ApiStopReceived (lagavulin_api)
                                                   CodeUpdateStateInit (lagavulin_updater)
                                                   EventLogAdd (eventlog)
                                                   ExecuteCall (msgque)
                                                   GpioHandler (lagavulin_gpio)
                                                   HostCtrlDisableSupplies (hostctrl_common)
                                                   HostCtrlInitiateReset (hostctrl_common)
                                                   HostCtrlPmicRegisterReset (hostctrl_common)
                                                   IsImageValid (lagavulin_updater)
                                                   LagavulinRegRead (lagavulin_api)
                                                   PmicFaultHandler (hostctrl_tavormg)
                                                   PmicInterruptDisable (lagavulin_pmic_intctrl)
                                                   PmicInterruptEnable (lagavulin_pmic_intctrl)
                                                   PmicInterruptHandlerReal (lagavulin_pmic_intctrl)
                                                   PmicRegisterIntHandler (lagavulin_pmic_intctrl)
                                                   PmicUpdateIntMaskRegisterReal (lagavulin_pmic_intctrl)
                                                   ProcessUpdateCommand (lagavulin_updater)
                                                   SetTimer (timer_mux)
                                                   StopTimer (timer_mux)
                                                   SupplySequenceRunInternal (hostctrl_common)
                                                   exeModelGauge (mgLib)
                                                   expireMuxTimers (timer_mux)
                                                   i2cIsrHandler (lagavulin_i2c)
                                                   i2cMasterIsr (lagavulin_i2c)
                                                   i2cSlaveDummyIsr (lagavulin_i2c)
                                                   i2cSlaveIsr (lagavulin_i2c)
                                                   i2cSlaveRomIsr (lagavulin_i2c)
                                                   initModelGauge (mgLib)
                                                   memcpy (?MEMCPY)
                                                   unSetTimer (timer_mux)
                                                   usr_doFullDet (mgLib)
                                                   usr_doReport (mgLib)
           _HEAP_SIZE              01F4 
           _CSTACK_SIZE            01F4 
    *************************************************************************

  FILE NAME : C:\workspace\perforce\lagavulin\armos\rocket\obj\roundrock_rev2_lagavulin\init.o
  PROGRAM MODULE, NAME : init

  SEGMENTS IN THE MODULE
  ======================
<CODE,LCODE> 1 (was LCODE)
  Relative segment, address: CODE D9D6 - D9E3 (0xe bytes), align: 1
  Segment part 2.             Intra module refs:   main
           ENTRY                   ADDRESS         REF BY
           =====                   =======         ======
           SwitchToXtal            D9D6 
               calls direct
               CSTACK = 00000000 ( 00000002 )
    -------------------------------------------------------------------------
<CODE,LCODE> 1 (was LCODE)
  Relative segment, address: CODE CB5C - CBEB (0x90 bytes), align: 1
  Segment part 3.
           ENTRY                   ADDRESS         REF BY
           =====                   =======         ======
           main                    CB5C            __MAIN_CALL (__MAIN_CALL)
               calls direct
               CSTACK = 00000000 ( 00000002 )

    *************************************************************************

  FILE NAME : C:\workspace\perforce\lagavulin\armos\rocket\obj\roundrock_rev2_lagavulin\timer_mux.o
  PROGRAM MODULE, NAME : timer_mux

  SEGMENTS IN THE MODULE
  ======================
DATA16_Z
  Relative segment, address: DATA 00EA - 0109 (0x20 bytes), align: 1
  Segment part 3.             Intra module refs:   SetTimer
                                                   StopTimer
                                                   TimerInit
                                                   unSetTimer
           LOCAL                   ADDRESS         
           =====                   =======         
           IsSet                   00EA 
    -------------------------------------------------------------------------
DATA16_Z
  Relative segment, address: DATA 010A - 0149 (0x40 bytes), align: 1
  Segment part 4.             Intra module refs:   SetTimer
                                                   StopTimer
                                                   expireMuxTimers
                                                   unSetTimer
           LOCAL                   ADDRESS         
           =====                   =======         
           MatchValue              010A 
    -------------------------------------------------------------------------
DATA16_Z
  Relative segment, address: DATA 014A - 0169 (0x20 bytes), align: 1
  Segment part 5.             Intra module refs:   RegisterTimerExpiry
                                                   TimerInit
                                                   expireMuxTimers
           LOCAL                   ADDRESS         
           =====                   =======         
           TimerHandler            014A 
    -------------------------------------------------------------------------
DATA16_Z
  Relative segment, address: DATA 016A - 0189 (0x20 bytes), align: 1
  Segment part 6.             Intra module refs:   RegisterTimerExpiry
                                                   expireMuxTimers
           LOCAL                   ADDRESS         
           =====                   =======         
           HandlerData             016A 
    -------------------------------------------------------------------------
DATA16_Z
  Relative segment, address: DATA 055C - 056B (0x10 bytes), align: 0
  Segment part 7.             Intra module refs:   SetTimer
                                                   StopTimer
                                                   expireMuxTimers
                                                   unSetTimer
           LOCAL                   ADDRESS         
           =====                   =======         
           pq                      055C 
    -------------------------------------------------------------------------
DATA16_Z
  Relative segment, address: DATA 018A - 018B (0x2 bytes), align: 1
  Segment part 8.             Intra module refs:   SetTimer
                                                   StopTimer
                                                   expireMuxTimers
                                                   unSetTimer
           LOCAL                   ADDRESS         
           =====                   =======         
           numSet                  018A 
    -------------------------------------------------------------------------
<CODE,LCODE> 1 (was LCODE)
  Relative segment, address: CODE 9014 - 9039 (0x26 bytes), align: 1
  Segment part 9.             Intra module refs:   expireMuxTimers
           LOCAL                   ADDRESS         
           =====                   =======         
           betweeneq               9014 
               CSTACK = 00000000 ( 00000002 )
    -------------------------------------------------------------------------
<CODE,LCODE> 1 (was LCODE)
  Relative segment, address: CODE 903A - 905F (0x26 bytes), align: 1
  Segment part 10.            Intra module refs:   SetTimer
                                                   unSetTimer
           LOCAL                   ADDRESS         
           =====                   =======         
           between                 903A 
               CSTACK = 00000000 ( 00000002 )
    -------------------------------------------------------------------------
<CODE,LCODE> 1 (was LCODE)
  Relative segment, address: CODE 9060 - 9083 (0x24 bytes), align: 1
  Segment part 11.            Intra module refs:   StopTimer
                                                   expireMuxTimers
           LOCAL                   ADDRESS         
           =====                   =======         
           setEarliest             9060 
               calls direct
               CSTACK = 00000000 ( 00000002 )
    -------------------------------------------------------------------------
<CODE,LCODE> 1 (was LCODE)
  Relative segment, address: CODE 9084 - 9085 (0x2 bytes), align: 1
  Segment part 12.            Intra module refs:   RegisterTimerExpiry
                                                   TimerInit
           LOCAL                   ADDRESS         
           =====                   =======         
           TimerCallbackFailure    9084 
               CSTACK = 00000000 ( 00000002 )
    -------------------------------------------------------------------------
<CODE,LCODE> 1 (was LCODE)
  Relative segment, address: CODE 9086 - 93DF (0x35a bytes), align: 1
  Segment part 13.            Intra module refs:   StopTimer
                                                   expireMuxTimers
           LOCAL                   ADDRESS         
           =====                   =======         
           unSetTimer              9086 
               calls direct
               CSTACK = 00000000 ( 0000000A )
    -------------------------------------------------------------------------
<CODE,LCODE> 1 (was LCODE)
  Relative segment, address: CODE 93E0 - 9557 (0x178 bytes), align: 1
  Segment part 14.            Intra module refs:   SetTimer
                                                   TimerInit
           LOCAL                   ADDRESS         
           =====                   =======         
           expireMuxTimers         93E0 
               calls direct and indirect
               CSTACK = 00000000 ( 00000008 )
    -------------------------------------------------------------------------
<CODE,LCODE> 1 (was LCODE)
  Relative segment, address: CODE 9558 - 97A7 (0x250 bytes), align: 1
  Segment part 15.
           ENTRY                   ADDRESS         REF BY
           =====                   =======         ======
           SetTimer                9558            AdcRawCb (lagavulin_adc_hw)
                                                   HostCtrlStateInit (hostctrl_tavormg)
                                                   HostCtrlTimerExpiry (hostctrl_tavormg)
                                                   SupplySequenceRunInternal (hostctrl_common)
                                                   WdtIsr (lagavulin_misc)
                                                   WdtStartTimer (lagavulin_misc)
                                                   main (init)
               calls direct
               CSTACK = 00000000 ( 00000010 )
    -------------------------------------------------------------------------
<CODE,LCODE> 1 (was LCODE)
  Relative segment, address: CODE 97A8 - 98D3 (0x12c bytes), align: 1
  Segment part 16.            Intra module refs:   SetTimer
           ENTRY                   ADDRESS         REF BY
           =====                   =======         ======
           StopTimer               97A8            HostCtrlTimerExpiry (hostctrl_tavormg)
               calls direct
               CSTACK = 00000000 ( 0000000A )
    -------------------------------------------------------------------------
<CODE,LCODE> 1 (was LCODE)
  Relative segment, address: CODE CF7A - CFDD (0x64 bytes), align: 1
  Segment part 17.
           ENTRY                   ADDRESS         REF BY
           =====                   =======         ======
           RegisterTimerExpiry     CF7A            AdcInitHw (lagavulin_adc_hw)
                                                   HostCtrlInit (hostctrl_common)
                                                   HostCtrlInitProc (hostctrl_tavormg)
                                                   WdtStartTimer (lagavulin_misc)
                                                   main (init)
               CSTACK = 00000000 ( 00000002 )
    -------------------------------------------------------------------------
<CODE,LCODE> 1 (was LCODE)
  Relative segment, address: CODE CFDE - D039 (0x5c bytes), align: 1
  Segment part 18.
           ENTRY                   ADDRESS         REF BY
           =====                   =======         ======
           TimerInit               CFDE            main (init)
               calls direct
               CSTACK = 00000000 ( 00000002 )

    *************************************************************************

  FILE NAME : C:\workspace\perforce\lagavulin\armos\rocket\obj\roundrock_rev2_lagavulin\eventlog.o
  PROGRAM MODULE, NAME : eventlog

  SEGMENTS IN THE MODULE
  ======================
DATA16_Z
  Relative segment, address: DATA 018C - 0291 (0x106 bytes), align: 1
  Segment part 3.             Intra module refs:   EventLogAdd
                                                   EventLogInit
           ENTRY                   ADDRESS         REF BY
           =====                   =======         ======
           CurrentEventLog         018C 
    -------------------------------------------------------------------------
DATA16_Z
  Relative segment, address: DATA 0292 - 0397 (0x106 bytes), align: 1
  Segment part 4.             Intra module refs:   EventLogInit
                                                   SavedEventLogRewind
           ENTRY                   ADDRESS         REF BY
           =====                   =======         ======
           SavedEventLog           0292 
    -------------------------------------------------------------------------
DATA16_Z
  Relative segment, address: DATA 0398 - 0399 (0x2 bytes), align: 1
  Segment part 5.             Intra module refs:   EventLogInit
                                                   SavedEventLogRewind
           ENTRY                   ADDRESS         REF BY
           =====                   =======         ======
           SavedEventLogByteIndex
                                   0398 
    -------------------------------------------------------------------------
DATA16_Z
  Relative segment, address: DATA 039A - 039B (0x2 bytes), align: 1
  Segment part 6.             Intra module refs:   EventLogInit
                                                   SavedEventLogRewind
           ENTRY                   ADDRESS         REF BY
           =====                   =======         ======
           SavedEventLogSize       039A 
    -------------------------------------------------------------------------
DATA16_Z
  Relative segment, address: DATA 039C - 039D (0x2 bytes), align: 1
  Segment part 7.             Intra module refs:   EventLogInit
                                                   SavedEventLogRewind
           ENTRY                   ADDRESS         REF BY
           =====                   =======         ======
           SavedEventLogReadCount
                                   039C 
    -------------------------------------------------------------------------
<CODE,LCODE> 1 (was LCODE)
  Relative segment, address: CODE BA88 - BB05 (0x7e bytes), align: 1
  Segment part 8.
           ENTRY                   ADDRESS         REF BY
           =====                   =======         ======
           EventLogInit            BA88            HostCtrlInitiateReset (hostctrl_common)
                                                   main (init)
               calls direct
               CSTACK = 00000000 ( 00000002 )
    -------------------------------------------------------------------------
<CODE,LCODE> 1 (was LCODE)
  Relative segment, address: CODE BB06 - BCDB (0x1d6 bytes), align: 1
  Segment part 10.            Intra module refs:   EventLogAddN
                                                   EventLogInit
           ENTRY                   ADDRESS         REF BY
           =====                   =======         ======
           EventLogAdd             BB06            AdcCompleteIsrHw (lagavulin_adc_hw)
                                                   CodeUpdateStateInit (lagavulin_updater)
                                                   ConfigureXt1External (lagavulin_slowclock)
                                                   ExecuteCall (msgque)
                                                   HostCtrlTimerExpiry (hostctrl_tavormg)
                                                   I2cInit (lagavulin_i2c)
                                                   PmicInterruptHandlerReal (lagavulin_pmic_intctrl)
                                                   PowerFaultIsr (lagavulin_misc)
                                                   ProcessUpdateCommand (lagavulin_updater)
                                                   QueueCallInt (msgque)
                                                   RimInitiateReset (lagavulin_misc)
                                                   WdtHit (lagavulin_misc)
                                                   WdtInit (lagavulin_misc)
                                                   WdtIsr (lagavulin_misc)
                                                   WriteBootloaderMsg (lagavulin_updater)
                                                   i2c0RxTxIsr (lagavulin_i2c)
                                                   i2c1RxTxIsr (lagavulin_i2c)
                                                   i2c2RxTxIsr (lagavulin_i2c)
                                                   i2cMasterIsr (lagavulin_i2c)
                                                   i2cSlaveRomIsr (lagavulin_i2c)
                                                   main (init)
                                                   unregisteredHandler (lagavulin_intvector)
               CSTACK = 00000000 ( 00000002 )
    -------------------------------------------------------------------------
<CODE,LCODE> 1 (was LCODE)
  Relative segment, address: CODE BCDC - BD13 (0x38 bytes), align: 1
  Segment part 11.
           ENTRY                   ADDRESS         REF BY
           =====                   =======         ======
           EventLogAddN            BCDC            ApiInterruptHost (lagavulin_api)
                                                   PmicFaultHandler (hostctrl_tavormg)
                                                   PmicInterruptHandlerReal (lagavulin_pmic_intctrl)
                                                   ProcessUpdateCommand (lagavulin_updater)
                                                   SetTimer (timer_mux)
                                                   StopTimer (timer_mux)
                                                   SysEnIsr (hostctrl_tavormg)
                                                   WdtInit (lagavulin_misc)
                                                   expireMuxTimers (timer_mux)
               calls direct
               CSTACK = 00000000 ( 00000008 )
    -------------------------------------------------------------------------
<CODE,LCODE> 1 (was LCODE)
  Relative segment, address: CODE BD14 - BD59 (0x46 bytes), align: 1
  Segment part 12.            Intra module refs:   EventLogInit
           ENTRY                   ADDRESS         REF BY
           =====                   =======         ======
           SavedEventLogRewind     BD14 
               CSTACK = 00000000 ( 00000002 )

    *************************************************************************

  FILE NAME : C:\workspace\perforce\lagavulin\armos\rocket\obj\roundrock_rev2_lagavulin\msgque.o
  PROGRAM MODULE, NAME : msgque

  SEGMENTS IN THE MODULE
  ======================
DATA16_Z
  Relative segment, address: DATA 039E - 03DD (0x40 bytes), align: 1
  Segment part 3.             Intra module refs:   ExecuteCall
                                                   QueueCallInt
           LOCAL                   ADDRESS         
           =====                   =======         
           qCalls                  039E 
    -------------------------------------------------------------------------
DATA16_Z
  Relative segment, address: DATA 056C - 056C (0x1 bytes), align: 0
  Segment part 4.             Intra module refs:   CallQueueInit
                                                   QueueCallInt
           LOCAL                   ADDRESS         
           =====                   =======         
           qHead                   056C 
    -------------------------------------------------------------------------
DATA16_Z
  Relative segment, address: DATA 056D - 056D (0x1 bytes), align: 0
  Segment part 5.             Intra module refs:   CallQueueInit
                                                   ExecuteCall
                                                   QueueCallInt
           LOCAL                   ADDRESS         
           =====                   =======         
           qTail                   056D 
    -------------------------------------------------------------------------
DATA16_Z
  Relative segment, address: DATA 056E - 056E (0x1 bytes), align: 0
  Segment part 6.             Intra module refs:   CallQueueInit
                                                   ExecuteCall
                                                   QueueCallInt
           LOCAL                   ADDRESS         
           =====                   =======         
           qCount                  056E 
    -------------------------------------------------------------------------
<CODE,LCODE> 1 (was LCODE)
  Relative segment, address: CODE D962 - D97B (0x1a bytes), align: 1
  Segment part 7.
           ENTRY                   ADDRESS         REF BY
           =====                   =======         ======
           CallQueueInit           D962            main (init)
               CSTACK = 00000000 ( 00000002 )
    -------------------------------------------------------------------------
<CODE,LCODE> 1 (was LCODE)
  Relative segment, address: CODE C566 - C66F (0x10a bytes), align: 1
  Segment part 8.
           ENTRY                   ADDRESS         REF BY
           =====                   =======         ======
           QueueCallInt            C566            ExternalPwrApplied (hostctrl_tavormg)
                                                   HostCtrlTimerExpiry (hostctrl_tavormg)
                                                   HostCtrlTimerHandler (hostctrl_tavormg)
                                                   LagavulinPmicStopReceived (lagavulin_api)
                                                   SupplySequenceRunInternal (hostctrl_common)
                                                   SwitchToXtal (init)
                                                   SysEnIsr (hostctrl_tavormg)
                                                   UpdaterStopReceived (lagavulin_updater)
               calls direct
               CSTACK = 00000000 ( 00000008 )
    -------------------------------------------------------------------------
<CODE,LCODE> 1 (was LCODE)
  Relative segment, address: CODE C768 - C84B (0xe4 bytes), align: 1
  Segment part 9.
           ENTRY                   ADDRESS         REF BY
           =====                   =======         ======
           ExecuteCall             C768            main (init)
               calls direct and indirect
               CSTACK = 00000000 ( 00000006 )

    *************************************************************************

  FILE NAME : C:\workspace\perforce\lagavulin\armos\rocket\obj\roundrock_rev2_lagavulin\hostctrl_common.o
  PROGRAM MODULE, NAME : hostctrl_common

  SEGMENTS IN THE MODULE
  ======================
DATA16_C
  Relative segment, address: CODE 62DA - 62DA (0x1 bytes), align: 0
  Segment part 3.             Intra module refs:   HostCtrlDisableSupplies
    -------------------------------------------------------------------------
DATA16_C
  Relative segment, address: CODE 62DB - 62E2 (0x8 bytes), align: 0
  Segment part 4.             Intra module refs:   HostCtrlInitiateReset
    -------------------------------------------------------------------------
DATA16_C
  Relative segment, address: CODE 62E3 - 62E7 (0x5 bytes), align: 0
  Segment part 5.             Intra module refs:   HostCtrlPmicRegisterReset
           LOCAL                   ADDRESS         
           =====                   =======         
           SM_DFLT                 62E3 
    -------------------------------------------------------------------------
DATA16_C
  Relative segment, address: CODE 62E8 - 62FF (0x18 bytes), align: 0
  Segment part 6.             Intra module refs:   HostCtrlPmicRegisterReset
           LOCAL                   ADDRESS         
           =====                   =======         
           LDO_DFLT                62E8 
    -------------------------------------------------------------------------
DATA16_C
  Relative segment, address: CODE 6188 - 61B1 (0x2a bytes), align: 1
  Segment part 7.             Intra module refs:   SupplySequenceRunInternal
           LOCAL                   ADDRESS         
           =====                   =======         
           SSEQ                    6188 
    -------------------------------------------------------------------------
DATA16_C
  Relative segment, address: CODE 6300 - 6300 (0x1 bytes), align: 0
  Segment part 8.             Intra module refs:   SupplySequenceRunInternal
           LOCAL                   ADDRESS         
           =====                   =======         
           SEQUENCE_SIZE           6300 
    -------------------------------------------------------------------------
DATA16_Z
  Relative segment, address: DATA 056F - 056F (0x1 bytes), align: 0
  Segment part 9.             Intra module refs:   SupplySequenceRunInternal
           LOCAL                   ADDRESS         
           =====                   =======         
           SeqPos                  056F 
    -------------------------------------------------------------------------
DATA16_I
  Relative segment, address: DATA 00A2 - 00A3 (0x2 bytes), align: 1
  Segment part 10.            Intra module refs:   SupplySequenceRun
                                                   SupplySequenceRunInternal
           LOCAL                   ADDRESS         
           =====                   =======         
           SeqDir                  00A2 
    -------------------------------------------------------------------------
DATA16_Z
  Relative segment, address: DATA 03DE - 03DF (0x2 bytes), align: 1
  Segment part 12.            Intra module refs:   HostCtrlInitiateReset
           LOCAL                   ADDRESS         
           =====                   =======         
           ResetInProgress         03DE 
    -------------------------------------------------------------------------
DATA16_Z
  Relative segment, address: DATA 03E0 - 03E1 (0x2 bytes), align: 1
  Segment part 13.            Intra module refs:   HostCtrlGetResetReason
                                                   HostCtrlInitiateReset
           LOCAL                   ADDRESS         
           =====                   =======         
           InitiateResetReason     03E0 
    -------------------------------------------------------------------------
DATA16_Z
  Relative segment, address: DATA 03E2 - 03E3 (0x2 bytes), align: 1
  Segment part 14.            Intra module refs:   HostCtrlGetResetFlags
                                                   HostCtrlInit
                                                   HostCtrlInitiateReset
                                                   SupplySequenceRunInternal
           LOCAL                   ADDRESS         
           =====                   =======         
           InitiateResetFlags      03E2 
    -------------------------------------------------------------------------
<CODE,LCODE> 1 (was LCODE)
  Relative segment, address: CODE 77EE - 80A7 (0x8ba bytes), align: 1
  Segment part 15.            Intra module refs:   HostCtrlInit
                                                   SupplySequenceRun
           LOCAL                   ADDRESS         
           =====                   =======         
           SupplySequenceRunInternal
                                   77EE 
               calls direct
               CSTACK = 00000000 ( 00000002 )
    -------------------------------------------------------------------------
<CODE,LCODE> 1 (was LCODE)
  Relative segment, address: CODE 80A8 - 825B (0x1b4 bytes), align: 1
  Segment part 16.
           ENTRY                   ADDRESS         REF BY
           =====                   =======         ======
           HostCtrlDisableSupplies
                                   80A8            HostCtrlStateInit (hostctrl_tavormg)
                                                   HostCtrlTimerExpiry (hostctrl_tavormg)
               calls direct
               CSTACK = 00000000 ( 00000008 )
    -------------------------------------------------------------------------
<CODE,LCODE> 1 (was LCODE)
  Relative segment, address: CODE 825C - 826B (0x10 bytes), align: 1
  Segment part 17.            Intra module refs:   HostCtrlInitiateReset
           ENTRY                   ADDRESS         REF BY
           =====                   =======         ======
           SupplySequenceRun       825C            HostCtrlTimerExpiry (hostctrl_tavormg)
               calls direct
               CSTACK = 00000000 ( 00000002 )
    -------------------------------------------------------------------------
<CODE,LCODE> 1 (was LCODE)
  Relative segment, address: CODE 826C - 829D (0x32 bytes), align: 1
  Segment part 18.
           ENTRY                   ADDRESS         REF BY
           =====                   =======         ======
           HostCtrlInit            826C            main (init)
               calls direct
               CSTACK = 00000000 ( 00000004 )
    -------------------------------------------------------------------------
<CODE,LCODE> 1 (was LCODE)
  Relative segment, address: CODE 829E - 8477 (0x1da bytes), align: 1
  Segment part 19.            Intra module refs:   HostCtrlInitiateReset
           ENTRY                   ADDRESS         REF BY
           =====                   =======         ======
           HostCtrlPmicRegisterReset
                                   829E            HostCtrlTimerExpiry (hostctrl_tavormg)
                                                   main (init)
               calls direct
               CSTACK = 00000000 ( 00000008 )
    -------------------------------------------------------------------------
<CODE,LCODE> 1 (was LCODE)
  Relative segment, address: CODE 8478 - 84D5 (0x5e bytes), align: 1
  Segment part 20.            Intra module refs:   HostCtrlInitiateReset
                                                   HostCtrlPowerLost
           ENTRY                   ADDRESS         REF BY
           =====                   =======         ======
           HostCtrlGpioReset       8478            HostCtrlStateInit (hostctrl_tavormg)
                                                   HostCtrlTimerExpiry (hostctrl_tavormg)
               calls direct
               CSTACK = 00000000 ( 00000002 )
    -------------------------------------------------------------------------
<CODE,LCODE> 1 (was LCODE)
  Relative segment, address: CODE 84D6 - 84DF (0xa bytes), align: 1
  Segment part 21.
           ENTRY                   ADDRESS         REF BY
           =====                   =======         ======
           HostCtrlGetResetReason
                                   84D6            HostCtrlTimerExpiry (hostctrl_tavormg)
               CSTACK = 00000000 ( 00000002 )
    -------------------------------------------------------------------------
<CODE,LCODE> 1 (was LCODE)
  Relative segment, address: CODE 84E0 - 84E9 (0xa bytes), align: 1
  Segment part 22.
           ENTRY                   ADDRESS         REF BY
           =====                   =======         ======
           HostCtrlGetResetFlags   84E0            HostCtrlStateInit (hostctrl_tavormg)
                                                   HostCtrlTimerExpiry (hostctrl_tavormg)
               CSTACK = 00000000 ( 00000002 )
    -------------------------------------------------------------------------
<CODE,LCODE> 1 (was LCODE)
  Relative segment, address: CODE 84EA - 86B7 (0x1ce bytes), align: 1
  Segment part 23.
           ENTRY                   ADDRESS         REF BY
           =====                   =======         ======
           HostCtrlInitiateReset   84EA            LagavulinRegWrite (lagavulin_api)
                                                   ProcessUpdateCommand (lagavulin_updater)
                                                   SysEnIsr (hostctrl_tavormg)
               calls direct
               CSTACK = 00000000 ( 0000000E )
    -------------------------------------------------------------------------
<CODE,LCODE> 1 (was LCODE)
  Relative segment, address: CODE 86B8 - 86C7 (0x10 bytes), align: 1
  Segment part 24.
           ENTRY                   ADDRESS         REF BY
           =====                   =======         ======
           HostCtrlPowerLost       86B8            PowerFaultIsr (lagavulin_misc)
               calls direct
               CSTACK = 00000000 ( 00000002 )
    -------------------------------------------------------------------------
DATA16_ID
  Relative segment, address: CODE 637E - 637F (0x2 bytes), align: 1
  Segment part 11.            Intra module refs:   SeqDir

    *************************************************************************

  FILE NAME : C:\workspace\perforce\lagavulin\armos\rocket\obj\roundrock_rev2_lagavulin\hostctrl_tavormg.o
  PROGRAM MODULE, NAME : hostctrl_tavormg

  SEGMENTS IN THE MODULE
  ======================
DATA16_Z
  Relative segment, address: DATA 0570 - 0570 (0x1 bytes), align: 0
  Segment part 4.             Intra module refs:   ExternalPwrApplied
                                                   HostCtrlInitProc
                                                   HostCtrlStateInit
                                                   HostCtrlTimerExpiry
                                                   HostCtrlUpdateState
                                                   SysEnIsr
           LOCAL                   ADDRESS         
           =====                   =======         
           State                   0570 
    -------------------------------------------------------------------------
<CODE,LCODE> 1 (was LCODE)
  Relative segment, address: CODE D5BA - D60F (0x56 bytes), align: 1
  Segment part 5.             Intra module refs:   HostCtrlInitProc
           ENTRY                   ADDRESS         REF BY
           =====                   =======         ======
           SysEnIsr                D5BA 
               calls direct
               CSTACK = 00000000 ( 00000004 )
    -------------------------------------------------------------------------
<CODE,LCODE> 1 (was LCODE)
  Relative segment, address: CODE D9C4 - D9D5 (0x12 bytes), align: 1
  Segment part 6.
           ENTRY                   ADDRESS         REF BY
           =====                   =======         ======
           HostCtrlGpioResetProc   D9C4            HostCtrlGpioReset (hostctrl_common)
               calls direct
               CSTACK = 00000000 ( 00000002 )
    -------------------------------------------------------------------------
<CODE,LCODE> 1 (was LCODE)
  Relative segment, address: CODE D9E4 - D9ED (0xa bytes), align: 1
  Segment part 7.
           ENTRY                   ADDRESS         REF BY
           =====                   =======         ======
           HostCtrlUpdateState     D9E4            SupplySequenceRunInternal (hostctrl_common)
               CSTACK = 00000000 ( 00000002 )
    -------------------------------------------------------------------------
<CODE,LCODE> 1 (was LCODE)
  Relative segment, address: CODE C28A - C407 (0x17e bytes), align: 1
  Segment part 8.             Intra module refs:   HostCtrlStateInit
           LOCAL                   ADDRESS         
           =====                   =======         
           PmicFaultHandler        C28A 
               calls direct
               CSTACK = 00000000 ( 0000000A )
    -------------------------------------------------------------------------
<CODE,LCODE> 1 (was LCODE)
  Relative segment, address: CODE B48C - B509 (0x7e bytes), align: 1
  Segment part 9.             Intra module refs:   HostCtrlTimerExpiry
           LOCAL                   ADDRESS         
           =====                   =======         
           HostCtrlStateInit       B48C 
               calls direct
               CSTACK = 00000000 ( 00000004 )
    -------------------------------------------------------------------------
<CODE,LCODE> 1 (was LCODE)
  Relative segment, address: CODE B50A - B525 (0x1c bytes), align: 1
  Segment part 10.            Intra module refs:   HostCtrlTimerExpiry
           LOCAL                   ADDRESS         
           =====                   =======         
           ExternalPwrApplied      B50A 
               calls direct
               CSTACK = 00000000 ( 00000002 )
    -------------------------------------------------------------------------
<CODE,LCODE> 1 (was LCODE)
  Relative segment, address: CODE B526 - B759 (0x234 bytes), align: 1
  Segment part 11.            Intra module refs:   ExternalPwrApplied
                                                   HostCtrlInitProc
                                                   HostCtrlTimerHandler
                                                   SysEnIsr
           ENTRY                   ADDRESS         REF BY
           =====                   =======         ======
           HostCtrlTimerExpiry     B526            SupplySequenceRunInternal (hostctrl_common)
               calls direct
               CSTACK = 00000000 ( 00000004 )
    -------------------------------------------------------------------------
<CODE,LCODE> 1 (was LCODE)
  Relative segment, address: CODE B75A - B767 (0xe bytes), align: 1
  Segment part 12.            Intra module refs:   HostCtrlInitProc
           ENTRY                   ADDRESS         REF BY
           =====                   =======         ======
           HostCtrlTimerHandler    B75A 
               calls direct
               CSTACK = 00000000 ( 00000002 )
    -------------------------------------------------------------------------
<CODE,LCODE> 1 (was LCODE)
  Relative segment, address: CODE B768 - B779 (0x12 bytes), align: 1
  Segment part 13.
           ENTRY                   ADDRESS         REF BY
           =====                   =======         ======
           HostCtrlPrepResetProc   B768            HostCtrlInitiateReset (hostctrl_common)
               calls direct
               CSTACK = 00000000 ( 00000002 )
    -------------------------------------------------------------------------
<CODE,LCODE> 1 (was LCODE)
  Relative segment, address: CODE B77A - B79F (0x26 bytes), align: 1
  Segment part 14.
           ENTRY                   ADDRESS         REF BY
           =====                   =======         ======
           HostCtrlInitProc        B77A            HostCtrlInit (hostctrl_common)
               calls direct
               CSTACK = 00000000 ( 00000002 )
    -------------------------------------------------------------------------
DATA16_C
  Relative segment, address: CODE 6301 - 6301 (0x1 bytes), align: 0
  Segment part 3.             Intra module refs:   PmicFaultHandler

    *************************************************************************

  FILE NAME : C:\workspace\perforce\lagavulin\armos\rocket\obj\roundrock_rev2_lagavulin\delay.o
  PROGRAM MODULE, NAME : delay

  SEGMENTS IN THE MODULE
  ======================
<CODE,LCODE> 1 (was LCODE)
  Relative segment, address: CODE D71C - D755 (0x3a bytes), align: 1
  Segment part 2.
           ENTRY                   ADDRESS         REF BY
           =====                   =======         ======
           HwDelay                 D71C            AdcConvertHw (lagavulin_adc_hw)
               calls direct
               CSTACK = 00000000 ( 0000000A )

    *************************************************************************

  FILE NAME : C:\workspace\perforce\lagavulin\armos\rocket\obj\roundrock_rev2_lagavulin\lagavulin_metrics.o
  PROGRAM MODULE, NAME : lagavulin_metrics

  SEGMENTS IN THE MODULE
  ======================
BOOT_LOADER_MSG
  Relative segment, address: CODE 0001FFFC - 0001FFFF (0x4 bytes), align: 1
  Segment part 2.
           ENTRY                   ADDRESS         REF BY
           =====                   =======         ======
           BootloaderMsg           0001FFFC        WriteBootloaderMsg (lagavulin_updater)
    -------------------------------------------------------------------------
BOOT_IMAGE_INFO
  Relative segment, address: CODE 00011FEA - 00011FFB (0x12 bytes), align: 1
  Segment part 3.             Intra module refs:   LagavulinMetrics
           ENTRY                   ADDRESS         REF BY
           =====                   =======         ======
           BootImageInfo           00011FEA 
    -------------------------------------------------------------------------
APP_IMAGE_INFO
  Relative segment, address: CODE 0001FFEA - 0001FFFB (0x12 bytes), align: 1
  Segment part 4.             Intra module refs:   LagavulinMetrics
           ENTRY                   ADDRESS         REF BY
           =====                   =======         ======
           AppImageInfo            0001FFEA 
    -------------------------------------------------------------------------
DATA16_C
  Relative segment, address: CODE 61B2 - 61F3 (0x42 bytes), align: 1
  Segment part 5.
           ENTRY                   ADDRESS         REF BY
           =====                   =======         ======
           LagavulinMetrics        61B2            CodeUpdateStateInit (lagavulin_updater)
                                                   LagavulinRegRead (lagavulin_api)
                                                   ProcessUpdateCommand (lagavulin_updater)

    *************************************************************************

  FILE NAME : C:\workspace\perforce\lagavulin\armos\rocket\obj\roundrock_rev2_lagavulin\lagavulin_gpio.o
  PROGRAM MODULE, NAME : lagavulin_gpio

  SEGMENTS IN THE MODULE
  ======================
DATA16_Z
  Relative segment, address: DATA 03E4 - 0433 (0x50 bytes), align: 1
  Segment part 14.            Intra module refs:   GpioHandler
                                                   GpioInit
                                                   PadRegisterIntHandler
           LOCAL                   ADDRESS         
           =====                   =======         
           PadHandler              03E4 
    -------------------------------------------------------------------------
<CODE,LCODE> 1 (was LCODE)
  Relative segment, address: CODE C104 - C289 (0x186 bytes), align: 1
  Segment part 15.            Intra module refs:   GpioInit
                                                   PadRegisterIntHandler
           LOCAL                   ADDRESS         
           =====                   =======         
           GpioHandler             C104 
               calls direct and indirect
               CSTACK = 00000000 ( 0000000A )
    -------------------------------------------------------------------------
<CODE,LCODE> 1 (was LCODE)
  Relative segment, address: CODE DA06 - DA07 (0x2 bytes), align: 1
  Segment part 16.            Intra module refs:   GpioInit
           LOCAL                   ADDRESS         
           =====                   =======         
           GpioInterruptFailure    DA06 
               CSTACK = 00000000 ( 00000002 )
    -------------------------------------------------------------------------
<CODE,LCODE> 1 (was LCODE)
  Relative segment, address: CODE D9FA - D9FB (0x2 bytes), align: 1
  Segment part 17.
           ENTRY                   ADDRESS         REF BY
           =====                   =======         ======
           PadSupercapMode         D9FA            HostCtrlGpioReset (hostctrl_common)
               CSTACK = 00000000 ( 00000002 )
    -------------------------------------------------------------------------
<CODE,LCODE> 1 (was LCODE)
  Relative segment, address: CODE AC98 - B119 (0x482 bytes), align: 1
  Segment part 18.            Intra module refs:   Segment part 23
           ENTRY                   ADDRESS         REF BY
           =====                   =======         ======
           PadConfig               AC98            HostCtrlGpioReset (hostctrl_common)
                                                   HostCtrlGpioResetProc (hostctrl_tavormg)
                                                   HostCtrlPowerLost (hostctrl_common)
                                                   HostCtrlPrepResetProc (hostctrl_tavormg)
                                                   HostCtrlTimerExpiry (hostctrl_tavormg)
                                                   PmicFaultHandler (hostctrl_tavormg)
                                                   PmicRead (lagavulin_spi)
                                                   PmicWrite (lagavulin_spi)
                                                   SupplySequenceRunInternal (hostctrl_common)
                                                   SysEnIsr (hostctrl_tavormg)
                                                   UpdateInterruptHost (lagavulin_api)
               calls direct
               recursive function = 0002
               CSTACK = 00000000 ( 00000018 )
    -------------------------------------------------------------------------
<CODE,LCODE> 1 (was LCODE)
  Relative segment, address: CODE C9F6 - CAB9 (0xc4 bytes), align: 1
  Segment part 19.
           ENTRY                   ADDRESS         REF BY
           =====                   =======         ======
           PadRead                 C9F6            HostCtrlTimerExpiry (hostctrl_tavormg)
                                                   SysEnIsr (hostctrl_tavormg)
               calls direct
               CSTACK = 00000000 ( 00000006 )
    -------------------------------------------------------------------------
<CODE,LCODE> 1 (was LCODE)
  Relative segment, address: CODE CBEC - CC6B (0x80 bytes), align: 1
  Segment part 21.
           ENTRY                   ADDRESS         REF BY
           =====                   =======         ======
           PadRegisterIntHandler   CBEC            HostCtrlInitProc (hostctrl_tavormg)
               calls direct
               CSTACK = 00000000 ( 00000004 )
    -------------------------------------------------------------------------
<CODE,LCODE> 1 (was LCODE)
  Relative segment, address: CODE CCEA - CD5F (0x76 bytes), align: 1
  Segment part 22.
           ENTRY                   ADDRESS         REF BY
           =====                   =======         ======
           GpioInit                CCEA            main (init)
               calls direct
               CSTACK = 00000000 ( 00000002 )
    -------------------------------------------------------------------------
DATA16_C
  Relative segment, address: CODE 61F4 - 6207 (0x14 bytes), align: 1
  Segment part 23.            Intra module refs:   PadConfig

    *************************************************************************

  FILE NAME : C:\workspace\perforce\lagavulin\armos\rocket\obj\roundrock_rev2_lagavulin\lagavulin_misc.o
  PROGRAM MODULE, NAME : lagavulin_misc

  SEGMENTS IN THE MODULE
  ======================
DATA16_Z
  Relative segment, address: DATA 0434 - 0435 (0x2 bytes), align: 1
  Segment part 6.             Intra module refs:   RimInitiateReset
                                                   WdtInit
           ENTRY                   ADDRESS         REF BY
           =====                   =======         ======
           ResetCookie             0434 
    -------------------------------------------------------------------------
DATA16_I
  Relative segment, address: DATA 00E6 - 00E6 (0x1 bytes), align: 0
  Segment part 7.             Intra module refs:   UpdateResetStat
                                                   WdtInit
           ENTRY                   ADDRESS         REF BY
           =====                   =======         ======
           ResetStat               00E6            LagavulinRegRead (lagavulin_api)
    -------------------------------------------------------------------------
DATA16_I
  Relative segment, address: DATA 00E7 - 00E7 (0x1 bytes), align: 0
  Segment part 9.             Intra module refs:   RimInitiateReset
                                                   WdtInit
           ENTRY                   ADDRESS         REF BY
           =====                   =======         ======
           ResetExtra              00E7            LagavulinRegRead (lagavulin_api)
    -------------------------------------------------------------------------
<CODE,LCODE> 1 (was LCODE)
  Relative segment, address: CODE D8E4 - D907 (0x24 bytes), align: 1
  Segment part 11.            Intra module refs:   WdtStartTimer
           ENTRY                   ADDRESS         REF BY
           =====                   =======         ======
           WdtIsr                  D8E4 
               calls direct
               CSTACK = 00000000 ( 00000002 )
    -------------------------------------------------------------------------
<CODE,LCODE> 1 (was LCODE)
  Relative segment, address: CODE D610 - D65B (0x4c bytes), align: 1
  Segment part 12.            Intra module refs:   ConfigureRstNmi
           ENTRY                   ADDRESS         REF BY
           =====                   =======         ======
           PowerFaultIsr           D610 
               calls direct
               CSTACK = 00000000 ( 00000004 )
    -------------------------------------------------------------------------
<CODE,LCODE> 1 (was LCODE)
  Relative segment, address: CODE BD5A - BDFB (0xa2 bytes), align: 1
  Segment part 14.            Intra module refs:   WdtInit
           ENTRY                   ADDRESS         REF BY
           =====                   =======         ======
           UpdateResetStat         BD5A            HostCtrlInitiateReset (hostctrl_common)
               CSTACK = 00000000 ( 00000002 )
    -------------------------------------------------------------------------
<CODE,LCODE> 1 (was LCODE)
  Relative segment, address: CODE BDFC - BF6D (0x172 bytes), align: 1
  Segment part 15.
           ENTRY                   ADDRESS         REF BY
           =====                   =======         ======
           WdtInit                 BDFC            main (init)
               calls direct
               CSTACK = 00000000 ( 00000004 )
    -------------------------------------------------------------------------
<CODE,LCODE> 1 (was LCODE)
  Relative segment, address: CODE D996 - D9AF (0x1a bytes), align: 1
  Segment part 16.
           ENTRY                   ADDRESS         REF BY
           =====                   =======         ======
           WdtStartTimer           D996            main (init)
               calls direct
               CSTACK = 00000000 ( 00000002 )
    -------------------------------------------------------------------------
<CODE,LCODE> 1 (was LCODE)
  Relative segment, address: CODE D7BE - D7EB (0x2e bytes), align: 1
  Segment part 17.
           ENTRY                   ADDRESS         REF BY
           =====                   =======         ======
           WdtHit                  D7BE            LagavulinRegWrite (lagavulin_api)
                                                   main (init)
               calls direct
               CSTACK = 00000000 ( 00000004 )
    -------------------------------------------------------------------------
<CODE,LCODE> 1 (was LCODE)
  Relative segment, address: CODE D6A4 - D6DF (0x3c bytes), align: 1
  Segment part 18.
           ENTRY                   ADDRESS         REF BY
           =====                   =======         ======
           RimInitiateReset        D6A4            HostCtrlTimerExpiry (hostctrl_tavormg)
                                                   LagavulinRegWrite (lagavulin_api)
                                                   PmicFaultHandler (hostctrl_tavormg)
                                                   QueueCallInt (msgque)
               calls direct
               CSTACK = 00000000 ( 00000004 )
    -------------------------------------------------------------------------
<CODE,LCODE> 1 (was LCODE)
  Relative segment, address: CODE D948 - D961 (0x1a bytes), align: 1
  Segment part 19.
           ENTRY                   ADDRESS         REF BY
           =====                   =======         ======
           ConfigureRstNmi         D948            main (init)
               calls direct
               CSTACK = 00000000 ( 00000002 )
    -------------------------------------------------------------------------
DATA16_ID
  Relative segment, address: CODE 63C2 - 63C2 (0x1 bytes), align: 0
  Segment part 8.             Intra module refs:   ResetStat
    -------------------------------------------------------------------------
DATA16_ID
  Relative segment, address: CODE 63C3 - 63C3 (0x1 bytes), align: 0
  Segment part 10.            Intra module refs:   ResetExtra

    *************************************************************************

  FILE NAME : C:\workspace\perforce\lagavulin\armos\rocket\obj\roundrock_rev2_lagavulin\lagavulin_timer.o
  PROGRAM MODULE, NAME : lagavulin_timer

  SEGMENTS IN THE MODULE
  ======================
DATA16_Z
  Relative segment, address: DATA 0436 - 0437 (0x2 bytes), align: 1
  Segment part 7.             Intra module refs:   RegisterHWTimerExpiry
                                                   TimerMuxHandler
           LOCAL                   ADDRESS         
           =====                   =======         
           muxTimerHandler         0436 
    -------------------------------------------------------------------------
DATA16_Z
  Relative segment, address: DATA 0438 - 0439 (0x2 bytes), align: 1
  Segment part 8.             Intra module refs:   GetHWTimerCountDword
                                                   TimerMuxHandler
           LOCAL                   ADDRESS         
           =====                   =======         
           HighWord                0438 
    -------------------------------------------------------------------------
DATA16_Z
  Relative segment, address: DATA 043A - 043B (0x2 bytes), align: 1
  Segment part 9.             Intra module refs:   GetHWTimerCountDword
                                                   TimerMuxHandler
           LOCAL                   ADDRESS         
           =====                   =======         
           Last32kValue            043A 
    -------------------------------------------------------------------------
<CODE,LCODE> 1 (was LCODE)
  Relative segment, address: CODE CF12 - CF79 (0x68 bytes), align: 1
  Segment part 10.            Intra module refs:   TimerHWInit
           ENTRY                   ADDRESS         REF BY
           =====                   =======         ======
           TimerMuxHandler         CF12 
               calls indirect
               CSTACK = 00000000 ( 00000002 )
    -------------------------------------------------------------------------
<CODE,LCODE> 1 (was LCODE)
  Relative segment, address: CODE C84C - C857 (0xc bytes), align: 1
  Segment part 11.            Intra module refs:   GetHWTimerCountDword
                                                   SetHWTimer
           ENTRY                   ADDRESS         REF BY
           =====                   =======         ======
           GetHWTimerCountWord     C84C 
               CSTACK = 00000000 ( 00000002 )
    -------------------------------------------------------------------------
<CODE,LCODE> 1 (was LCODE)
  Relative segment, address: CODE C858 - C8D3 (0x7c bytes), align: 1
  Segment part 12.
           ENTRY                   ADDRESS         REF BY
           =====                   =======         ======
           GetHWTimerCountDword    C858            HwDelay (delay)
                                                   SetTimer (timer_mux)
                                                   StopTimer (timer_mux)
                                                   expireMuxTimers (timer_mux)
               calls direct
               CSTACK = 00000000 ( 00000006 )
    -------------------------------------------------------------------------
<CODE,LCODE> 1 (was LCODE)
  Relative segment, address: CODE C8D4 - C92B (0x58 bytes), align: 1
  Segment part 13.
           ENTRY                   ADDRESS         REF BY
           =====                   =======         ======
           SetHWTimer              C8D4            setEarliest (timer_mux)
               calls direct
               CSTACK = 00000000 ( 00000006 )
    -------------------------------------------------------------------------
<CODE,LCODE> 1 (was LCODE)
  Relative segment, address: CODE D89A - D8BF (0x26 bytes), align: 1
  Segment part 14.
           ENTRY                   ADDRESS         REF BY
           =====                   =======         ======
           StopHWTimer             D89A            StopTimer (timer_mux)
                                                   expireMuxTimers (timer_mux)
               CSTACK = 00000000 ( 00000002 )
    -------------------------------------------------------------------------
<CODE,LCODE> 1 (was LCODE)
  Relative segment, address: CODE D908 - D929 (0x22 bytes), align: 1
  Segment part 15.
           ENTRY                   ADDRESS         REF BY
           =====                   =======         ======
           TimerHWInit             D908            TimerInit (timer_mux)
               calls direct
               CSTACK = 00000000 ( 00000002 )
    -------------------------------------------------------------------------
<CODE,LCODE> 1 (was LCODE)
  Relative segment, address: CODE D92A - D947 (0x1e bytes), align: 1
  Segment part 16.
           ENTRY                   ADDRESS         REF BY
           =====                   =======         ======
           TimerHWHalt             D92A            PreEnterDeepSleep (lagavulin_slowclock)
               CSTACK = 00000000 ( 00000002 )
    -------------------------------------------------------------------------
<CODE,LCODE> 1 (was LCODE)
  Relative segment, address: CODE D9B0 - D9C3 (0x14 bytes), align: 1
  Segment part 17.
           ENTRY                   ADDRESS         REF BY
           =====                   =======         ======
           RegisterHWTimerExpiry   D9B0            TimerInit (timer_mux)
               CSTACK = 00000000 ( 00000002 )

    *************************************************************************

  FILE NAME : C:\workspace\perforce\lagavulin\armos\rocket\obj\roundrock_rev2_lagavulin\lagavulin_api.o
  PROGRAM MODULE, NAME : lagavulin_api

  SEGMENTS IN THE MODULE
  ======================
DATA16_Z
  Relative segment, address: DATA 0571 - 0573 (0x3 bytes), align: 0
  Segment part 3.             Intra module refs:   ApiClearInterruptHost
                                                   ApiInit
                                                   ApiInterruptHost
                                                   LagavulinRegRead
                                                   LagavulinRegStopReceived
                                                   LagavulinRegWrite
                                                   UpdateInterruptHost
           ENTRY                   ADDRESS         REF BY
           =====                   =======         ======
           rReg                    0571 
    -------------------------------------------------------------------------
DATA16_Z
  Relative segment, address: DATA 043C - 043D (0x2 bytes), align: 1
  Segment part 4.             Intra module refs:   ApiRegRead
                                                   ApiRegWrite
                                                   ApiStopReceived
           LOCAL                   ADDRESS         
           =====                   =======         
           newTransaction          043C 
    -------------------------------------------------------------------------
DATA16_Z
  Relative segment, address: DATA 043E - 04AD (0x70 bytes), align: 1
  Segment part 5.             Intra module refs:   ApiInit
                                                   ApiRegRead
                                                   ApiRegWrite
                                                   ApiRegisterHandlers
                                                   ApiStopReceived
           LOCAL                   ADDRESS         
           =====                   =======         
           ApiHandler              043E 
    -------------------------------------------------------------------------
DATA16_Z
  Relative segment, address: DATA 0574 - 0574 (0x1 bytes), align: 0
  Segment part 6.             Intra module refs:   ApiInit
                                                   LagavulinRegRead
                                                   LagavulinRegWrite
           ENTRY                   ADDRESS         REF BY
           =====                   =======         ======
           SysFlags0               0574 
    -------------------------------------------------------------------------
<CODE,LCODE> 1 (was LCODE)
  Relative segment, address: CODE BF6E - C051 (0xe4 bytes), align: 1
  Segment part 9.
           ENTRY                   ADDRESS         REF BY
           =====                   =======         ======
           ApiInit                 BF6E            main (init)
               calls direct
               CSTACK = 00000000 ( 00000002 )
    -------------------------------------------------------------------------
<CODE,LCODE> 1 (was LCODE)
  Relative segment, address: CODE C052 - C103 (0xb2 bytes), align: 1
  Segment part 11.            Intra module refs:   ApiInit
           ENTRY                   ADDRESS         REF BY
           =====                   =======         ======
           ApiRegisterHandlers     C052            AdcInitHw (lagavulin_adc_hw)
                                                   CodeUpdateStateInit (lagavulin_updater)
               CSTACK = 00000000 ( 00000004 )
    -------------------------------------------------------------------------
<CODE,LCODE> 1 (was LCODE)
  Relative segment, address: CODE A6E2 - A71B (0x3a bytes), align: 1
  Segment part 12.            Intra module refs:   ApiClearInterruptHost
                                                   ApiInterruptHost
                                                   LagavulinRegWrite
           LOCAL                   ADDRESS         
           =====                   =======         
           UpdateInterruptHost     A6E2 
               calls direct
               CSTACK = 00000000 ( 00000002 )
    -------------------------------------------------------------------------
<CODE,LCODE> 1 (was LCODE)
  Relative segment, address: CODE A71C - A765 (0x4a bytes), align: 1
  Segment part 13.
           ENTRY                   ADDRESS         REF BY
           =====                   =======         ======
           ApiInterruptHost        A71C            PmicInterruptHandlerReal (lagavulin_pmic_intctrl)
               calls direct
               CSTACK = 00000000 ( 00000006 )
    -------------------------------------------------------------------------
<CODE,LCODE> 1 (was LCODE)
  Relative segment, address: CODE A766 - A7A1 (0x3c bytes), align: 1
  Segment part 14.
           ENTRY                   ADDRESS         REF BY
           =====                   =======         ======
           ApiClearInterruptHost   A766            PmicIntctrlRegRead (lagavulin_pmic_intctrl)
               calls direct
               CSTACK = 00000000 ( 00000004 )
    -------------------------------------------------------------------------
<CODE,LCODE> 1 (was LCODE)
  Relative segment, address: CODE A7A2 - A81F (0x7e bytes), align: 1
  Segment part 15.
           ENTRY                   ADDRESS         REF BY
           =====                   =======         ======
           ApiStopReceived         A7A2            i2cSlaveIsr (lagavulin_i2c)
               calls indirect
               CSTACK = 00000000 ( 00000002 )
    -------------------------------------------------------------------------
<CODE,LCODE> 1 (was LCODE)
  Relative segment, address: CODE A820 - A8B3 (0x94 bytes), align: 1
  Segment part 18.
           ENTRY                   ADDRESS         REF BY
           =====                   =======         ======
           ApiRegRead              A820            i2cSlaveIsr (lagavulin_i2c)
                                                   i2cSlaveRomIsr (lagavulin_i2c)
               calls indirect
               CSTACK = 00000000 ( 00000002 )
    -------------------------------------------------------------------------
<CODE,LCODE> 1 (was LCODE)
  Relative segment, address: CODE A8B4 - A941 (0x8e bytes), align: 1
  Segment part 19.
           ENTRY                   ADDRESS         REF BY
           =====                   =======         ======
           ApiRegWrite             A8B4            i2cSlaveIsr (lagavulin_i2c)
               calls indirect
               CSTACK = 00000000 ( 00000002 )
    -------------------------------------------------------------------------
<CODE,LCODE> 1 (was LCODE)
  Relative segment, address: CODE A942 - AB55 (0x214 bytes), align: 1
  Segment part 20.            Intra module refs:   ApiInit
                                                   Segment part 26
           ENTRY                   ADDRESS         REF BY
           =====                   =======         ======
           LagavulinRegRead        A942 
               calls direct
               CSTACK = 00000000 ( 00000004 )
    -------------------------------------------------------------------------
DATA16_Z
  Relative segment, address: DATA 0575 - 057C (0x8 bytes), align: 0
  Segment part 7.             Intra module refs:   LagavulinRegRead
           LOCAL                   ADDRESS         
           =====                   =======         
           LagavulinRegRead::LatchedUtcRead
                                   0575 
    -------------------------------------------------------------------------
<CODE,LCODE> 1 (was LCODE)
  Relative segment, address: CODE AB56 - AC97 (0x142 bytes), align: 1
  Segment part 21.            Intra module refs:   ApiInit
           ENTRY                   ADDRESS         REF BY
           =====                   =======         ======
           LagavulinRegWrite       AB56 
               calls direct
               CSTACK = 00000000 ( 00000002 )
    -------------------------------------------------------------------------
DATA16_Z
  Relative segment, address: DATA 057D - 0584 (0x8 bytes), align: 0
  Segment part 8.             Intra module refs:   LagavulinRegWrite
           LOCAL                   ADDRESS         
           =====                   =======         
           LagavulinRegWrite::LatchedUtcWrite
                                   057D 
    -------------------------------------------------------------------------
<CODE,LCODE> 1 (was LCODE)
  Relative segment, address: CODE CEAA - CF11 (0x68 bytes), align: 1
  Segment part 22.            Intra module refs:   ApiInit
           ENTRY                   ADDRESS         REF BY
           =====                   =======         ======
           LagavulinRegStopReceived
                                   CEAA 
               CSTACK = 00000000 ( 00000002 )
    -------------------------------------------------------------------------
[...]
<CODE,LCODE> 1 (was CODE)
  Relative segment, address: CODE 64BC - 64BF (0x4 bytes), align: 1
  Segment part 22.            Intra module refs:   ?epilogue_11
           ENTRY                   ADDRESS         REF BY
           =====                   =======         ======
           ?epilogue_10            64BC            AdcConvertHw (lagavulin_adc_hw)
                                                   EventLogAddN (eventlog)
                                                   HostCtrlPmicRegisterReset (hostctrl_common)
                                                   PmicRead (lagavulin_spi)
                                                   PmicWrite (lagavulin_spi)
                                                   QueueCallInt (msgque)
                                                   expireMuxTimers (timer_mux)
    -------------------------------------------------------------------------
<CODE,LCODE> 1 (was CODE)
  Relative segment, address: CODE 64C0 - 64C3 (0x4 bytes), align: 1
  Segment part 23.            Intra module refs:   ?epilogue_10
           ENTRY                   ADDRESS         REF BY
           =====                   =======         ======
           ?epilogue_9             64C0            ApiInterruptHost (lagavulin_api)
                                                   ExecuteCall (msgque)
                                                   GenerateCrc16 (lagavulin_crc)
                                                   GetHWTimerCountDword (lagavulin_timer)
                                                   HostCtrlDisableSupplies (hostctrl_common)
                                                   HostCtrlInitiateReset (hostctrl_common)
                                                   PadRead (lagavulin_gpio)
                                                   PmicFaultHandler (hostctrl_tavormg)
                                                   PmicRegisterIntHandler (lagavulin_pmic_intctrl)
                                                   ProcessUpdateCommand (lagavulin_updater)
                                                   SetHWTimer (lagavulin_timer)
                                                   WriteBootloaderMsg (lagavulin_updater)
                                                   i2cMasterIsr (lagavulin_i2c)
                                                   usr_doReport (mgLib)
    -------------------------------------------------------------------------
<CODE,LCODE> 1 (was CODE)
  Relative segment, address: CODE 64C4 - 64D7 (0x14 bytes), align: 1
  Segment part 24.            Intra module refs:   ?epilogue_9
           ENTRY                   ADDRESS         REF BY
           =====                   =======         ======
           ?epilogue_8             64C4            ApiClearInterruptHost (lagavulin_api)
                                                   ApiRegisterHandlers (lagavulin_api)
                                                   ConfigureFll (lagavulin_slowclock)
                                                   HostCtrlStateInit (hostctrl_tavormg)
                                                   HostCtrlTimerExpiry (hostctrl_tavormg)
                                                   I2cInit (lagavulin_i2c)
                                                   IsImageValid (lagavulin_updater)
                                                   LagavulinRegRead (lagavulin_api)
                                                   PadRegisterIntHandler (lagavulin_gpio)
                                                   PmicIntCtrlHostUninit (lagavulin_pmic_intctrl)
                                                   PmicIntctrlRegRead (lagavulin_pmic_intctrl)
                                                   PmicInterruptDisable (lagavulin_pmic_intctrl)
                                                   PmicInterruptEnable (lagavulin_pmic_intctrl)
                                                   PowerFaultIsr (lagavulin_misc)
                                                   PreEnterDeepSleep (lagavulin_slowclock)
                                                   RegisterIntHandler (lagavulin_intvector)
                                                   RimInitiateReset (lagavulin_misc)
                                                   SysEnIsr (hostctrl_tavormg)
                                                   WdtHit (lagavulin_misc)
                                                   WdtInit (lagavulin_misc)
                                                   i2cSlaveIsr (lagavulin_i2c)
                                                   i2cSlaveRomIsr (lagavulin_i2c)
                                                   usr_doFullDet (mgLib)
           ?epilogue_A             64C8            HostCtrlInit (hostctrl_common)

    -------------------------------------------------------------------------
  LIBRARY MODULE, NAME : exit

  SEGMENTS IN THE MODULE
  ======================
__aseg
  Relative segment, address: CODE 0000, align: 0
  Segment part 1. ROOT.
    -------------------------------------------------------------------------
<CODE,LCODE> 1 (was CODE)
  Relative segment, address: CODE 6574 - 6579 (0x6 bytes), align: 1
  Segment part 3.
           ENTRY                   ADDRESS         REF BY
           =====                   =======         ======
           exit                    6574            __MAIN_CALL (__MAIN_CALL)
               CSTACK = 00000002 ( 00000000 )

    -------------------------------------------------------------------------
  LIBRARY MODULE, NAME : MUL_L02

  SEGMENTS IN THE MODULE
  ======================
<CODE,LCODE> 1 (was CODE)
  Relative segment, address: CODE 653A - 654F (0x16 bytes), align: 1
  Segment part 1.
           ENTRY                   ADDRESS         REF BY
           =====                   =======         ======
           ?SS_MUL_L02             653A 
           ?US_MUL_L02             653A            ApiInit (lagavulin_api)
                                                   ApiRegRead (lagavulin_api)
                                                   ApiRegWrite (lagavulin_api)
                                                   ApiRegisterHandlers (lagavulin_api)
                                                   ApiStopReceived (lagavulin_api)
                                                   EventLogAdd (eventlog)
                                                   ExecuteCall (msgque)
                                                   GpioHandler (lagavulin_gpio)
                                                   GpioInit (lagavulin_gpio)
                                                   InterruptControllerInit (lagavulin_intvector)
                                                   LagavulinRegRead (lagavulin_api)
                                                   PadRegisterIntHandler (lagavulin_gpio)
                                                   PmicIntCtrlInit (lagavulin_pmic_intctrl)
                                                   PmicInterruptDisable (lagavulin_pmic_intctrl)
                                                   PmicInterruptEnable (lagavulin_pmic_intctrl)
                                                   PmicInterruptHandlerReal (lagavulin_pmic_intctrl)
                                                   PmicRegisterIntHandler (lagavulin_pmic_intctrl)
                                                   ProcessUpdateCommand (lagavulin_updater)
                                                   QueueCallInt (msgque)
                                                   RegisterIntHandler (lagavulin_intvector)
                                                   RegisterTimerExpiry (timer_mux)
                                                   SetTimer (timer_mux)
                                                   StopTimer (timer_mux)
                                                   SupplySequenceRunInternal (hostctrl_common)
                                                   TimerInit (timer_mux)
                                                   expireMuxTimers (timer_mux)
                                                   getIsr (lagavulin_intvector)
                                                   hwInitI2c (lagavulin_i2c)
                                                   i2cIsrHandler (lagavulin_i2c)
                                                   i2cMasterIsr (lagavulin_i2c)
                                                   i2cSlaveDummyIsr (lagavulin_i2c)
                                                   i2cSlaveIsr (lagavulin_i2c)
                                                   i2cSlaveRomIsr (lagavulin_i2c)
                                                   initModelGauge (mgLib)
                                                   unSetTimer (timer_mux)

    -------------------------------------------------------------------------
  LIBRARY MODULE, NAME : MUL_L03

  SEGMENTS IN THE MODULE
  ======================
<CODE,LCODE> 1 (was CODE)
  Relative segment, address: CODE 64D8 - 64FB (0x24 bytes), align: 1
  Segment part 1.
           ENTRY                   ADDRESS         REF BY
           =====                   =======         ======
           ?SL_MUL_L03             64D8 
           ?UL_MUL_L03             64D8            exeModelGauge (mgLib)

    -------------------------------------------------------------------------
  LIBRARY MODULE, NAME : UL_SHL_L03

  SEGMENTS IN THE MODULE
  ======================
<CODE,LCODE> 1 (was CODE)
  Relative segment, address: CODE 6550 - 655B (0xc bytes), align: 1
  Segment part 1.
           ENTRY                   ADDRESS         REF BY
           =====                   =======         ======
           ?UL_SHL_L03             6550            GetHWTimerCountDword (lagavulin_timer)
                                                   exeModelGauge (mgLib)
                                                   initModelGauge (mgLib)

    -------------------------------------------------------------------------
  LIBRARY MODULE, NAME : SL_SHR_L03

  SEGMENTS IN THE MODULE
  ======================
<CODE,LCODE> 1 (was CODE)
  Relative segment, address: CODE 655C - 6567 (0xc bytes), align: 1
  Segment part 1.
           ENTRY                   ADDRESS         REF BY
           =====                   =======         ======
           ?SL_SHR_L03             655C            usr_doFullDet (mgLib)
                                                   usr_doReport (mgLib)

    -------------------------------------------------------------------------
  LIBRARY MODULE, NAME : UL_SHR_L03

  SEGMENTS IN THE MODULE
  ======================
<CODE,LCODE> 1 (was CODE)
  Relative segment, address: CODE 6568 - 6573 (0xc bytes), align: 1
  Segment part 1.
           ENTRY                   ADDRESS         REF BY
           =====                   =======         ======
           ?UL_SHR_L03             6568            AdcRawCb (lagavulin_adc_hw)
                                                   usr_doFullDet (mgLib)
                                                   usr_doReport (mgLib)

    -------------------------------------------------------------------------
  LIBRARY MODULE, NAME : Q20_DivideRaw

  SEGMENTS IN THE MODULE
  ======================
__aseg
  Relative segment, address: CODE 0000, align: 0
  Segment part 1. ROOT.
    -------------------------------------------------------------------------
<CODE,LCODE> 1 (was CODE)
  Relative segment, address: CODE 6428 - 6469 (0x42 bytes), align: 1
  Segment part 2.
           ENTRY                   ADDRESS         REF BY
           =====                   =======         ======
           Q20_DivideRaw_add       643E 
           Q20_DivideRaw_sub       6428            ?UL_DIV_L03 (UL_DIV_L03)

    -------------------------------------------------------------------------
  LIBRARY MODULE, NAME : ?move_long_l

  SEGMENTS IN THE MODULE
  ======================
<CODE,LCODE> 1 (was CODE)
  Relative segment, address: CODE 64FC - 651F (0x24 bytes), align: 1
  Segment part 1.
           ENTRY                   ADDRESS         REF BY
           =====                   =======         ======
           ?move_long_l            64FC            HostCtrlDisableSupplies (hostctrl_common)
                                                   HostCtrlInitiateReset (hostctrl_common)
                                                   PmicFaultHandler (hostctrl_tavormg)

    -------------------------------------------------------------------------
  LIBRARY MODULE, NAME : SL_DIV_L03

  SEGMENTS IN THE MODULE
  ======================
__aseg
  Relative segment, address: CODE 0000, align: 0
  Segment part 1. ROOT.
    -------------------------------------------------------------------------
<CODE,LCODE> 1 (was CODE)
  Relative segment, address: CODE 646A - 64A7 (0x3e bytes), align: 1
  Segment part 2.
           ENTRY                   ADDRESS         REF BY
           =====                   =======         ======
           ?SL_DIV_L03             646A            exeModelGauge (mgLib)

    -------------------------------------------------------------------------
  LIBRARY MODULE, NAME : UL_DIV_L03

  SEGMENTS IN THE MODULE
  ======================
__aseg
  Relative segment, address: CODE 0000, align: 0
  Segment part 1. ROOT.
    -------------------------------------------------------------------------
<CODE,LCODE> 1 (was CODE)
  Relative segment, address: CODE 6520 - 6539 (0x1a bytes), align: 1
  Segment part 2.
           ENTRY                   ADDRESS         REF BY
           =====                   =======         ======
           ?UL_DIV_L03             6520            ?SL_DIV_L03 (SL_DIV_L03)
                                                   exeModelGauge (mgLib)

    -------------------------------------------------------------------------
  LIBRARY MODULE, NAME : ?MEMCPY

  SEGMENTS IN THE MODULE
  ======================
<CODE,LCODE> 1 (was LCODE)
  Relative segment, address: CODE D872 - D899 (0x28 bytes), align: 1
  Segment part 2.
           ENTRY                   ADDRESS         REF BY
           =====                   =======         ======
           memcpy                  D872            EventLogInit (eventlog)
               CSTACK = 00000000 ( 00000002 )

    -------------------------------------------------------------------------
  LIBRARY MODULE, NAME : ?MEMSET

  SEGMENTS IN THE MODULE
  ======================
<CODE,LCODE> 1 (was LCODE)
  Relative segment, address: CODE D97C - D995 (0x1a bytes), align: 1
  Segment part 2.
           ENTRY                   ADDRESS         REF BY
           =====                   =======         ======
           memset                  D97C            EventLogInit (eventlog)
               CSTACK = 00000000 ( 00000002 )




                ****************************************
                *                                      *
                *      SEGMENTS IN ADDRESS ORDER       *
                *                                      *
                ****************************************


SEGMENT              SPACE    START ADDRESS   END ADDRESS     SIZE  TYPE  ALIGN
=======              =====    =============   ===========     ====  ====  =====
__aseg               CODE                 0000                       rel    0
BOOT_MANAGER         CODE              3E00 - 3E05               6   rel    1
__ULDR_PASSWORD      CODE              4000 - 4007               8   rel    0
                     CODE              401E - 403F              22 
ULDR_SECTOR          CODE              4040 - 4BF1             BB2   rel    1
INTVEC               CODE              6040 - 6043               4   rel    0
USR_MG_VECTOR        CODE              6044 - 6047               4   rel    0
INTVEC               CODE              6050 - 6053               4   rel    0
USR_MG_VECTOR        CODE              6054 - 605F               C   rel    0
INTVEC               CODE              6060 - 6063               4   rel    0
USR_MG_VECTOR        CODE              6064 - 606F               C   rel    0
INTVEC               CODE              6070 - 6073               4   rel    0
USR_MG_VECTOR        CODE              6074 - 607F               C   rel    0
INTVEC               CODE              6080 - 6083               4   rel    0
USR_MG_VECTOR        CODE              6084 - 608F               C   rel    0
INTVEC               CODE              6090 - 6093               4   rel    0
USR_MG_VECTOR        CODE              6094 - 609F               C   rel    0
INTVEC               CODE              60A0 - 60A3               4   rel    0
USR_MG_VECTOR        CODE              60A4 - 60AF               C   rel    0
INTVEC               CODE              60B0 - 60B3               4   rel    0
USR_MG_VECTOR        CODE              60B4 - 60BF               C   rel    0
INTVEC               CODE              60C0 - 60C3               4   rel    0
USR_MG_VECTOR        CODE              60C4 - 60CF               C   rel    0
INTVEC               CODE              60D0 - 60D3               4   rel    0
USR_MG_VECTOR        CODE              60D4 - 60DF               C   rel    0
INTVEC               CODE              60E0 - 60E3               4   rel    0
USR_MG_VECTOR        CODE              60E4 - 60EF               C   rel    0
INTVEC               CODE              60F0 - 60F3               4   rel    0
USR_MG_VECTOR        CODE              60F4 - 60FF               C   rel    0
INTVEC               CODE              6100 - 6103               4   rel    0
USR_MG_VECTOR        CODE                 6104                       rel    0
INTVEC               CODE              6110 - 6113               4   rel    0
USR_MG_VECTOR        CODE                 6114                       rel    0
INTVEC               CODE              6120 - 6123               4   rel    0
USR_MG_VECTOR        CODE                 6124                       rel    0
INTVEC               CODE              6130 - 6133               4   rel    0
USR_MG_VECTOR        CODE                 6134                       rel    0
RCODE                CODE                 6140                       rel    0
RCODE                CODE              6140 - 6187              48   rel    1
DATA16_C             CODE              6188 - 637D             1F6   rel    1
DATA16_ID            CODE              637E - 63C4              47   rel    1
<CODE> 1             CODE              63C5 - 6426              62   rel    0
<CODE,LCODE> 1       CODE              6428 - DA0D            75E6   rel    1
BOOT_IMAGE_INFO      CODE          00011FEA - 00011FFB          12   rel    1
APP_IMAGE_INFO       CODE          0001FFEA - 0001FFFB          12   rel    1
BOOT_LOADER_MSG      CODE          0001FFFC - 0001FFFF           4   rel    1
DATA16_AN            DATA              0002 - 008D              8C   rel    0
DATA16_I             DATA              00A2 - 00E8              47   rel    1
DATA16_Z             DATA              00EA - 0597             4AE   rel    1
DATA16_N             DATA              0598 - 05A1               A   rel    1
CSTACK               DATA              1DCD - 1FC0             1F4   rel    0

                ****************************************
                *                                      *
                *        END OF CROSS REFERENCE        *
                *                                      *
                ****************************************

 33 965 bytes of CODE memory (+ 242 absolute )
  1 779 bytes of DATA memory (+ 140 absolute )

Errors: none
Warnings: none

